main.c:406:6:chk_sec.part.3	0	static
main.c:122:9:CDC_TX_STR	8	static
main.c:143:5:_write	8	static
main.c:295:6:SystemClock_Config	88	static
main.c:163:5:main	112	static
main.c:380:6:sys_ini	0	static
main.c:384:6:chk_25ms	0	static
main.c:390:6:chk_100ms	0	static
main.c:397:6:chk_500ms	0	static
main.c:406:6:chk_sec	0	static
main.c:413:6:chk_tim	8	static
main.c:436:6:HAL_TIM_PeriodElapsedCallback	16	static
main.c:515:6:HAL_RTC_AlarmAEventCallback	0	static
main.c:521:6:HAL_GPIO_EXTI_Callback	0	static
main.c:534:6:set_Date_Time	32	static
main.c:557:6:set_Alarm_Time	16	static
main.c:487:6:uart2_read_command	16	static
main.c:462:6:HAL_UART_RxCpltCallback	16	static
main.c:578:6:_Error_Handler	0	static
