stm32f1xx_it.c:60:6:NMI_Handler	0	static
stm32f1xx_it.c:73:6:HardFault_Handler	0	static
stm32f1xx_it.c:91:6:MemManage_Handler	0	static
stm32f1xx_it.c:109:6:BusFault_Handler	0	static
stm32f1xx_it.c:127:6:UsageFault_Handler	0	static
stm32f1xx_it.c:145:6:SVC_Handler	0	static
stm32f1xx_it.c:158:6:DebugMon_Handler	0	static
stm32f1xx_it.c:171:6:PendSV_Handler	0	static
stm32f1xx_it.c:184:6:SysTick_Handler	8	static
stm32f1xx_it.c:206:6:DMA1_Channel4_IRQHandler	0	static
stm32f1xx_it.c:220:6:DMA1_Channel5_IRQHandler	0	static
stm32f1xx_it.c:234:6:USB_LP_CAN1_RX0_IRQHandler	0	static
stm32f1xx_it.c:248:6:TIM2_IRQHandler	0	static
stm32f1xx_it.c:262:6:TIM4_IRQHandler	0	static
stm32f1xx_it.c:276:6:I2C2_EV_IRQHandler	0	static
stm32f1xx_it.c:290:6:I2C2_ER_IRQHandler	0	static
stm32f1xx_it.c:304:6:USART1_IRQHandler	0	static
stm32f1xx_it.c:318:6:USART2_IRQHandler	0	static
stm32f1xx_it.c:332:6:EXTI15_10_IRQHandler	8	static
stm32f1xx_it.c:349:6:RTC_Alarm_IRQHandler	0	static
