uart.c:32:6:HAL_UART_RxCpltCallback	8	static
uart.c:56:6:HAL_UART_TxCpltCallback	16	static
uart.c:80:6:uart_begin	8	static
uart.c:91:9:uart1_read	0	static
uart.c:103:6:uart1_write	16	static
uart.c:117:6:uart1_print_str	8	static
uart.c:125:9:uart1_available	0	static
uart.c:130:6:uart1_flush	0	static
uart.c:137:9:uart2_read	0	static
uart.c:149:6:uart2_write	16	static
uart.c:161:6:uart2_print_str	8	static
uart.c:169:9:uart2_available	0	static
uart.c:174:6:uart2_flush	0	static
uart.c:181:5:_write	16	static
