stm32l4xx_hal_rng.c:202:13:HAL_RNG_MspInit	0	static
stm32l4xx_hal_rng.c:116:19:HAL_RNG_Init	8	static
stm32l4xx_hal_rng.c:217:13:HAL_RNG_MspDeInit	0	static
stm32l4xx_hal_rng.c:165:19:HAL_RNG_DeInit	8	static
stm32l4xx_hal_rng.c:256:19:HAL_RNG_GenerateRandomNumber	24	static
stm32l4xx_hal_rng.c:309:19:HAL_RNG_GenerateRandomNumber_IT	0	static
stm32l4xx_hal_rng.c:401:10:HAL_RNG_GetRandomNumber	8	static
stm32l4xx_hal_rng.c:420:10:HAL_RNG_GetRandomNumber_IT	0	static
stm32l4xx_hal_rng.c:447:10:HAL_RNG_ReadLastRandomNumber	0	static
stm32l4xx_hal_rng.c:458:13:HAL_RNG_ReadyDataCallback	0	static
stm32l4xx_hal_rng.c:474:13:HAL_RNG_ErrorCallback	0	static
stm32l4xx_hal_rng.c:359:6:HAL_RNG_IRQHandler	8	static
stm32l4xx_hal_rng.c:507:22:HAL_RNG_GetState	0	static
