stm32l4xx_hal_cortex.c:180:6:HAL_NVIC_SetPriorityGrouping	0	static
stm32l4xx_hal_cortex.c:202:6:HAL_NVIC_SetPriority	12	static
stm32l4xx_hal_cortex.c:224:6:HAL_NVIC_EnableIRQ	0	static
stm32l4xx_hal_cortex.c:240:6:HAL_NVIC_DisableIRQ	0	static
stm32l4xx_hal_cortex.c:253:6:HAL_NVIC_SystemReset	0	static
stm32l4xx_hal_cortex.c:266:10:HAL_SYSTICK_Config	0	static
stm32l4xx_hal_cortex.c:294:10:HAL_NVIC_GetPriorityGrouping	0	static
stm32l4xx_hal_cortex.c:321:6:HAL_NVIC_GetPriority	16	static
stm32l4xx_hal_cortex.c:336:6:HAL_NVIC_SetPendingIRQ	0	static
stm32l4xx_hal_cortex.c:351:10:HAL_NVIC_GetPendingIRQ	0	static
stm32l4xx_hal_cortex.c:364:6:HAL_NVIC_ClearPendingIRQ	0	static
stm32l4xx_hal_cortex.c:378:10:HAL_NVIC_GetActive	0	static
stm32l4xx_hal_cortex.c:392:6:HAL_SYSTICK_CLKSourceConfig	0	static
stm32l4xx_hal_cortex.c:419:13:HAL_SYSTICK_Callback	0	static
stm32l4xx_hal_cortex.c:410:6:HAL_SYSTICK_IRQHandler	8	static
stm32l4xx_hal_cortex.c:433:6:HAL_MPU_ConfigRegion	8	static
