stm32l1xx_hal_rtc_ex.c:251:19:HAL_RTC_GetTime	16	static
stm32l1xx_hal_rtc_ex.c:306:19:HAL_RTC_SetAlarm	32	static
stm32l1xx_hal_rtc_ex.c:503:19:HAL_RTC_SetAlarm_IT	32	static
stm32l1xx_hal_rtc_ex.c:705:19:HAL_RTC_GetAlarm	16	static
stm32l1xx_hal_rtc_ex.c:794:19:HAL_RTC_WaitForSynchro	16	static
stm32l1xx_hal_rtc_ex.c:127:19:HAL_RTC_DeInit	16	static
stm32l1xx_hal_rtc_ex.c:870:19:HAL_RTCEx_SetTimeStamp	0	static
stm32l1xx_hal_rtc_ex.c:921:19:HAL_RTCEx_SetTimeStamp_IT	0	static
stm32l1xx_hal_rtc_ex.c:971:19:HAL_RTCEx_DeactivateTimeStamp	0	static
stm32l1xx_hal_rtc_ex.c:1015:19:HAL_RTCEx_GetTimeStamp	24	static
stm32l1xx_hal_rtc_ex.c:1069:19:HAL_RTCEx_SetTamper	0	static
stm32l1xx_hal_rtc_ex.c:1131:19:HAL_RTCEx_SetTamper_IT	0	static
stm32l1xx_hal_rtc_ex.c:1200:19:HAL_RTCEx_DeactivateTamper	0	static
stm32l1xx_hal_rtc_ex.c:1299:13:HAL_RTCEx_TimeStampEventCallback	0	static
stm32l1xx_hal_rtc_ex.c:1315:13:HAL_RTCEx_Tamper1EventCallback	0	static
stm32l1xx_hal_rtc_ex.c:1226:6:HAL_RTCEx_TamperTimeStampIRQHandler	8	static
stm32l1xx_hal_rtc_ex.c:1365:19:HAL_RTCEx_PollForTimeStampEvent	16	static
stm32l1xx_hal_rtc_ex.c:1405:19:HAL_RTCEx_PollForTamper1Event	16	static
stm32l1xx_hal_rtc_ex.c:1523:19:HAL_RTCEx_SetWakeUpTimer	24	static
stm32l1xx_hal_rtc_ex.c:1612:19:HAL_RTCEx_SetWakeUpTimer_IT	24	static
stm32l1xx_hal_rtc_ex.c:1712:10:HAL_RTCEx_DeactivateWakeUpTimer	16	static
stm32l1xx_hal_rtc_ex.c:1765:10:HAL_RTCEx_GetWakeUpTimer	0	static
stm32l1xx_hal_rtc_ex.c:1803:13:HAL_RTCEx_WakeUpTimerEventCallback	0	static
stm32l1xx_hal_rtc_ex.c:1777:6:HAL_RTCEx_WakeUpTimerIRQHandler	8	static
stm32l1xx_hal_rtc_ex.c:1820:19:HAL_RTCEx_PollForWakeUpTimerEvent	16	static
stm32l1xx_hal_rtc_ex.c:1886:6:HAL_RTCEx_BKUPWrite	0	static
stm32l1xx_hal_rtc_ex.c:1909:10:HAL_RTCEx_BKUPRead	0	static
stm32l1xx_hal_rtc_ex.c:1940:19:HAL_RTCEx_SetCoarseCalib	24	static
stm32l1xx_hal_rtc_ex.c:1998:19:HAL_RTCEx_DeactivateCoarseCalib	16	static
stm32l1xx_hal_rtc_ex.c:2234:19:HAL_RTCEx_SetCalibrationOutPut	0	static
stm32l1xx_hal_rtc_ex.c:2278:19:HAL_RTCEx_DeactivateCalibrationOutPut	0	static
stm32l1xx_hal_rtc_ex.c:2308:19:HAL_RTCEx_SetRefClock	16	static
stm32l1xx_hal_rtc_ex.c:2358:19:HAL_RTCEx_DeactivateRefClock	16	static
stm32l1xx_hal_rtc_ex.c:2495:13:HAL_RTCEx_AlarmBEventCallback	0	static
stm32l1xx_hal_rtc_ex.c:2512:19:HAL_RTCEx_PollForAlarmBEvent	16	static
