stm32l4xx_ll_adc.h:4682:22:LL_ADC_SetChannelSamplingTime	16	static
stm32l4xx_hal_adc_ex.c:145:19:HAL_ADCEx_Calibration_Start	16	static
stm32l4xx_hal_adc_ex.c:224:10:HAL_ADCEx_Calibration_GetValue	0	static
stm32l4xx_hal_adc_ex.c:251:19:HAL_ADCEx_Calibration_SetValue	12	static
stm32l4xx_hal_adc_ex.c:307:19:HAL_ADCEx_InjectedStart	8	static
stm32l4xx_hal_adc_ex.c:438:19:HAL_ADCEx_InjectedStop	8	static
stm32l4xx_hal_adc_ex.c:493:19:HAL_ADCEx_InjectedPollForConversion	24	static
stm32l4xx_hal_adc_ex.c:614:19:HAL_ADCEx_InjectedStart_IT	8	static
stm32l4xx_hal_adc_ex.c:767:19:HAL_ADCEx_InjectedStop_IT	8	static
stm32l4xx_hal_adc_ex.c:1102:10:HAL_ADCEx_InjectedGetValue	0	static
stm32l4xx_hal_adc_ex.c:1137:13:HAL_ADCEx_InjectedConvCpltCallback	0	static
stm32l4xx_hal_adc_ex.c:1156:13:HAL_ADCEx_InjectedQueueOverflowCallback	0	static
stm32l4xx_hal_adc_ex.c:1171:13:HAL_ADCEx_LevelOutOfWindow2Callback	0	static
stm32l4xx_hal_adc_ex.c:1186:13:HAL_ADCEx_LevelOutOfWindow3Callback	0	static
stm32l4xx_hal_adc_ex.c:1202:13:HAL_ADCEx_EndOfSamplingCallback	0	static
stm32l4xx_hal_adc_ex.c:1219:19:HAL_ADCEx_RegularStop	8	static
stm32l4xx_hal_adc_ex.c:1277:19:HAL_ADCEx_RegularStop_IT	8	static
stm32l4xx_hal_adc_ex.c:1337:19:HAL_ADCEx_RegularStop_DMA	16	static
stm32l4xx_hal_adc_ex.c:1593:19:HAL_ADCEx_InjectedConfigChannel	24	static
stm32l4xx_hal_adc_ex.c:2125:19:HAL_ADCEx_EnableInjectedQueue	0	static
stm32l4xx_hal_adc_ex.c:2152:19:HAL_ADCEx_DisableInjectedQueue	0	static
stm32l4xx_hal_adc_ex.c:2175:19:HAL_ADCEx_DisableVoltageRegulator	0	static
stm32l4xx_hal_adc_ex.c:2205:19:HAL_ADCEx_EnterADCDeepPowerDownMode	0	static
