stm32l4xx_ll_adc.h:4682:22:LL_ADC_SetChannelSamplingTime	16	static
stm32l4xx_ll_adc.h:5060:22:LL_ADC_SetAnalogWDMonitChannels	12	static
stm32l4xx_hal_adc.c:901:13:HAL_ADC_MspInit	0	static
stm32l4xx_hal_adc.c:418:19:HAL_ADC_Init	24	static
stm32l4xx_hal_adc.c:918:13:HAL_ADC_MspDeInit	0	static
stm32l4xx_hal_adc.c:1376:19:HAL_ADC_PollForConversion	24	static
stm32l4xx_hal_adc.c:1526:19:HAL_ADC_PollForEvent	24	static
stm32l4xx_hal_adc.c:2102:10:HAL_ADC_GetValue	0	static
stm32l4xx_hal_adc.c:2464:13:HAL_ADC_ConvCpltCallback	0	static
stm32l4xx_hal_adc.c:2479:13:HAL_ADC_ConvHalfCpltCallback	0	static
stm32l4xx_hal_adc.c:3398:6:ADC_DMAHalfConvCplt	8	static
stm32l4xx_hal_adc.c:2494:13:HAL_ADC_LevelOutOfWindowCallback	0	static
stm32l4xx_hal_adc.c:2516:13:HAL_ADC_ErrorCallback	0	static
stm32l4xx_hal_adc.c:2119:6:HAL_ADC_IRQHandler	16	static
stm32l4xx_hal_adc.c:3320:6:ADC_DMAConvCplt	8	static
stm32l4xx_hal_adc.c:3416:6:ADC_DMAError	8	static
stm32l4xx_hal_adc.c:2562:19:HAL_ADC_ConfigChannel	32	static
stm32l4xx_hal_adc.c:2792:19:HAL_ADC_AnalogWDGConfig	24	static
stm32l4xx_hal_adc.c:3023:10:HAL_ADC_GetState	0	static
stm32l4xx_hal_adc.c:3037:10:HAL_ADC_GetError	0	static
stm32l4xx_hal_adc.c:3067:19:ADC_ConversionStop	16	static
stm32l4xx_hal_adc.c:3187:19:ADC_Enable	24	static
stm32l4xx_hal_adc.c:1207:19:HAL_ADC_Start	16	static
stm32l4xx_hal_adc.c:1670:19:HAL_ADC_Start_IT	16	static
stm32l4xx_hal_adc.c:1894:19:HAL_ADC_Start_DMA	24	static
stm32l4xx_hal_adc.c:3265:19:ADC_Disable	16	static
stm32l4xx_hal_adc.c:711:19:HAL_ADC_DeInit	8	static
stm32l4xx_hal_adc.c:1322:19:HAL_ADC_Stop	8	static
stm32l4xx_hal_adc.c:1841:19:HAL_ADC_Stop_IT	8	static
stm32l4xx_hal_adc.c:2020:19:HAL_ADC_Stop_DMA	16	static
