Archive member included to satisfy reference by file (symbol)

c:/program files (x86)/atollic/truestudio for stm32 9.0.1/armtools/bin/../lib/gcc/arm-atollic-eabi/6.3.1/../../../../arm-atollic-eabi/lib/armv7-m\libc_nano.a(lib_a-init.o)
                              startup\startup_stm32l151xb.o (__libc_init_array)

Allocating common symbols
Common symbol       size              file

uwTick              0x4               Drivers\STM32L1xx_HAL_Driver\Src\stm32l1xx_hal.o
pFlash              0x18              Drivers\STM32L1xx_HAL_Driver\Src\stm32l1xx_hal_flash.o
huart2              0x40              Src\main.o

Discarded input sections

 .text          0x00000000        0x0 c:/program files (x86)/atollic/truestudio for stm32 9.0.1/armtools/bin/../lib/gcc/arm-atollic-eabi/6.3.1/armv7-m/crti.o
 .data          0x00000000        0x0 c:/program files (x86)/atollic/truestudio for stm32 9.0.1/armtools/bin/../lib/gcc/arm-atollic-eabi/6.3.1/armv7-m/crti.o
 .bss           0x00000000        0x0 c:/program files (x86)/atollic/truestudio for stm32 9.0.1/armtools/bin/../lib/gcc/arm-atollic-eabi/6.3.1/armv7-m/crti.o
 .data          0x00000000        0x4 c:/program files (x86)/atollic/truestudio for stm32 9.0.1/armtools/bin/../lib/gcc/arm-atollic-eabi/6.3.1/armv7-m/crtbegin.o
 .text          0x00000000        0x0 Drivers\STM32L1xx_HAL_Driver\Src\stm32l1xx_hal.o
 .data          0x00000000        0x0 Drivers\STM32L1xx_HAL_Driver\Src\stm32l1xx_hal.o
 .bss           0x00000000        0x0 Drivers\STM32L1xx_HAL_Driver\Src\stm32l1xx_hal.o
 .text.HAL_MspInit
                0x00000000        0x2 Drivers\STM32L1xx_HAL_Driver\Src\stm32l1xx_hal.o
 .text.HAL_MspDeInit
                0x00000000        0x2 Drivers\STM32L1xx_HAL_Driver\Src\stm32l1xx_hal.o
 .text.HAL_DeInit
                0x00000000       0x24 Drivers\STM32L1xx_HAL_Driver\Src\stm32l1xx_hal.o
 .text.HAL_Delay
                0x00000000       0x1a Drivers\STM32L1xx_HAL_Driver\Src\stm32l1xx_hal.o
 .text.HAL_SuspendTick
                0x00000000       0x10 Drivers\STM32L1xx_HAL_Driver\Src\stm32l1xx_hal.o
 .text.HAL_ResumeTick
                0x00000000       0x10 Drivers\STM32L1xx_HAL_Driver\Src\stm32l1xx_hal.o
 .text.HAL_GetHalVersion
                0x00000000        0x8 Drivers\STM32L1xx_HAL_Driver\Src\stm32l1xx_hal.o
 .text.HAL_GetREVID
                0x00000000        0xc Drivers\STM32L1xx_HAL_Driver\Src\stm32l1xx_hal.o
 .text.HAL_GetDEVID
                0x00000000       0x10 Drivers\STM32L1xx_HAL_Driver\Src\stm32l1xx_hal.o
 .text.HAL_DBGMCU_EnableDBGSleepMode
                0x00000000       0x10 Drivers\STM32L1xx_HAL_Driver\Src\stm32l1xx_hal.o
 .text.HAL_DBGMCU_DisableDBGSleepMode
                0x00000000       0x10 Drivers\STM32L1xx_HAL_Driver\Src\stm32l1xx_hal.o
 .text.HAL_DBGMCU_EnableDBGStopMode
                0x00000000       0x10 Drivers\STM32L1xx_HAL_Driver\Src\stm32l1xx_hal.o
 .text.HAL_DBGMCU_DisableDBGStopMode
                0x00000000       0x10 Drivers\STM32L1xx_HAL_Driver\Src\stm32l1xx_hal.o
 .text.HAL_DBGMCU_EnableDBGStandbyMode
                0x00000000       0x10 Drivers\STM32L1xx_HAL_Driver\Src\stm32l1xx_hal.o
 .text.HAL_DBGMCU_DisableDBGStandbyMode
                0x00000000       0x10 Drivers\STM32L1xx_HAL_Driver\Src\stm32l1xx_hal.o
 .text          0x00000000        0x0 Drivers\STM32L1xx_HAL_Driver\Src\stm32l1xx_hal_cortex.o
 .data          0x00000000        0x0 Drivers\STM32L1xx_HAL_Driver\Src\stm32l1xx_hal_cortex.o
 .bss           0x00000000        0x0 Drivers\STM32L1xx_HAL_Driver\Src\stm32l1xx_hal_cortex.o
 .text.HAL_NVIC_EnableIRQ
                0x00000000       0x18 Drivers\STM32L1xx_HAL_Driver\Src\stm32l1xx_hal_cortex.o
 .text.HAL_NVIC_DisableIRQ
                0x00000000       0x1c Drivers\STM32L1xx_HAL_Driver\Src\stm32l1xx_hal_cortex.o
 .text.HAL_NVIC_SystemReset
                0x00000000       0x24 Drivers\STM32L1xx_HAL_Driver\Src\stm32l1xx_hal_cortex.o
 .text.HAL_MPU_Enable
                0x00000000       0x18 Drivers\STM32L1xx_HAL_Driver\Src\stm32l1xx_hal_cortex.o
 .text.HAL_MPU_Disable
                0x00000000       0x10 Drivers\STM32L1xx_HAL_Driver\Src\stm32l1xx_hal_cortex.o
 .text.HAL_MPU_ConfigRegion
                0x00000000       0x50 Drivers\STM32L1xx_HAL_Driver\Src\stm32l1xx_hal_cortex.o
 .text.HAL_NVIC_GetPriorityGrouping
                0x00000000       0x10 Drivers\STM32L1xx_HAL_Driver\Src\stm32l1xx_hal_cortex.o
 .text.HAL_NVIC_GetPriority
                0x00000000       0x5c Drivers\STM32L1xx_HAL_Driver\Src\stm32l1xx_hal_cortex.o
 .text.HAL_NVIC_SetPendingIRQ
                0x00000000       0x1c Drivers\STM32L1xx_HAL_Driver\Src\stm32l1xx_hal_cortex.o
 .text.HAL_NVIC_GetPendingIRQ
                0x00000000       0x1c Drivers\STM32L1xx_HAL_Driver\Src\stm32l1xx_hal_cortex.o
 .text.HAL_NVIC_ClearPendingIRQ
                0x00000000       0x1c Drivers\STM32L1xx_HAL_Driver\Src\stm32l1xx_hal_cortex.o
 .text.HAL_NVIC_GetActive
                0x00000000       0x1c Drivers\STM32L1xx_HAL_Driver\Src\stm32l1xx_hal_cortex.o
 .text          0x00000000        0x0 Drivers\STM32L1xx_HAL_Driver\Src\stm32l1xx_hal_dma.o
 .data          0x00000000        0x0 Drivers\STM32L1xx_HAL_Driver\Src\stm32l1xx_hal_dma.o
 .bss           0x00000000        0x0 Drivers\STM32L1xx_HAL_Driver\Src\stm32l1xx_hal_dma.o
 .text.HAL_DMA_Init
                0x00000000       0x70 Drivers\STM32L1xx_HAL_Driver\Src\stm32l1xx_hal_dma.o
 .text.HAL_DMA_DeInit
                0x00000000       0x4c Drivers\STM32L1xx_HAL_Driver\Src\stm32l1xx_hal_dma.o
 .text.HAL_DMA_Start
                0x00000000       0x5e Drivers\STM32L1xx_HAL_Driver\Src\stm32l1xx_hal_dma.o
 .text.HAL_DMA_Start_IT
                0x00000000       0x7c Drivers\STM32L1xx_HAL_Driver\Src\stm32l1xx_hal_dma.o
 .text.HAL_DMA_Abort
                0x00000000       0x2c Drivers\STM32L1xx_HAL_Driver\Src\stm32l1xx_hal_dma.o
 .text.HAL_DMA_Abort_IT
                0x00000000       0x48 Drivers\STM32L1xx_HAL_Driver\Src\stm32l1xx_hal_dma.o
 .text.HAL_DMA_PollForTransfer
                0x00000000       0xc6 Drivers\STM32L1xx_HAL_Driver\Src\stm32l1xx_hal_dma.o
 .text.HAL_DMA_IRQHandler
                0x00000000       0x90 Drivers\STM32L1xx_HAL_Driver\Src\stm32l1xx_hal_dma.o
 .text.HAL_DMA_RegisterCallback
                0x00000000       0x46 Drivers\STM32L1xx_HAL_Driver\Src\stm32l1xx_hal_dma.o
 .text.HAL_DMA_UnRegisterCallback
                0x00000000       0x4e Drivers\STM32L1xx_HAL_Driver\Src\stm32l1xx_hal_dma.o
 .text.HAL_DMA_GetState
                0x00000000        0x6 Drivers\STM32L1xx_HAL_Driver\Src\stm32l1xx_hal_dma.o
 .text.HAL_DMA_GetError
                0x00000000        0x4 Drivers\STM32L1xx_HAL_Driver\Src\stm32l1xx_hal_dma.o
 .debug_info    0x00000000     0x1026 Drivers\STM32L1xx_HAL_Driver\Src\stm32l1xx_hal_dma.o
 .debug_abbrev  0x00000000      0x29e Drivers\STM32L1xx_HAL_Driver\Src\stm32l1xx_hal_dma.o
 .debug_loc     0x00000000      0x5c6 Drivers\STM32L1xx_HAL_Driver\Src\stm32l1xx_hal_dma.o
 .debug_aranges
                0x00000000       0x78 Drivers\STM32L1xx_HAL_Driver\Src\stm32l1xx_hal_dma.o
 .debug_ranges  0x00000000       0xa8 Drivers\STM32L1xx_HAL_Driver\Src\stm32l1xx_hal_dma.o
 .debug_line    0x00000000      0x56a Drivers\STM32L1xx_HAL_Driver\Src\stm32l1xx_hal_dma.o
 .debug_str     0x00000000      0xa9a Drivers\STM32L1xx_HAL_Driver\Src\stm32l1xx_hal_dma.o
 .comment       0x00000000       0x7d Drivers\STM32L1xx_HAL_Driver\Src\stm32l1xx_hal_dma.o
 .debug_frame   0x00000000      0x13c Drivers\STM32L1xx_HAL_Driver\Src\stm32l1xx_hal_dma.o
 .ARM.attributes
                0x00000000       0x33 Drivers\STM32L1xx_HAL_Driver\Src\stm32l1xx_hal_dma.o
 .text          0x00000000        0x0 Drivers\STM32L1xx_HAL_Driver\Src\stm32l1xx_hal_flash.o
 .data          0x00000000        0x0 Drivers\STM32L1xx_HAL_Driver\Src\stm32l1xx_hal_flash.o
 .bss           0x00000000        0x0 Drivers\STM32L1xx_HAL_Driver\Src\stm32l1xx_hal_flash.o
 .text.FLASH_SetErrorCode
                0x00000000       0x50 Drivers\STM32L1xx_HAL_Driver\Src\stm32l1xx_hal_flash.o
 .text.HAL_FLASH_Program_IT
                0x00000000       0x3c Drivers\STM32L1xx_HAL_Driver\Src\stm32l1xx_hal_flash.o
 .text.HAL_FLASH_EndOfOperationCallback
                0x00000000        0x2 Drivers\STM32L1xx_HAL_Driver\Src\stm32l1xx_hal_flash.o
 .text.HAL_FLASH_OperationErrorCallback
                0x00000000        0x2 Drivers\STM32L1xx_HAL_Driver\Src\stm32l1xx_hal_flash.o
 .text.HAL_FLASH_IRQHandler
                0x00000000       0xc8 Drivers\STM32L1xx_HAL_Driver\Src\stm32l1xx_hal_flash.o
 .text.HAL_FLASH_Unlock
                0x00000000       0x40 Drivers\STM32L1xx_HAL_Driver\Src\stm32l1xx_hal_flash.o
 .text.HAL_FLASH_Lock
                0x00000000       0x14 Drivers\STM32L1xx_HAL_Driver\Src\stm32l1xx_hal_flash.o
 .text.HAL_FLASH_OB_Unlock
                0x00000000       0x40 Drivers\STM32L1xx_HAL_Driver\Src\stm32l1xx_hal_flash.o
 .text.HAL_FLASH_OB_Lock
                0x00000000       0x14 Drivers\STM32L1xx_HAL_Driver\Src\stm32l1xx_hal_flash.o
 .text.HAL_FLASH_GetError
                0x00000000        0xc Drivers\STM32L1xx_HAL_Driver\Src\stm32l1xx_hal_flash.o
 .text.FLASH_WaitForLastOperation
                0x00000000       0x54 Drivers\STM32L1xx_HAL_Driver\Src\stm32l1xx_hal_flash.o
 .text.HAL_FLASH_Program
                0x00000000       0x38 Drivers\STM32L1xx_HAL_Driver\Src\stm32l1xx_hal_flash.o
 .text.HAL_FLASH_OB_Launch
                0x00000000       0x18 Drivers\STM32L1xx_HAL_Driver\Src\stm32l1xx_hal_flash.o
 .debug_info    0x00000000      0xda6 Drivers\STM32L1xx_HAL_Driver\Src\stm32l1xx_hal_flash.o
 .debug_abbrev  0x00000000      0x328 Drivers\STM32L1xx_HAL_Driver\Src\stm32l1xx_hal_flash.o
 .debug_loc     0x00000000      0x199 Drivers\STM32L1xx_HAL_Driver\Src\stm32l1xx_hal_flash.o
 .debug_aranges
                0x00000000       0x78 Drivers\STM32L1xx_HAL_Driver\Src\stm32l1xx_hal_flash.o
 .debug_ranges  0x00000000       0x68 Drivers\STM32L1xx_HAL_Driver\Src\stm32l1xx_hal_flash.o
 .debug_line    0x00000000      0x48a Drivers\STM32L1xx_HAL_Driver\Src\stm32l1xx_hal_flash.o
 .debug_str     0x00000000      0x916 Drivers\STM32L1xx_HAL_Driver\Src\stm32l1xx_hal_flash.o
 .comment       0x00000000       0x7d Drivers\STM32L1xx_HAL_Driver\Src\stm32l1xx_hal_flash.o
 .debug_frame   0x00000000      0x114 Drivers\STM32L1xx_HAL_Driver\Src\stm32l1xx_hal_flash.o
 .ARM.attributes
                0x00000000       0x33 Drivers\STM32L1xx_HAL_Driver\Src\stm32l1xx_hal_flash.o
 COMMON         0x00000000       0x18 Drivers\STM32L1xx_HAL_Driver\Src\stm32l1xx_hal_flash.o
 .text          0x00000000        0x0 Drivers\STM32L1xx_HAL_Driver\Src\stm32l1xx_hal_flash_ex.o
 .data          0x00000000        0x0 Drivers\STM32L1xx_HAL_Driver\Src\stm32l1xx_hal_flash_ex.o
 .bss           0x00000000        0x0 Drivers\STM32L1xx_HAL_Driver\Src\stm32l1xx_hal_flash_ex.o
 .text.HAL_FLASHEx_OBProgram
                0x00000000      0x158 Drivers\STM32L1xx_HAL_Driver\Src\stm32l1xx_hal_flash_ex.o
 .text.HAL_FLASHEx_OBGetConfig
                0x00000000       0x28 Drivers\STM32L1xx_HAL_Driver\Src\stm32l1xx_hal_flash_ex.o
 .text.HAL_FLASHEx_DATAEEPROM_Unlock
                0x00000000       0x24 Drivers\STM32L1xx_HAL_Driver\Src\stm32l1xx_hal_flash_ex.o
 .text.HAL_FLASHEx_DATAEEPROM_Lock
                0x00000000       0x14 Drivers\STM32L1xx_HAL_Driver\Src\stm32l1xx_hal_flash_ex.o
 .text.HAL_FLASHEx_DATAEEPROM_Erase
                0x00000000       0x3c Drivers\STM32L1xx_HAL_Driver\Src\stm32l1xx_hal_flash_ex.o
 .text.HAL_FLASHEx_DATAEEPROM_Program
                0x00000000      0x190 Drivers\STM32L1xx_HAL_Driver\Src\stm32l1xx_hal_flash_ex.o
 .text.HAL_FLASHEx_DATAEEPROM_EnableFixedTimeProgram
                0x00000000       0x10 Drivers\STM32L1xx_HAL_Driver\Src\stm32l1xx_hal_flash_ex.o
 .text.HAL_FLASHEx_DATAEEPROM_DisableFixedTimeProgram
                0x00000000       0x10 Drivers\STM32L1xx_HAL_Driver\Src\stm32l1xx_hal_flash_ex.o
 .text.FLASH_PageErase
                0x00000000       0x28 Drivers\STM32L1xx_HAL_Driver\Src\stm32l1xx_hal_flash_ex.o
 .text.HAL_FLASHEx_Erase
                0x00000000       0x80 Drivers\STM32L1xx_HAL_Driver\Src\stm32l1xx_hal_flash_ex.o
 .text.HAL_FLASHEx_Erase_IT
                0x00000000       0x5c Drivers\STM32L1xx_HAL_Driver\Src\stm32l1xx_hal_flash_ex.o
 .debug_info    0x00000000     0x1831 Drivers\STM32L1xx_HAL_Driver\Src\stm32l1xx_hal_flash_ex.o
 .debug_abbrev  0x00000000      0x3d3 Drivers\STM32L1xx_HAL_Driver\Src\stm32l1xx_hal_flash_ex.o
 .debug_loc     0x00000000      0xdcd Drivers\STM32L1xx_HAL_Driver\Src\stm32l1xx_hal_flash_ex.o
 .debug_aranges
                0x00000000       0x70 Drivers\STM32L1xx_HAL_Driver\Src\stm32l1xx_hal_flash_ex.o
 .debug_ranges  0x00000000      0x198 Drivers\STM32L1xx_HAL_Driver\Src\stm32l1xx_hal_flash_ex.o
 .debug_line    0x00000000      0x59f Drivers\STM32L1xx_HAL_Driver\Src\stm32l1xx_hal_flash_ex.o
 .debug_str     0x00000000      0xbd3 Drivers\STM32L1xx_HAL_Driver\Src\stm32l1xx_hal_flash_ex.o
 .comment       0x00000000       0x7d Drivers\STM32L1xx_HAL_Driver\Src\stm32l1xx_hal_flash_ex.o
 .debug_frame   0x00000000      0x120 Drivers\STM32L1xx_HAL_Driver\Src\stm32l1xx_hal_flash_ex.o
 .ARM.attributes
                0x00000000       0x33 Drivers\STM32L1xx_HAL_Driver\Src\stm32l1xx_hal_flash_ex.o
 .text          0x00000000        0x0 Drivers\STM32L1xx_HAL_Driver\Src\stm32l1xx_hal_flash_ramfunc.o
 .data          0x00000000        0x0 Drivers\STM32L1xx_HAL_Driver\Src\stm32l1xx_hal_flash_ramfunc.o
 .bss           0x00000000        0x0 Drivers\STM32L1xx_HAL_Driver\Src\stm32l1xx_hal_flash_ramfunc.o
 .RamFunc       0x00000000      0x1f8 Drivers\STM32L1xx_HAL_Driver\Src\stm32l1xx_hal_flash_ramfunc.o
 .debug_info    0x00000000      0xd5c Drivers\STM32L1xx_HAL_Driver\Src\stm32l1xx_hal_flash_ramfunc.o
 .debug_abbrev  0x00000000      0x272 Drivers\STM32L1xx_HAL_Driver\Src\stm32l1xx_hal_flash_ramfunc.o
 .debug_loc     0x00000000      0x1df Drivers\STM32L1xx_HAL_Driver\Src\stm32l1xx_hal_flash_ramfunc.o
 .debug_aranges
                0x00000000       0x50 Drivers\STM32L1xx_HAL_Driver\Src\stm32l1xx_hal_flash_ramfunc.o
 .debug_ranges  0x00000000       0x40 Drivers\STM32L1xx_HAL_Driver\Src\stm32l1xx_hal_flash_ramfunc.o
 .debug_line    0x00000000      0x36c Drivers\STM32L1xx_HAL_Driver\Src\stm32l1xx_hal_flash_ramfunc.o
 .debug_str     0x00000000      0x90e Drivers\STM32L1xx_HAL_Driver\Src\stm32l1xx_hal_flash_ramfunc.o
 .comment       0x00000000       0x7d Drivers\STM32L1xx_HAL_Driver\Src\stm32l1xx_hal_flash_ramfunc.o
 .debug_frame   0x00000000       0xa8 Drivers\STM32L1xx_HAL_Driver\Src\stm32l1xx_hal_flash_ramfunc.o
 .ARM.attributes
                0x00000000       0x33 Drivers\STM32L1xx_HAL_Driver\Src\stm32l1xx_hal_flash_ramfunc.o
 .text          0x00000000        0x0 Drivers\STM32L1xx_HAL_Driver\Src\stm32l1xx_hal_gpio.o
 .data          0x00000000        0x0 Drivers\STM32L1xx_HAL_Driver\Src\stm32l1xx_hal_gpio.o
 .bss           0x00000000        0x0 Drivers\STM32L1xx_HAL_Driver\Src\stm32l1xx_hal_gpio.o
 .text.HAL_GPIO_DeInit
                0x00000000       0xf4 Drivers\STM32L1xx_HAL_Driver\Src\stm32l1xx_hal_gpio.o
 .text.HAL_GPIO_ReadPin
                0x00000000        0xc Drivers\STM32L1xx_HAL_Driver\Src\stm32l1xx_hal_gpio.o
 .text.HAL_GPIO_WritePin
                0x00000000        0xa Drivers\STM32L1xx_HAL_Driver\Src\stm32l1xx_hal_gpio.o
 .text.HAL_GPIO_TogglePin
                0x00000000        0x8 Drivers\STM32L1xx_HAL_Driver\Src\stm32l1xx_hal_gpio.o
 .text.HAL_GPIO_LockPin
                0x00000000       0x2a Drivers\STM32L1xx_HAL_Driver\Src\stm32l1xx_hal_gpio.o
 .text.HAL_GPIO_EXTI_Callback
                0x00000000        0x2 Drivers\STM32L1xx_HAL_Driver\Src\stm32l1xx_hal_gpio.o
 .text.HAL_GPIO_EXTI_IRQHandler
                0x00000000       0x18 Drivers\STM32L1xx_HAL_Driver\Src\stm32l1xx_hal_gpio.o
 .text          0x00000000        0x0 Drivers\STM32L1xx_HAL_Driver\Src\stm32l1xx_hal_pwr.o
 .data          0x00000000        0x0 Drivers\STM32L1xx_HAL_Driver\Src\stm32l1xx_hal_pwr.o
 .bss           0x00000000        0x0 Drivers\STM32L1xx_HAL_Driver\Src\stm32l1xx_hal_pwr.o
 .text.HAL_PWR_DeInit
                0x00000000       0x18 Drivers\STM32L1xx_HAL_Driver\Src\stm32l1xx_hal_pwr.o
 .text.HAL_PWR_EnableBkUpAccess
                0x00000000       0x1c Drivers\STM32L1xx_HAL_Driver\Src\stm32l1xx_hal_pwr.o
 .text.HAL_PWR_DisableBkUpAccess
                0x00000000       0x1c Drivers\STM32L1xx_HAL_Driver\Src\stm32l1xx_hal_pwr.o
 .text.HAL_PWR_ConfigPVD
                0x00000000       0x6c Drivers\STM32L1xx_HAL_Driver\Src\stm32l1xx_hal_pwr.o
 .text.HAL_PWR_EnablePVD
                0x00000000       0x1a Drivers\STM32L1xx_HAL_Driver\Src\stm32l1xx_hal_pwr.o
 .text.HAL_PWR_DisablePVD
                0x00000000       0x1a Drivers\STM32L1xx_HAL_Driver\Src\stm32l1xx_hal_pwr.o
 .text.HAL_PWR_EnableWakeUpPin
                0x00000000       0x18 Drivers\STM32L1xx_HAL_Driver\Src\stm32l1xx_hal_pwr.o
 .text.HAL_PWR_DisableWakeUpPin
                0x00000000       0x18 Drivers\STM32L1xx_HAL_Driver\Src\stm32l1xx_hal_pwr.o
 .text.HAL_PWR_EnterSLEEPMode
                0x00000000       0x30 Drivers\STM32L1xx_HAL_Driver\Src\stm32l1xx_hal_pwr.o
 .text.HAL_PWR_EnterSTOPMode
                0x00000000       0x38 Drivers\STM32L1xx_HAL_Driver\Src\stm32l1xx_hal_pwr.o
 .text.HAL_PWR_EnterSTANDBYMode
                0x00000000       0x20 Drivers\STM32L1xx_HAL_Driver\Src\stm32l1xx_hal_pwr.o
 .text.HAL_PWR_EnableSleepOnExit
                0x00000000       0x10 Drivers\STM32L1xx_HAL_Driver\Src\stm32l1xx_hal_pwr.o
 .text.HAL_PWR_DisableSleepOnExit
                0x00000000       0x10 Drivers\STM32L1xx_HAL_Driver\Src\stm32l1xx_hal_pwr.o
 .text.HAL_PWR_EnableSEVOnPend
                0x00000000       0x10 Drivers\STM32L1xx_HAL_Driver\Src\stm32l1xx_hal_pwr.o
 .text.HAL_PWR_DisableSEVOnPend
                0x00000000       0x10 Drivers\STM32L1xx_HAL_Driver\Src\stm32l1xx_hal_pwr.o
 .text.HAL_PWR_PVDCallback
                0x00000000        0x2 Drivers\STM32L1xx_HAL_Driver\Src\stm32l1xx_hal_pwr.o
 .text.HAL_PWR_PVD_IRQHandler
                0x00000000       0x1c Drivers\STM32L1xx_HAL_Driver\Src\stm32l1xx_hal_pwr.o
 .debug_info    0x00000000     0x105d Drivers\STM32L1xx_HAL_Driver\Src\stm32l1xx_hal_pwr.o
 .debug_abbrev  0x00000000      0x29d Drivers\STM32L1xx_HAL_Driver\Src\stm32l1xx_hal_pwr.o
 .debug_loc     0x00000000      0x11f Drivers\STM32L1xx_HAL_Driver\Src\stm32l1xx_hal_pwr.o
 .debug_aranges
                0x00000000       0xa0 Drivers\STM32L1xx_HAL_Driver\Src\stm32l1xx_hal_pwr.o
 .debug_ranges  0x00000000       0x90 Drivers\STM32L1xx_HAL_Driver\Src\stm32l1xx_hal_pwr.o
 .debug_line    0x00000000      0x44f Drivers\STM32L1xx_HAL_Driver\Src\stm32l1xx_hal_pwr.o
 .debug_str     0x00000000      0x94e Drivers\STM32L1xx_HAL_Driver\Src\stm32l1xx_hal_pwr.o
 .comment       0x00000000       0x7d Drivers\STM32L1xx_HAL_Driver\Src\stm32l1xx_hal_pwr.o
 .debug_frame   0x00000000      0x128 Drivers\STM32L1xx_HAL_Driver\Src\stm32l1xx_hal_pwr.o
 .ARM.attributes
                0x00000000       0x33 Drivers\STM32L1xx_HAL_Driver\Src\stm32l1xx_hal_pwr.o
 .text          0x00000000        0x0 Drivers\STM32L1xx_HAL_Driver\Src\stm32l1xx_hal_pwr_ex.o
 .data          0x00000000        0x0 Drivers\STM32L1xx_HAL_Driver\Src\stm32l1xx_hal_pwr_ex.o
 .bss           0x00000000        0x0 Drivers\STM32L1xx_HAL_Driver\Src\stm32l1xx_hal_pwr_ex.o
 .text.HAL_PWREx_GetVoltageRange
                0x00000000       0x10 Drivers\STM32L1xx_HAL_Driver\Src\stm32l1xx_hal_pwr_ex.o
 .text.HAL_PWREx_EnableFastWakeUp
                0x00000000       0x1c Drivers\STM32L1xx_HAL_Driver\Src\stm32l1xx_hal_pwr_ex.o
 .text.HAL_PWREx_DisableFastWakeUp
                0x00000000       0x1c Drivers\STM32L1xx_HAL_Driver\Src\stm32l1xx_hal_pwr_ex.o
 .text.HAL_PWREx_EnableUltraLowPower
                0x00000000       0x1c Drivers\STM32L1xx_HAL_Driver\Src\stm32l1xx_hal_pwr_ex.o
 .text.HAL_PWREx_DisableUltraLowPower
                0x00000000       0x1c Drivers\STM32L1xx_HAL_Driver\Src\stm32l1xx_hal_pwr_ex.o
 .text.HAL_PWREx_EnableLowPowerRunMode
                0x00000000       0x30 Drivers\STM32L1xx_HAL_Driver\Src\stm32l1xx_hal_pwr_ex.o
 .text.HAL_PWREx_DisableLowPowerRunMode
                0x00000000       0x32 Drivers\STM32L1xx_HAL_Driver\Src\stm32l1xx_hal_pwr_ex.o
 .debug_info    0x00000000      0xbd7 Drivers\STM32L1xx_HAL_Driver\Src\stm32l1xx_hal_pwr_ex.o
 .debug_abbrev  0x00000000      0x239 Drivers\STM32L1xx_HAL_Driver\Src\stm32l1xx_hal_pwr_ex.o
 .debug_loc     0x00000000       0xac Drivers\STM32L1xx_HAL_Driver\Src\stm32l1xx_hal_pwr_ex.o
 .debug_aranges
                0x00000000       0x50 Drivers\STM32L1xx_HAL_Driver\Src\stm32l1xx_hal_pwr_ex.o
 .debug_ranges  0x00000000       0x40 Drivers\STM32L1xx_HAL_Driver\Src\stm32l1xx_hal_pwr_ex.o
 .debug_line    0x00000000      0x37e Drivers\STM32L1xx_HAL_Driver\Src\stm32l1xx_hal_pwr_ex.o
 .debug_str     0x00000000      0x78d Drivers\STM32L1xx_HAL_Driver\Src\stm32l1xx_hal_pwr_ex.o
 .comment       0x00000000       0x7d Drivers\STM32L1xx_HAL_Driver\Src\stm32l1xx_hal_pwr_ex.o
 .debug_frame   0x00000000       0x80 Drivers\STM32L1xx_HAL_Driver\Src\stm32l1xx_hal_pwr_ex.o
 .ARM.attributes
                0x00000000       0x33 Drivers\STM32L1xx_HAL_Driver\Src\stm32l1xx_hal_pwr_ex.o
 .text          0x00000000        0x0 Drivers\STM32L1xx_HAL_Driver\Src\stm32l1xx_hal_rcc.o
 .data          0x00000000        0x0 Drivers\STM32L1xx_HAL_Driver\Src\stm32l1xx_hal_rcc.o
 .bss           0x00000000        0x0 Drivers\STM32L1xx_HAL_Driver\Src\stm32l1xx_hal_rcc.o
 .text.HAL_RCC_DeInit
                0x00000000       0x70 Drivers\STM32L1xx_HAL_Driver\Src\stm32l1xx_hal_rcc.o
 .text.HAL_RCC_MCOConfig
                0x00000000       0x50 Drivers\STM32L1xx_HAL_Driver\Src\stm32l1xx_hal_rcc.o
 .text.HAL_RCC_EnableCSS
                0x00000000       0x1c Drivers\STM32L1xx_HAL_Driver\Src\stm32l1xx_hal_rcc.o
 .text.HAL_RCC_DisableCSS
                0x00000000       0x1c Drivers\STM32L1xx_HAL_Driver\Src\stm32l1xx_hal_rcc.o
 .text.HAL_RCC_GetOscConfig
                0x00000000       0xbc Drivers\STM32L1xx_HAL_Driver\Src\stm32l1xx_hal_rcc.o
 .text.HAL_RCC_GetClockConfig
                0x00000000       0x3c Drivers\STM32L1xx_HAL_Driver\Src\stm32l1xx_hal_rcc.o
 .text.HAL_RCC_CSSCallback
                0x00000000        0x2 Drivers\STM32L1xx_HAL_Driver\Src\stm32l1xx_hal_rcc.o
 .text.HAL_RCC_NMI_IRQHandler
                0x00000000       0x20 Drivers\STM32L1xx_HAL_Driver\Src\stm32l1xx_hal_rcc.o
 .text          0x00000000        0x0 Drivers\STM32L1xx_HAL_Driver\Src\stm32l1xx_hal_rcc_ex.o
 .data          0x00000000        0x0 Drivers\STM32L1xx_HAL_Driver\Src\stm32l1xx_hal_rcc_ex.o
 .bss           0x00000000        0x0 Drivers\STM32L1xx_HAL_Driver\Src\stm32l1xx_hal_rcc_ex.o
 .text.HAL_RCCEx_PeriphCLKConfig
                0x00000000      0x148 Drivers\STM32L1xx_HAL_Driver\Src\stm32l1xx_hal_rcc_ex.o
 .text.HAL_RCCEx_GetPeriphCLKConfig
                0x00000000       0x24 Drivers\STM32L1xx_HAL_Driver\Src\stm32l1xx_hal_rcc_ex.o
 .text.HAL_RCCEx_GetPeriphCLKFreq
                0x00000000       0x84 Drivers\STM32L1xx_HAL_Driver\Src\stm32l1xx_hal_rcc_ex.o
 .debug_info    0x00000000      0xd04 Drivers\STM32L1xx_HAL_Driver\Src\stm32l1xx_hal_rcc_ex.o
 .debug_abbrev  0x00000000      0x2d0 Drivers\STM32L1xx_HAL_Driver\Src\stm32l1xx_hal_rcc_ex.o
 .debug_loc     0x00000000      0x2ad Drivers\STM32L1xx_HAL_Driver\Src\stm32l1xx_hal_rcc_ex.o
 .debug_aranges
                0x00000000       0x30 Drivers\STM32L1xx_HAL_Driver\Src\stm32l1xx_hal_rcc_ex.o
 .debug_ranges  0x00000000       0x68 Drivers\STM32L1xx_HAL_Driver\Src\stm32l1xx_hal_rcc_ex.o
 .debug_line    0x00000000      0x3e7 Drivers\STM32L1xx_HAL_Driver\Src\stm32l1xx_hal_rcc_ex.o
 .debug_str     0x00000000      0x82d Drivers\STM32L1xx_HAL_Driver\Src\stm32l1xx_hal_rcc_ex.o
 .comment       0x00000000       0x7d Drivers\STM32L1xx_HAL_Driver\Src\stm32l1xx_hal_rcc_ex.o
 .debug_frame   0x00000000       0x58 Drivers\STM32L1xx_HAL_Driver\Src\stm32l1xx_hal_rcc_ex.o
 .ARM.attributes
                0x00000000       0x33 Drivers\STM32L1xx_HAL_Driver\Src\stm32l1xx_hal_rcc_ex.o
 .text          0x00000000        0x0 Drivers\STM32L1xx_HAL_Driver\Src\stm32l1xx_hal_tim.o
 .data          0x00000000        0x0 Drivers\STM32L1xx_HAL_Driver\Src\stm32l1xx_hal_tim.o
 .bss           0x00000000        0x0 Drivers\STM32L1xx_HAL_Driver\Src\stm32l1xx_hal_tim.o
 .debug_info    0x00000000      0x947 Drivers\STM32L1xx_HAL_Driver\Src\stm32l1xx_hal_tim.o
 .debug_abbrev  0x00000000      0x15c Drivers\STM32L1xx_HAL_Driver\Src\stm32l1xx_hal_tim.o
 .debug_aranges
                0x00000000       0x18 Drivers\STM32L1xx_HAL_Driver\Src\stm32l1xx_hal_tim.o
 .debug_line    0x00000000      0x203 Drivers\STM32L1xx_HAL_Driver\Src\stm32l1xx_hal_tim.o
 .debug_str     0x00000000      0x654 Drivers\STM32L1xx_HAL_Driver\Src\stm32l1xx_hal_tim.o
 .comment       0x00000000       0x7d Drivers\STM32L1xx_HAL_Driver\Src\stm32l1xx_hal_tim.o
 .ARM.attributes
                0x00000000       0x33 Drivers\STM32L1xx_HAL_Driver\Src\stm32l1xx_hal_tim.o
 .text          0x00000000        0x0 Drivers\STM32L1xx_HAL_Driver\Src\stm32l1xx_hal_tim_ex.o
 .data          0x00000000        0x0 Drivers\STM32L1xx_HAL_Driver\Src\stm32l1xx_hal_tim_ex.o
 .bss           0x00000000        0x0 Drivers\STM32L1xx_HAL_Driver\Src\stm32l1xx_hal_tim_ex.o
 .debug_info    0x00000000      0x947 Drivers\STM32L1xx_HAL_Driver\Src\stm32l1xx_hal_tim_ex.o
 .debug_abbrev  0x00000000      0x15c Drivers\STM32L1xx_HAL_Driver\Src\stm32l1xx_hal_tim_ex.o
 .debug_aranges
                0x00000000       0x18 Drivers\STM32L1xx_HAL_Driver\Src\stm32l1xx_hal_tim_ex.o
 .debug_line    0x00000000      0x203 Drivers\STM32L1xx_HAL_Driver\Src\stm32l1xx_hal_tim_ex.o
 .debug_str     0x00000000      0x657 Drivers\STM32L1xx_HAL_Driver\Src\stm32l1xx_hal_tim_ex.o
 .comment       0x00000000       0x7d Drivers\STM32L1xx_HAL_Driver\Src\stm32l1xx_hal_tim_ex.o
 .ARM.attributes
                0x00000000       0x33 Drivers\STM32L1xx_HAL_Driver\Src\stm32l1xx_hal_tim_ex.o
 .text          0x00000000        0x0 Drivers\STM32L1xx_HAL_Driver\Src\stm32l1xx_hal_uart.o
 .data          0x00000000        0x0 Drivers\STM32L1xx_HAL_Driver\Src\stm32l1xx_hal_uart.o
 .bss           0x00000000        0x0 Drivers\STM32L1xx_HAL_Driver\Src\stm32l1xx_hal_uart.o
 .text.UART_WaitOnFlagUntilTimeout.constprop.1
                0x00000000       0x60 Drivers\STM32L1xx_HAL_Driver\Src\stm32l1xx_hal_uart.o
 .text.HAL_UART_MspInit
                0x00000000        0x2 Drivers\STM32L1xx_HAL_Driver\Src\stm32l1xx_hal_uart.o
 .text.HAL_HalfDuplex_Init
                0x00000000       0x60 Drivers\STM32L1xx_HAL_Driver\Src\stm32l1xx_hal_uart.o
 .text.HAL_LIN_Init
                0x00000000       0x6c Drivers\STM32L1xx_HAL_Driver\Src\stm32l1xx_hal_uart.o
 .text.HAL_MultiProcessor_Init
                0x00000000       0x72 Drivers\STM32L1xx_HAL_Driver\Src\stm32l1xx_hal_uart.o
 .text.HAL_UART_MspDeInit
                0x00000000        0x2 Drivers\STM32L1xx_HAL_Driver\Src\stm32l1xx_hal_uart.o
 .text.HAL_UART_DeInit
                0x00000000       0x34 Drivers\STM32L1xx_HAL_Driver\Src\stm32l1xx_hal_uart.o
 .text.HAL_UART_Transmit
                0x00000000       0xb6 Drivers\STM32L1xx_HAL_Driver\Src\stm32l1xx_hal_uart.o
 .text.HAL_UART_Receive
                0x00000000       0xbe Drivers\STM32L1xx_HAL_Driver\Src\stm32l1xx_hal_uart.o
 .text.HAL_UART_Transmit_IT
                0x00000000       0x54 Drivers\STM32L1xx_HAL_Driver\Src\stm32l1xx_hal_uart.o
 .text.HAL_UART_Receive_IT
                0x00000000       0x64 Drivers\STM32L1xx_HAL_Driver\Src\stm32l1xx_hal_uart.o
 .text.HAL_UART_Transmit_DMA
                0x00000000       0x84 Drivers\STM32L1xx_HAL_Driver\Src\stm32l1xx_hal_uart.o
 .text.HAL_UART_Receive_DMA
                0x00000000       0x7c Drivers\STM32L1xx_HAL_Driver\Src\stm32l1xx_hal_uart.o
 .text.HAL_UART_DMAPause
                0x00000000       0x5a Drivers\STM32L1xx_HAL_Driver\Src\stm32l1xx_hal_uart.o
 .text.HAL_UART_DMAResume
                0x00000000       0x74 Drivers\STM32L1xx_HAL_Driver\Src\stm32l1xx_hal_uart.o
 .text.HAL_UART_DMAStop
                0x00000000       0x28 Drivers\STM32L1xx_HAL_Driver\Src\stm32l1xx_hal_uart.o
 .text.HAL_UART_TxCpltCallback
                0x00000000        0x2 Drivers\STM32L1xx_HAL_Driver\Src\stm32l1xx_hal_uart.o
 .text.UART_DMATransmitCplt
                0x00000000       0x2c Drivers\STM32L1xx_HAL_Driver\Src\stm32l1xx_hal_uart.o
 .text.HAL_UART_TxHalfCpltCallback
                0x00000000        0x2 Drivers\STM32L1xx_HAL_Driver\Src\stm32l1xx_hal_uart.o
 .text.UART_DMATxHalfCplt
                0x00000000        0xa Drivers\STM32L1xx_HAL_Driver\Src\stm32l1xx_hal_uart.o
 .text.HAL_UART_RxCpltCallback
                0x00000000        0x2 Drivers\STM32L1xx_HAL_Driver\Src\stm32l1xx_hal_uart.o
 .text.UART_DMAReceiveCplt
                0x00000000       0x32 Drivers\STM32L1xx_HAL_Driver\Src\stm32l1xx_hal_uart.o
 .text.HAL_UART_RxHalfCpltCallback
                0x00000000        0x2 Drivers\STM32L1xx_HAL_Driver\Src\stm32l1xx_hal_uart.o
 .text.UART_DMARxHalfCplt
                0x00000000        0xa Drivers\STM32L1xx_HAL_Driver\Src\stm32l1xx_hal_uart.o
 .text.HAL_UART_ErrorCallback
                0x00000000        0x2 Drivers\STM32L1xx_HAL_Driver\Src\stm32l1xx_hal_uart.o
 .text.UART_DMAError
                0x00000000       0x1e Drivers\STM32L1xx_HAL_Driver\Src\stm32l1xx_hal_uart.o
 .text.HAL_UART_IRQHandler
                0x00000000      0x188 Drivers\STM32L1xx_HAL_Driver\Src\stm32l1xx_hal_uart.o
 .text.HAL_LIN_SendBreak
                0x00000000       0x2a Drivers\STM32L1xx_HAL_Driver\Src\stm32l1xx_hal_uart.o
 .text.HAL_MultiProcessor_EnterMuteMode
                0x00000000       0x2a Drivers\STM32L1xx_HAL_Driver\Src\stm32l1xx_hal_uart.o
 .text.HAL_MultiProcessor_ExitMuteMode
                0x00000000       0x2a Drivers\STM32L1xx_HAL_Driver\Src\stm32l1xx_hal_uart.o
 .text.HAL_HalfDuplex_EnableTransmitter
                0x00000000       0x2e Drivers\STM32L1xx_HAL_Driver\Src\stm32l1xx_hal_uart.o
 .text.HAL_HalfDuplex_EnableReceiver
                0x00000000       0x2e Drivers\STM32L1xx_HAL_Driver\Src\stm32l1xx_hal_uart.o
 .text.HAL_UART_GetState
                0x00000000        0x6 Drivers\STM32L1xx_HAL_Driver\Src\stm32l1xx_hal_uart.o
 .text.HAL_UART_GetError
                0x00000000        0x4 Drivers\STM32L1xx_HAL_Driver\Src\stm32l1xx_hal_uart.o
 .text          0x00000000        0x0 Src\main.o
 .data          0x00000000        0x0 Src\main.o
 .bss           0x00000000        0x0 Src\main.o
 .text._Error_Handler
                0x00000000        0x2 Src\main.o
 .text          0x00000000        0x0 Src\stm32l1xx_hal_msp.o
 .data          0x00000000        0x0 Src\stm32l1xx_hal_msp.o
 .bss           0x00000000        0x0 Src\stm32l1xx_hal_msp.o
 .text.HAL_UART_MspDeInit
                0x00000000       0x28 Src\stm32l1xx_hal_msp.o
 .text          0x00000000        0x0 Src\stm32l1xx_it.o
 .data          0x00000000        0x0 Src\stm32l1xx_it.o
 .bss           0x00000000        0x0 Src\stm32l1xx_it.o
 .text          0x00000000        0x0 Src\system_stm32l1xx.o
 .data          0x00000000        0x0 Src\system_stm32l1xx.o
 .bss           0x00000000        0x0 Src\system_stm32l1xx.o
 .text.SystemCoreClockUpdate
                0x00000000       0x90 Src\system_stm32l1xx.o
 .text          0x00000000       0x14 startup\startup_stm32l151xb.o
 .data          0x00000000        0x0 startup\startup_stm32l151xb.o
 .bss           0x00000000        0x0 startup\startup_stm32l151xb.o
 .text          0x00000000        0x0 c:/program files (x86)/atollic/truestudio for stm32 9.0.1/armtools/bin/../lib/gcc/arm-atollic-eabi/6.3.1/../../../../arm-atollic-eabi/lib/armv7-m\libc_nano.a(lib_a-init.o)
 .data          0x00000000        0x0 c:/program files (x86)/atollic/truestudio for stm32 9.0.1/armtools/bin/../lib/gcc/arm-atollic-eabi/6.3.1/../../../../arm-atollic-eabi/lib/armv7-m\libc_nano.a(lib_a-init.o)
 .bss           0x00000000        0x0 c:/program files (x86)/atollic/truestudio for stm32 9.0.1/armtools/bin/../lib/gcc/arm-atollic-eabi/6.3.1/../../../../arm-atollic-eabi/lib/armv7-m\libc_nano.a(lib_a-init.o)
 .text          0x00000000        0x0 c:/program files (x86)/atollic/truestudio for stm32 9.0.1/armtools/bin/../lib/gcc/arm-atollic-eabi/6.3.1/armv7-m/crtend.o
 .data          0x00000000        0x0 c:/program files (x86)/atollic/truestudio for stm32 9.0.1/armtools/bin/../lib/gcc/arm-atollic-eabi/6.3.1/armv7-m/crtend.o
 .bss           0x00000000        0x0 c:/program files (x86)/atollic/truestudio for stm32 9.0.1/armtools/bin/../lib/gcc/arm-atollic-eabi/6.3.1/armv7-m/crtend.o
 .eh_frame      0x00000000        0x4 c:/program files (x86)/atollic/truestudio for stm32 9.0.1/armtools/bin/../lib/gcc/arm-atollic-eabi/6.3.1/armv7-m/crtend.o
 .ARM.attributes
                0x00000000       0x2d c:/program files (x86)/atollic/truestudio for stm32 9.0.1/armtools/bin/../lib/gcc/arm-atollic-eabi/6.3.1/armv7-m/crtend.o
 .text          0x00000000        0x0 c:/program files (x86)/atollic/truestudio for stm32 9.0.1/armtools/bin/../lib/gcc/arm-atollic-eabi/6.3.1/armv7-m/crtn.o
 .data          0x00000000        0x0 c:/program files (x86)/atollic/truestudio for stm32 9.0.1/armtools/bin/../lib/gcc/arm-atollic-eabi/6.3.1/armv7-m/crtn.o
 .bss           0x00000000        0x0 c:/program files (x86)/atollic/truestudio for stm32 9.0.1/armtools/bin/../lib/gcc/arm-atollic-eabi/6.3.1/armv7-m/crtn.o

Memory Configuration

Name             Origin             Length             Attributes
RAM              0x20000000         0x00002800         xrw
FLASH            0x08000000         0x00010000         xr
*default*        0x00000000         0xffffffff

Linker script and memory map

LOAD c:/program files (x86)/atollic/truestudio for stm32 9.0.1/armtools/bin/../lib/gcc/arm-atollic-eabi/6.3.1/armv7-m/crti.o
LOAD c:/program files (x86)/atollic/truestudio for stm32 9.0.1/armtools/bin/../lib/gcc/arm-atollic-eabi/6.3.1/armv7-m/crtbegin.o
LOAD Drivers\STM32L1xx_HAL_Driver\Src\stm32l1xx_hal.o
LOAD Drivers\STM32L1xx_HAL_Driver\Src\stm32l1xx_hal_cortex.o
LOAD Drivers\STM32L1xx_HAL_Driver\Src\stm32l1xx_hal_dma.o
LOAD Drivers\STM32L1xx_HAL_Driver\Src\stm32l1xx_hal_flash.o
LOAD Drivers\STM32L1xx_HAL_Driver\Src\stm32l1xx_hal_flash_ex.o
LOAD Drivers\STM32L1xx_HAL_Driver\Src\stm32l1xx_hal_flash_ramfunc.o
LOAD Drivers\STM32L1xx_HAL_Driver\Src\stm32l1xx_hal_gpio.o
LOAD Drivers\STM32L1xx_HAL_Driver\Src\stm32l1xx_hal_pwr.o
LOAD Drivers\STM32L1xx_HAL_Driver\Src\stm32l1xx_hal_pwr_ex.o
LOAD Drivers\STM32L1xx_HAL_Driver\Src\stm32l1xx_hal_rcc.o
LOAD Drivers\STM32L1xx_HAL_Driver\Src\stm32l1xx_hal_rcc_ex.o
LOAD Drivers\STM32L1xx_HAL_Driver\Src\stm32l1xx_hal_tim.o
LOAD Drivers\STM32L1xx_HAL_Driver\Src\stm32l1xx_hal_tim_ex.o
LOAD Drivers\STM32L1xx_HAL_Driver\Src\stm32l1xx_hal_uart.o
LOAD Src\main.o
LOAD Src\stm32l1xx_hal_msp.o
LOAD Src\stm32l1xx_it.o
LOAD Src\system_stm32l1xx.o
LOAD startup\startup_stm32l151xb.o
                0x00000080                malloc_getpagesize_P = 0x80
START GROUP
LOAD c:/program files (x86)/atollic/truestudio for stm32 9.0.1/armtools/bin/../lib/gcc/arm-atollic-eabi/6.3.1/../../../../arm-atollic-eabi/lib/armv7-m\libc_nano.a
LOAD c:/program files (x86)/atollic/truestudio for stm32 9.0.1/armtools/bin/../lib/gcc/arm-atollic-eabi/6.3.1/../../../../arm-atollic-eabi/lib/armv7-m\libm.a
END GROUP
START GROUP
LOAD c:/program files (x86)/atollic/truestudio for stm32 9.0.1/armtools/bin/../lib/gcc/arm-atollic-eabi/6.3.1/armv7-m\libgcc.a
LOAD c:/program files (x86)/atollic/truestudio for stm32 9.0.1/armtools/bin/../lib/gcc/arm-atollic-eabi/6.3.1/../../../../arm-atollic-eabi/lib/armv7-m\libc_nano.a
END GROUP
START GROUP
LOAD c:/program files (x86)/atollic/truestudio for stm32 9.0.1/armtools/bin/../lib/gcc/arm-atollic-eabi/6.3.1/armv7-m\libgcc.a
LOAD c:/program files (x86)/atollic/truestudio for stm32 9.0.1/armtools/bin/../lib/gcc/arm-atollic-eabi/6.3.1/../../../../arm-atollic-eabi/lib/armv7-m\libc_nano.a
LOAD c:/program files (x86)/atollic/truestudio for stm32 9.0.1/armtools/bin/../lib/gcc/arm-atollic-eabi/6.3.1/../../../../arm-atollic-eabi/lib/armv7-m\libnosys.a
END GROUP
START GROUP
LOAD c:/program files (x86)/atollic/truestudio for stm32 9.0.1/armtools/bin/../lib/gcc/arm-atollic-eabi/6.3.1/armv7-m\libgcc.a
LOAD c:/program files (x86)/atollic/truestudio for stm32 9.0.1/armtools/bin/../lib/gcc/arm-atollic-eabi/6.3.1/../../../../arm-atollic-eabi/lib/armv7-m\libc_nano.a
LOAD c:/program files (x86)/atollic/truestudio for stm32 9.0.1/armtools/bin/../lib/gcc/arm-atollic-eabi/6.3.1/../../../../arm-atollic-eabi/lib/armv7-m\libnosys.a
END GROUP
LOAD c:/program files (x86)/atollic/truestudio for stm32 9.0.1/armtools/bin/../lib/gcc/arm-atollic-eabi/6.3.1/armv7-m/crtend.o
LOAD c:/program files (x86)/atollic/truestudio for stm32 9.0.1/armtools/bin/../lib/gcc/arm-atollic-eabi/6.3.1/armv7-m/crtn.o
                0x20002800                _estack = 0x20002800
                0x00000200                _Min_Heap_Size = 0x200
                0x00000400                _Min_Stack_Size = 0x400

.isr_vector     0x08000000      0x13c
                0x08000000                . = ALIGN (0x4)
 *(.isr_vector)
 .isr_vector    0x08000000      0x13c startup\startup_stm32l151xb.o
                0x08000000                g_pfnVectors
                0x0800013c                . = ALIGN (0x4)

.text           0x0800013c     0x1274
                0x0800013c                . = ALIGN (0x4)
 *(.text)
 .text          0x0800013c       0x40 c:/program files (x86)/atollic/truestudio for stm32 9.0.1/armtools/bin/../lib/gcc/arm-atollic-eabi/6.3.1/armv7-m/crtbegin.o
 *(.text*)
 .text.HAL_InitTick
                0x0800017c       0x28 Drivers\STM32L1xx_HAL_Driver\Src\stm32l1xx_hal.o
                0x0800017c                HAL_InitTick
 .text.HAL_Init
                0x080001a4       0x16 Drivers\STM32L1xx_HAL_Driver\Src\stm32l1xx_hal.o
                0x080001a4                HAL_Init
 *fill*         0x080001ba        0x2 
 .text.HAL_IncTick
                0x080001bc       0x10 Drivers\STM32L1xx_HAL_Driver\Src\stm32l1xx_hal.o
                0x080001bc                HAL_IncTick
 .text.HAL_GetTick
                0x080001cc        0xc Drivers\STM32L1xx_HAL_Driver\Src\stm32l1xx_hal.o
                0x080001cc                HAL_GetTick
 .text.HAL_NVIC_SetPriorityGrouping
                0x080001d8       0x24 Drivers\STM32L1xx_HAL_Driver\Src\stm32l1xx_hal_cortex.o
                0x080001d8                HAL_NVIC_SetPriorityGrouping
 .text.HAL_NVIC_SetPriority
                0x080001fc       0x68 Drivers\STM32L1xx_HAL_Driver\Src\stm32l1xx_hal_cortex.o
                0x080001fc                HAL_NVIC_SetPriority
 .text.HAL_SYSTICK_Config
                0x08000264       0x2c Drivers\STM32L1xx_HAL_Driver\Src\stm32l1xx_hal_cortex.o
                0x08000264                HAL_SYSTICK_Config
 .text.HAL_SYSTICK_CLKSourceConfig
                0x08000290       0x18 Drivers\STM32L1xx_HAL_Driver\Src\stm32l1xx_hal_cortex.o
                0x08000290                HAL_SYSTICK_CLKSourceConfig
 .text.HAL_SYSTICK_Callback
                0x080002a8        0x2 Drivers\STM32L1xx_HAL_Driver\Src\stm32l1xx_hal_cortex.o
                0x080002a8                HAL_SYSTICK_Callback
 .text.HAL_SYSTICK_IRQHandler
                0x080002aa        0x8 Drivers\STM32L1xx_HAL_Driver\Src\stm32l1xx_hal_cortex.o
                0x080002aa                HAL_SYSTICK_IRQHandler
 *fill*         0x080002b2        0x2 
 .text.HAL_GPIO_Init
                0x080002b4      0x19c Drivers\STM32L1xx_HAL_Driver\Src\stm32l1xx_hal_gpio.o
                0x080002b4                HAL_GPIO_Init
 .text.RCC_SetFlashLatencyFromMSIRange
                0x08000450       0x80 Drivers\STM32L1xx_HAL_Driver\Src\stm32l1xx_hal_rcc.o
 .text.HAL_RCC_OscConfig
                0x080004d0      0x6a8 Drivers\STM32L1xx_HAL_Driver\Src\stm32l1xx_hal_rcc.o
                0x080004d0                HAL_RCC_OscConfig
 .text.HAL_RCC_GetSysClockFreq
                0x08000b78       0x8c Drivers\STM32L1xx_HAL_Driver\Src\stm32l1xx_hal_rcc.o
                0x08000b78                HAL_RCC_GetSysClockFreq
 .text.HAL_RCC_ClockConfig
                0x08000c04      0x1bc Drivers\STM32L1xx_HAL_Driver\Src\stm32l1xx_hal_rcc.o
                0x08000c04                HAL_RCC_ClockConfig
 .text.HAL_RCC_GetHCLKFreq
                0x08000dc0        0xc Drivers\STM32L1xx_HAL_Driver\Src\stm32l1xx_hal_rcc.o
                0x08000dc0                HAL_RCC_GetHCLKFreq
 .text.HAL_RCC_GetPCLK1Freq
                0x08000dcc       0x30 Drivers\STM32L1xx_HAL_Driver\Src\stm32l1xx_hal_rcc.o
                0x08000dcc                HAL_RCC_GetPCLK1Freq
 .text.HAL_RCC_GetPCLK2Freq
                0x08000dfc       0x30 Drivers\STM32L1xx_HAL_Driver\Src\stm32l1xx_hal_rcc.o
                0x08000dfc                HAL_RCC_GetPCLK2Freq
 .text.UART_SetConfig
                0x08000e2c      0x244 Drivers\STM32L1xx_HAL_Driver\Src\stm32l1xx_hal_uart.o
 .text.HAL_UART_Init
                0x08001070       0x58 Drivers\STM32L1xx_HAL_Driver\Src\stm32l1xx_hal_uart.o
                0x08001070                HAL_UART_Init
 .text.SystemClock_Config
                0x080010c8       0x74 Src\main.o
                0x080010c8                SystemClock_Config
 .text.startup.main
                0x0800113c       0x74 Src\main.o
                0x0800113c                main
 .text.HAL_MspInit
                0x080011b0       0xa0 Src\stm32l1xx_hal_msp.o
                0x080011b0                HAL_MspInit
 .text.HAL_UART_MspInit
                0x08001250       0x4c Src\stm32l1xx_hal_msp.o
                0x08001250                HAL_UART_MspInit
 .text.NMI_Handler
                0x0800129c        0x2 Src\stm32l1xx_it.o
                0x0800129c                NMI_Handler
 .text.HardFault_Handler
                0x0800129e        0x2 Src\stm32l1xx_it.o
                0x0800129e                HardFault_Handler
 .text.MemManage_Handler
                0x080012a0        0x2 Src\stm32l1xx_it.o
                0x080012a0                MemManage_Handler
 .text.BusFault_Handler
                0x080012a2        0x2 Src\stm32l1xx_it.o
                0x080012a2                BusFault_Handler
 .text.UsageFault_Handler
                0x080012a4        0x2 Src\stm32l1xx_it.o
                0x080012a4                UsageFault_Handler
 .text.SVC_Handler
                0x080012a6        0x2 Src\stm32l1xx_it.o
                0x080012a6                SVC_Handler
 .text.DebugMon_Handler
                0x080012a8        0x2 Src\stm32l1xx_it.o
                0x080012a8                DebugMon_Handler
 .text.PendSV_Handler
                0x080012aa        0x2 Src\stm32l1xx_it.o
                0x080012aa                PendSV_Handler
 .text.SysTick_Handler
                0x080012ac        0xe Src\stm32l1xx_it.o
                0x080012ac                SysTick_Handler
 *fill*         0x080012ba        0x2 
 .text.SystemInit
                0x080012bc       0x48 Src\system_stm32l1xx.o
                0x080012bc                SystemInit
 .text.Reset_Handler
                0x08001304       0x48 startup\startup_stm32l151xb.o
                0x08001304                Reset_Handler
 .text.Default_Handler
                0x0800134c        0x2 startup\startup_stm32l151xb.o
                0x0800134c                RTC_Alarm_IRQHandler
                0x0800134c                EXTI2_IRQHandler
                0x0800134c                TIM10_IRQHandler
                0x0800134c                USB_HP_IRQHandler
                0x0800134c                TIM6_IRQHandler
                0x0800134c                PVD_IRQHandler
                0x0800134c                EXTI3_IRQHandler
                0x0800134c                EXTI0_IRQHandler
                0x0800134c                I2C2_EV_IRQHandler
                0x0800134c                SPI1_IRQHandler
                0x0800134c                USB_FS_WKUP_IRQHandler
                0x0800134c                DMA1_Channel4_IRQHandler
                0x0800134c                ADC1_IRQHandler
                0x0800134c                USART3_IRQHandler
                0x0800134c                DMA1_Channel7_IRQHandler
                0x0800134c                TIM4_IRQHandler
                0x0800134c                I2C1_EV_IRQHandler
                0x0800134c                DMA1_Channel6_IRQHandler
                0x0800134c                TIM3_IRQHandler
                0x0800134c                RCC_IRQHandler
                0x0800134c                DMA1_Channel1_IRQHandler
                0x0800134c                Default_Handler
                0x0800134c                EXTI15_10_IRQHandler
                0x0800134c                TIM7_IRQHandler
                0x0800134c                EXTI9_5_IRQHandler
                0x0800134c                TIM9_IRQHandler
                0x0800134c                TAMPER_STAMP_IRQHandler
                0x0800134c                RTC_WKUP_IRQHandler
                0x0800134c                SPI2_IRQHandler
                0x0800134c                DMA1_Channel5_IRQHandler
                0x0800134c                USB_LP_IRQHandler
                0x0800134c                EXTI4_IRQHandler
                0x0800134c                DMA1_Channel3_IRQHandler
                0x0800134c                COMP_IRQHandler
                0x0800134c                WWDG_IRQHandler
                0x0800134c                TIM2_IRQHandler
                0x0800134c                DAC_IRQHandler
                0x0800134c                EXTI1_IRQHandler
                0x0800134c                TIM11_IRQHandler
                0x0800134c                USART2_IRQHandler
                0x0800134c                I2C2_ER_IRQHandler
                0x0800134c                DMA1_Channel2_IRQHandler
                0x0800134c                FLASH_IRQHandler
                0x0800134c                USART1_IRQHandler
                0x0800134c                I2C1_ER_IRQHandler
 *fill*         0x0800134e        0x2 
 .text.__libc_init_array
                0x08001350       0x48 c:/program files (x86)/atollic/truestudio for stm32 9.0.1/armtools/bin/../lib/gcc/arm-atollic-eabi/6.3.1/../../../../arm-atollic-eabi/lib/armv7-m\libc_nano.a(lib_a-init.o)
                0x08001350                __libc_init_array
 *(.glue_7)
 .glue_7        0x08001398        0x0 linker stubs
 *(.glue_7t)
 .glue_7t       0x08001398        0x0 linker stubs
 *(.eh_frame)
 .eh_frame      0x08001398        0x0 c:/program files (x86)/atollic/truestudio for stm32 9.0.1/armtools/bin/../lib/gcc/arm-atollic-eabi/6.3.1/armv7-m/crtbegin.o
 *(.init)
 .init          0x08001398        0x4 c:/program files (x86)/atollic/truestudio for stm32 9.0.1/armtools/bin/../lib/gcc/arm-atollic-eabi/6.3.1/armv7-m/crti.o
                0x08001398                _init
 .init          0x0800139c        0x8 c:/program files (x86)/atollic/truestudio for stm32 9.0.1/armtools/bin/../lib/gcc/arm-atollic-eabi/6.3.1/armv7-m/crtn.o
 *(.fini)
 .fini          0x080013a4        0x4 c:/program files (x86)/atollic/truestudio for stm32 9.0.1/armtools/bin/../lib/gcc/arm-atollic-eabi/6.3.1/armv7-m/crti.o
                0x080013a4                _fini
 .fini          0x080013a8        0x8 c:/program files (x86)/atollic/truestudio for stm32 9.0.1/armtools/bin/../lib/gcc/arm-atollic-eabi/6.3.1/armv7-m/crtn.o
                0x080013b0                . = ALIGN (0x4)
                0x080013b0                _etext = .

.vfp11_veneer   0x080013b0        0x0
 .vfp11_veneer  0x080013b0        0x0 linker stubs

.v4_bx          0x080013b0        0x0
 .v4_bx         0x080013b0        0x0 linker stubs

.iplt           0x080013b0        0x0
 .iplt          0x080013b0        0x0 c:/program files (x86)/atollic/truestudio for stm32 9.0.1/armtools/bin/../lib/gcc/arm-atollic-eabi/6.3.1/armv7-m/crtbegin.o

.rodata         0x080013b0       0x24
                0x080013b0                . = ALIGN (0x4)
 *(.rodata)
 *(.rodata*)
 .rodata.AHBPrescTable
                0x080013b0       0x10 Src\system_stm32l1xx.o
                0x080013b0                AHBPrescTable
 .rodata.APBPrescTable
                0x080013c0        0x8 Src\system_stm32l1xx.o
                0x080013c0                APBPrescTable
 .rodata.PLLMulTable
                0x080013c8        0x9 Src\system_stm32l1xx.o
                0x080013c8                PLLMulTable
                0x080013d4                . = ALIGN (0x4)
 *fill*         0x080013d1        0x3 

.rel.dyn        0x080013d4        0x0
 .rel.iplt      0x080013d4        0x0 c:/program files (x86)/atollic/truestudio for stm32 9.0.1/armtools/bin/../lib/gcc/arm-atollic-eabi/6.3.1/armv7-m/crtbegin.o

.ARM.extab
 *(.ARM.extab* .gnu.linkonce.armextab.*)

.ARM            0x080013d4        0x0
                0x080013d4                __exidx_start = .
 *(.ARM.exidx*)
                0x080013d4                __exidx_end = .

.preinit_array  0x080013d4        0x0
                0x080013d4                PROVIDE (__preinit_array_start, .)
 *(.preinit_array*)
                0x080013d4                PROVIDE (__preinit_array_end, .)

.init_array     0x080013d4        0x4
                0x080013d4                PROVIDE (__init_array_start, .)
 *(SORT(.init_array.*))
 *(.init_array*)
 .init_array    0x080013d4        0x4 c:/program files (x86)/atollic/truestudio for stm32 9.0.1/armtools/bin/../lib/gcc/arm-atollic-eabi/6.3.1/armv7-m/crtbegin.o
                0x080013d8                PROVIDE (__init_array_end, .)

.fini_array     0x080013d8        0x4
                [!provide]                PROVIDE (__fini_array_start, .)
 *(SORT(.fini_array.*))
 *(.fini_array*)
 .fini_array    0x080013d8        0x4 c:/program files (x86)/atollic/truestudio for stm32 9.0.1/armtools/bin/../lib/gcc/arm-atollic-eabi/6.3.1/armv7-m/crtbegin.o
                [!provide]                PROVIDE (__fini_array_end, .)
                0x080013dc                _sidata = LOADADDR (.data)

.data           0x20000000        0x4 load address 0x080013dc
                0x20000000                . = ALIGN (0x4)
                0x20000000                _sdata = .
 *(.data)
 *(.data*)
 .data.SystemCoreClock
                0x20000000        0x4 Src\system_stm32l1xx.o
                0x20000000                SystemCoreClock
                0x20000004                . = ALIGN (0x4)
                0x20000004                _edata = .

.igot.plt       0x20000004        0x0 load address 0x080013e0
 .igot.plt      0x20000004        0x0 c:/program files (x86)/atollic/truestudio for stm32 9.0.1/armtools/bin/../lib/gcc/arm-atollic-eabi/6.3.1/armv7-m/crtbegin.o
                0x20000004                . = ALIGN (0x4)

.bss            0x20000004       0x60 load address 0x080013e0
                0x20000004                _sbss = .
                0x20000004                __bss_start__ = _sbss
 *(.bss)
 .bss           0x20000004       0x1c c:/program files (x86)/atollic/truestudio for stm32 9.0.1/armtools/bin/../lib/gcc/arm-atollic-eabi/6.3.1/armv7-m/crtbegin.o
 *(.bss*)
 *(COMMON)
 COMMON         0x20000020        0x4 Drivers\STM32L1xx_HAL_Driver\Src\stm32l1xx_hal.o
                0x20000020                uwTick
 COMMON         0x20000024       0x40 Src\main.o
                0x20000024                huart2
                0x20000064                . = ALIGN (0x4)
                0x20000064                _ebss = .
                0x20000064                __bss_end__ = _ebss

._user_heap_stack
                0x20000064      0x600 load address 0x080013e0
                0x20000064                . = ALIGN (0x4)
                [!provide]                PROVIDE (end, .)
                [!provide]                PROVIDE (_end, .)
                0x20000264                . = (. + _Min_Heap_Size)
 *fill*         0x20000064      0x200 
                0x20000664                . = (. + _Min_Stack_Size)
 *fill*         0x20000264      0x400 
                0x20000664                . = ALIGN (0x4)

/DISCARD/
 libc.a(*)
 libm.a(*)
 libgcc.a(*)

.ARM.attributes
                0x00000000       0x29
 *(.ARM.attributes)
 .ARM.attributes
                0x00000000       0x1d c:/program files (x86)/atollic/truestudio for stm32 9.0.1/armtools/bin/../lib/gcc/arm-atollic-eabi/6.3.1/armv7-m/crti.o
 .ARM.attributes
                0x0000001d       0x2d c:/program files (x86)/atollic/truestudio for stm32 9.0.1/armtools/bin/../lib/gcc/arm-atollic-eabi/6.3.1/armv7-m/crtbegin.o
 .ARM.attributes
                0x0000004a       0x33 Drivers\STM32L1xx_HAL_Driver\Src\stm32l1xx_hal.o
 .ARM.attributes
                0x0000007d       0x33 Drivers\STM32L1xx_HAL_Driver\Src\stm32l1xx_hal_cortex.o
 .ARM.attributes
                0x000000b0       0x33 Drivers\STM32L1xx_HAL_Driver\Src\stm32l1xx_hal_gpio.o
 .ARM.attributes
                0x000000e3       0x33 Drivers\STM32L1xx_HAL_Driver\Src\stm32l1xx_hal_rcc.o
 .ARM.attributes
                0x00000116       0x33 Drivers\STM32L1xx_HAL_Driver\Src\stm32l1xx_hal_uart.o
 .ARM.attributes
                0x00000149       0x33 Src\main.o
 .ARM.attributes
                0x0000017c       0x33 Src\stm32l1xx_hal_msp.o
 .ARM.attributes
                0x000001af       0x33 Src\stm32l1xx_it.o
 .ARM.attributes
                0x000001e2       0x33 Src\system_stm32l1xx.o
 .ARM.attributes
                0x00000215       0x21 startup\startup_stm32l151xb.o
 .ARM.attributes
                0x00000236       0x2d c:/program files (x86)/atollic/truestudio for stm32 9.0.1/armtools/bin/../lib/gcc/arm-atollic-eabi/6.3.1/../../../../arm-atollic-eabi/lib/armv7-m\libc_nano.a(lib_a-init.o)
 .ARM.attributes
                0x00000263       0x1d c:/program files (x86)/atollic/truestudio for stm32 9.0.1/armtools/bin/../lib/gcc/arm-atollic-eabi/6.3.1/armv7-m/crtn.o
OUTPUT(L151C8U_001.elf elf32-littlearm)

.debug_info     0x00000000     0xa821
 .debug_info    0x00000000      0xe7b Drivers\STM32L1xx_HAL_Driver\Src\stm32l1xx_hal.o
 .debug_info    0x00000e7b     0x168f Drivers\STM32L1xx_HAL_Driver\Src\stm32l1xx_hal_cortex.o
 .debug_info    0x0000250a      0xe8f Drivers\STM32L1xx_HAL_Driver\Src\stm32l1xx_hal_gpio.o
 .debug_info    0x00003399     0x1e0c Drivers\STM32L1xx_HAL_Driver\Src\stm32l1xx_hal_rcc.o
 .debug_info    0x000051a5     0x19e3 Drivers\STM32L1xx_HAL_Driver\Src\stm32l1xx_hal_uart.o
 .debug_info    0x00006b88     0x1331 Src\main.o
 .debug_info    0x00007eb9     0x127a Src\stm32l1xx_hal_msp.o
 .debug_info    0x00009133      0x9ff Src\stm32l1xx_it.o
 .debug_info    0x00009b32      0xc69 Src\system_stm32l1xx.o
 .debug_info    0x0000a79b       0x86 startup\startup_stm32l151xb.o

.debug_abbrev   0x00000000     0x1838
 .debug_abbrev  0x00000000      0x2a4 Drivers\STM32L1xx_HAL_Driver\Src\stm32l1xx_hal.o
 .debug_abbrev  0x000002a4      0x386 Drivers\STM32L1xx_HAL_Driver\Src\stm32l1xx_hal_cortex.o
 .debug_abbrev  0x0000062a      0x268 Drivers\STM32L1xx_HAL_Driver\Src\stm32l1xx_hal_gpio.o
 .debug_abbrev  0x00000892      0x37e Drivers\STM32L1xx_HAL_Driver\Src\stm32l1xx_hal_rcc.o
 .debug_abbrev  0x00000c10      0x36c Drivers\STM32L1xx_HAL_Driver\Src\stm32l1xx_hal_uart.o
 .debug_abbrev  0x00000f7c      0x2d7 Src\main.o
 .debug_abbrev  0x00001253      0x21d Src\stm32l1xx_hal_msp.o
 .debug_abbrev  0x00001470      0x1ec Src\stm32l1xx_it.o
 .debug_abbrev  0x0000165c      0x1ca Src\system_stm32l1xx.o
 .debug_abbrev  0x00001826       0x12 startup\startup_stm32l151xb.o

.debug_loc      0x00000000     0x2201
 .debug_loc     0x00000000       0x6a Drivers\STM32L1xx_HAL_Driver\Src\stm32l1xx_hal.o
 .debug_loc     0x0000006a      0x48c Drivers\STM32L1xx_HAL_Driver\Src\stm32l1xx_hal_cortex.o
 .debug_loc     0x000004f6      0x2df Drivers\STM32L1xx_HAL_Driver\Src\stm32l1xx_hal_gpio.o
 .debug_loc     0x000007d5      0xaf6 Drivers\STM32L1xx_HAL_Driver\Src\stm32l1xx_hal_rcc.o
 .debug_loc     0x000012cb      0xdb4 Drivers\STM32L1xx_HAL_Driver\Src\stm32l1xx_hal_uart.o
 .debug_loc     0x0000207f       0x4d Src\stm32l1xx_hal_msp.o
 .debug_loc     0x000020cc      0x135 Src\system_stm32l1xx.o

.debug_aranges  0x00000000      0x438
 .debug_aranges
                0x00000000       0xa8 Drivers\STM32L1xx_HAL_Driver\Src\stm32l1xx_hal.o
 .debug_aranges
                0x000000a8       0xa8 Drivers\STM32L1xx_HAL_Driver\Src\stm32l1xx_hal_cortex.o
 .debug_aranges
                0x00000150       0x58 Drivers\STM32L1xx_HAL_Driver\Src\stm32l1xx_hal_gpio.o
 .debug_aranges
                0x000001a8       0x90 Drivers\STM32L1xx_HAL_Driver\Src\stm32l1xx_hal_rcc.o
 .debug_aranges
                0x00000238      0x108 Drivers\STM32L1xx_HAL_Driver\Src\stm32l1xx_hal_uart.o
 .debug_aranges
                0x00000340       0x30 Src\main.o
 .debug_aranges
                0x00000370       0x30 Src\stm32l1xx_hal_msp.o
 .debug_aranges
                0x000003a0       0x48 Src\stm32l1xx_it.o
 .debug_aranges
                0x000003e8       0x28 Src\system_stm32l1xx.o
 .debug_aranges
                0x00000410       0x28 startup\startup_stm32l151xb.o

.debug_ranges   0x00000000      0x728
 .debug_ranges  0x00000000       0x98 Drivers\STM32L1xx_HAL_Driver\Src\stm32l1xx_hal.o
 .debug_ranges  0x00000098      0x140 Drivers\STM32L1xx_HAL_Driver\Src\stm32l1xx_hal_cortex.o
 .debug_ranges  0x000001d8       0x68 Drivers\STM32L1xx_HAL_Driver\Src\stm32l1xx_hal_gpio.o
 .debug_ranges  0x00000240      0x2a8 Drivers\STM32L1xx_HAL_Driver\Src\stm32l1xx_hal_rcc.o
 .debug_ranges  0x000004e8      0x140 Drivers\STM32L1xx_HAL_Driver\Src\stm32l1xx_hal_uart.o
 .debug_ranges  0x00000628       0x38 Src\main.o
 .debug_ranges  0x00000660       0x58 Src\stm32l1xx_hal_msp.o
 .debug_ranges  0x000006b8       0x38 Src\stm32l1xx_it.o
 .debug_ranges  0x000006f0       0x18 Src\system_stm32l1xx.o
 .debug_ranges  0x00000708       0x20 startup\startup_stm32l151xb.o

.debug_line     0x00000000     0x2e27
 .debug_line    0x00000000      0x3ed Drivers\STM32L1xx_HAL_Driver\Src\stm32l1xx_hal.o
 .debug_line    0x000003ed      0x4e4 Drivers\STM32L1xx_HAL_Driver\Src\stm32l1xx_hal_cortex.o
 .debug_line    0x000008d1      0x473 Drivers\STM32L1xx_HAL_Driver\Src\stm32l1xx_hal_gpio.o
 .debug_line    0x00000d44      0xa34 Drivers\STM32L1xx_HAL_Driver\Src\stm32l1xx_hal_rcc.o
 .debug_line    0x00001778      0xa73 Drivers\STM32L1xx_HAL_Driver\Src\stm32l1xx_hal_uart.o
 .debug_line    0x000021eb      0x341 Src\main.o
 .debug_line    0x0000252c      0x32b Src\stm32l1xx_hal_msp.o
 .debug_line    0x00002857      0x2d1 Src\stm32l1xx_it.o
 .debug_line    0x00002b28      0x282 Src\system_stm32l1xx.o
 .debug_line    0x00002daa       0x7d startup\startup_stm32l151xb.o

.debug_str      0x00000000     0x1cf2
 .debug_str     0x00000000      0xb25 Drivers\STM32L1xx_HAL_Driver\Src\stm32l1xx_hal.o
                                0xbb5 (size before relaxing)
 .debug_str     0x00000b25      0x3fc Drivers\STM32L1xx_HAL_Driver\Src\stm32l1xx_hal_cortex.o
                                0xe57 (size before relaxing)
 .debug_str     0x00000f21      0x1cd Drivers\STM32L1xx_HAL_Driver\Src\stm32l1xx_hal_gpio.o
                                0x8ad (size before relaxing)
 .debug_str     0x000010ee      0x382 Drivers\STM32L1xx_HAL_Driver\Src\stm32l1xx_hal_rcc.o
                                0xb00 (size before relaxing)
 .debug_str     0x00001470      0x6f3 Drivers\STM32L1xx_HAL_Driver\Src\stm32l1xx_hal_uart.o
                                0xe1b (size before relaxing)
 .debug_str     0x00001b63       0x62 Src\main.o
                                0xf1d (size before relaxing)
 .debug_str     0x00001bc5       0x2b Src\stm32l1xx_hal_msp.o
                                0xdc5 (size before relaxing)
 .debug_str     0x00001bf0       0xa6 Src\stm32l1xx_it.o
                                0x6e5 (size before relaxing)
 .debug_str     0x00001c96       0x5c Src\system_stm32l1xx.o
                                0x73b (size before relaxing)

.comment        0x00000000       0x7c
 .comment       0x00000000       0x7c Drivers\STM32L1xx_HAL_Driver\Src\stm32l1xx_hal.o
                                 0x7d (size before relaxing)
 .comment       0x0000007c       0x7d Drivers\STM32L1xx_HAL_Driver\Src\stm32l1xx_hal_cortex.o
 .comment       0x0000007c       0x7d Drivers\STM32L1xx_HAL_Driver\Src\stm32l1xx_hal_gpio.o
 .comment       0x0000007c       0x7d Drivers\STM32L1xx_HAL_Driver\Src\stm32l1xx_hal_rcc.o
 .comment       0x0000007c       0x7d Drivers\STM32L1xx_HAL_Driver\Src\stm32l1xx_hal_uart.o
 .comment       0x0000007c       0x7d Src\main.o
 .comment       0x0000007c       0x7d Src\stm32l1xx_hal_msp.o
 .comment       0x0000007c       0x7d Src\stm32l1xx_it.o
 .comment       0x0000007c       0x7d Src\system_stm32l1xx.o

.debug_frame    0x00000000      0x9d0
 .debug_frame   0x00000000      0x164 Drivers\STM32L1xx_HAL_Driver\Src\stm32l1xx_hal.o
 .debug_frame   0x00000164      0x158 Drivers\STM32L1xx_HAL_Driver\Src\stm32l1xx_hal_cortex.o
 .debug_frame   0x000002bc       0xd8 Drivers\STM32L1xx_HAL_Driver\Src\stm32l1xx_hal_gpio.o
 .debug_frame   0x00000394      0x160 Drivers\STM32L1xx_HAL_Driver\Src\stm32l1xx_hal_rcc.o
 .debug_frame   0x000004f4      0x320 Drivers\STM32L1xx_HAL_Driver\Src\stm32l1xx_hal_uart.o
 .debug_frame   0x00000814       0x58 Src\main.o
 .debug_frame   0x0000086c       0x54 Src\stm32l1xx_hal_msp.o
 .debug_frame   0x000008c0       0xac Src\stm32l1xx_it.o
 .debug_frame   0x0000096c       0x38 Src\system_stm32l1xx.o
 .debug_frame   0x000009a4       0x2c c:/program files (x86)/atollic/truestudio for stm32 9.0.1/armtools/bin/../lib/gcc/arm-atollic-eabi/6.3.1/../../../../arm-atollic-eabi/lib/armv7-m\libc_nano.a(lib_a-init.o)
