Archive member included to satisfy reference by file (symbol)

c:/program files (x86)/atollic/truestudio for stm32 9.0.1/armtools/bin/../lib/gcc/arm-atollic-eabi/6.3.1/../../../../arm-atollic-eabi/lib/armv7-m\libc_nano.a(lib_a-init.o)
                              Drivers\CMSIS\Device\ST\STM32F1xx\Source\Templates\gcc\startup_stm32f103xb.o (__libc_init_array)
c:/program files (x86)/atollic/truestudio for stm32 9.0.1/armtools/bin/../lib/gcc/arm-atollic-eabi/6.3.1/../../../../arm-atollic-eabi/lib/armv7-m\libc_nano.a(lib_a-memset.o)
                              Drivers\STM32F1xx_HAL_Driver\Src\stm32f1xx_hal_rcc.o (memset)
c:/program files (x86)/atollic/truestudio for stm32 9.0.1/armtools/bin/../lib/gcc/arm-atollic-eabi/6.3.1/../../../../arm-atollic-eabi/lib/armv7-m\libc_nano.a(lib_a-sprintf.o)
                              Src\main.o (sprintf)
c:/program files (x86)/atollic/truestudio for stm32 9.0.1/armtools/bin/../lib/gcc/arm-atollic-eabi/6.3.1/../../../../arm-atollic-eabi/lib/armv7-m\libc_nano.a(lib_a-impure.o)
                              c:/program files (x86)/atollic/truestudio for stm32 9.0.1/armtools/bin/../lib/gcc/arm-atollic-eabi/6.3.1/../../../../arm-atollic-eabi/lib/armv7-m\libc_nano.a(lib_a-sprintf.o) (_impure_ptr)
c:/program files (x86)/atollic/truestudio for stm32 9.0.1/armtools/bin/../lib/gcc/arm-atollic-eabi/6.3.1/../../../../arm-atollic-eabi/lib/armv7-m\libc_nano.a(lib_a-nano-svfprintf.o)
                              c:/program files (x86)/atollic/truestudio for stm32 9.0.1/armtools/bin/../lib/gcc/arm-atollic-eabi/6.3.1/../../../../arm-atollic-eabi/lib/armv7-m\libc_nano.a(lib_a-sprintf.o) (_svfprintf_r)
c:/program files (x86)/atollic/truestudio for stm32 9.0.1/armtools/bin/../lib/gcc/arm-atollic-eabi/6.3.1/../../../../arm-atollic-eabi/lib/armv7-m\libc_nano.a(lib_a-nano-vfprintf_i.o)
                              c:/program files (x86)/atollic/truestudio for stm32 9.0.1/armtools/bin/../lib/gcc/arm-atollic-eabi/6.3.1/../../../../arm-atollic-eabi/lib/armv7-m\libc_nano.a(lib_a-nano-svfprintf.o) (_printf_i)
c:/program files (x86)/atollic/truestudio for stm32 9.0.1/armtools/bin/../lib/gcc/arm-atollic-eabi/6.3.1/../../../../arm-atollic-eabi/lib/armv7-m\libc_nano.a(lib_a-memchr-stub.o)
                              c:/program files (x86)/atollic/truestudio for stm32 9.0.1/armtools/bin/../lib/gcc/arm-atollic-eabi/6.3.1/../../../../arm-atollic-eabi/lib/armv7-m\libc_nano.a(lib_a-nano-svfprintf.o) (memchr)
c:/program files (x86)/atollic/truestudio for stm32 9.0.1/armtools/bin/../lib/gcc/arm-atollic-eabi/6.3.1/../../../../arm-atollic-eabi/lib/armv7-m\libc_nano.a(lib_a-memcpy-stub.o)
                              c:/program files (x86)/atollic/truestudio for stm32 9.0.1/armtools/bin/../lib/gcc/arm-atollic-eabi/6.3.1/../../../../arm-atollic-eabi/lib/armv7-m\libc_nano.a(lib_a-nano-svfprintf.o) (memcpy)
c:/program files (x86)/atollic/truestudio for stm32 9.0.1/armtools/bin/../lib/gcc/arm-atollic-eabi/6.3.1/../../../../arm-atollic-eabi/lib/armv7-m\libc_nano.a(lib_a-memmove.o)
                              c:/program files (x86)/atollic/truestudio for stm32 9.0.1/armtools/bin/../lib/gcc/arm-atollic-eabi/6.3.1/../../../../arm-atollic-eabi/lib/armv7-m\libc_nano.a(lib_a-nano-svfprintf.o) (memmove)
c:/program files (x86)/atollic/truestudio for stm32 9.0.1/armtools/bin/../lib/gcc/arm-atollic-eabi/6.3.1/../../../../arm-atollic-eabi/lib/armv7-m\libc_nano.a(lib_a-nano-freer.o)
                              c:/program files (x86)/atollic/truestudio for stm32 9.0.1/armtools/bin/../lib/gcc/arm-atollic-eabi/6.3.1/../../../../arm-atollic-eabi/lib/armv7-m\libc_nano.a(lib_a-nano-svfprintf.o) (_free_r)
c:/program files (x86)/atollic/truestudio for stm32 9.0.1/armtools/bin/../lib/gcc/arm-atollic-eabi/6.3.1/../../../../arm-atollic-eabi/lib/armv7-m\libc_nano.a(lib_a-nano-mallocr.o)
                              c:/program files (x86)/atollic/truestudio for stm32 9.0.1/armtools/bin/../lib/gcc/arm-atollic-eabi/6.3.1/../../../../arm-atollic-eabi/lib/armv7-m\libc_nano.a(lib_a-nano-svfprintf.o) (_malloc_r)
c:/program files (x86)/atollic/truestudio for stm32 9.0.1/armtools/bin/../lib/gcc/arm-atollic-eabi/6.3.1/../../../../arm-atollic-eabi/lib/armv7-m\libc_nano.a(lib_a-nano-reallocr.o)
                              c:/program files (x86)/atollic/truestudio for stm32 9.0.1/armtools/bin/../lib/gcc/arm-atollic-eabi/6.3.1/../../../../arm-atollic-eabi/lib/armv7-m\libc_nano.a(lib_a-nano-svfprintf.o) (_realloc_r)
c:/program files (x86)/atollic/truestudio for stm32 9.0.1/armtools/bin/../lib/gcc/arm-atollic-eabi/6.3.1/../../../../arm-atollic-eabi/lib/armv7-m\libc_nano.a(lib_a-sbrkr.o)
                              c:/program files (x86)/atollic/truestudio for stm32 9.0.1/armtools/bin/../lib/gcc/arm-atollic-eabi/6.3.1/../../../../arm-atollic-eabi/lib/armv7-m\libc_nano.a(lib_a-nano-mallocr.o) (_sbrk_r)
[...]
Memory Configuration

Name             Origin             Length             Attributes
RAM              0x20000000         0x00005000         xrw
FLASH            0x08000000         0x00010000         xr
*default*        0x00000000         0xffffffff

Linker script and memory map

LOAD c:/program files (x86)/atollic/truestudio for stm32 9.0.1/armtools/bin/../lib/gcc/arm-atollic-eabi/6.3.1/armv7-m/crti.o
LOAD c:/program files (x86)/atollic/truestudio for stm32 9.0.1/armtools/bin/../lib/gcc/arm-atollic-eabi/6.3.1/armv7-m/crtbegin.o
LOAD Drivers\CMSIS\Device\ST\STM32F1xx\Source\Templates\gcc\startup_stm32f103xb.o
LOAD Drivers\CMSIS\Device\ST\STM32F1xx\Source\Templates\system_stm32f1xx.o
LOAD Drivers\STM32F1xx_HAL_Driver\Src\stm32f1xx_hal.o
LOAD Drivers\STM32F1xx_HAL_Driver\Src\stm32f1xx_hal_adc.o
LOAD Drivers\STM32F1xx_HAL_Driver\Src\stm32f1xx_hal_adc_ex.o
LOAD Drivers\STM32F1xx_HAL_Driver\Src\stm32f1xx_hal_cortex.o
LOAD Drivers\STM32F1xx_HAL_Driver\Src\stm32f1xx_hal_dma.o
LOAD Drivers\STM32F1xx_HAL_Driver\Src\stm32f1xx_hal_flash.o
LOAD Drivers\STM32F1xx_HAL_Driver\Src\stm32f1xx_hal_flash_ex.o
LOAD Drivers\STM32F1xx_HAL_Driver\Src\stm32f1xx_hal_gpio.o
LOAD Drivers\STM32F1xx_HAL_Driver\Src\stm32f1xx_hal_gpio_ex.o
LOAD Drivers\STM32F1xx_HAL_Driver\Src\stm32f1xx_hal_pwr.o
LOAD Drivers\STM32F1xx_HAL_Driver\Src\stm32f1xx_hal_rcc.o
LOAD Drivers\STM32F1xx_HAL_Driver\Src\stm32f1xx_hal_rcc_ex.o
LOAD Drivers\STM32F1xx_HAL_Driver\Src\stm32f1xx_hal_tim.o
LOAD Drivers\STM32F1xx_HAL_Driver\Src\stm32f1xx_hal_tim_ex.o
LOAD Drivers\STM32F1xx_HAL_Driver\Src\stm32f1xx_hal_uart.o
LOAD Src\main.o
LOAD Src\stm32f1xx_hal_msp.o
LOAD Src\stm32f1xx_it.o
LOAD Src\tlcd.o
LOAD Src\userDelay.o
                0x00000080                malloc_getpagesize_P = 0x80
START GROUP
LOAD c:/program files (x86)/atollic/truestudio for stm32 9.0.1/armtools/bin/../lib/gcc/arm-atollic-eabi/6.3.1/../../../../arm-atollic-eabi/lib/armv7-m\libc_nano.a
LOAD c:/program files (x86)/atollic/truestudio for stm32 9.0.1/armtools/bin/../lib/gcc/arm-atollic-eabi/6.3.1/../../../../arm-atollic-eabi/lib/armv7-m\libm.a
END GROUP
START GROUP
LOAD c:/program files (x86)/atollic/truestudio for stm32 9.0.1/armtools/bin/../lib/gcc/arm-atollic-eabi/6.3.1/armv7-m\libgcc.a
LOAD c:/program files (x86)/atollic/truestudio for stm32 9.0.1/armtools/bin/../lib/gcc/arm-atollic-eabi/6.3.1/../../../../arm-atollic-eabi/lib/armv7-m\libc_nano.a
END GROUP
START GROUP
LOAD c:/program files (x86)/atollic/truestudio for stm32 9.0.1/armtools/bin/../lib/gcc/arm-atollic-eabi/6.3.1/armv7-m\libgcc.a
LOAD c:/program files (x86)/atollic/truestudio for stm32 9.0.1/armtools/bin/../lib/gcc/arm-atollic-eabi/6.3.1/../../../../arm-atollic-eabi/lib/armv7-m\libc_nano.a
LOAD c:/program files (x86)/atollic/truestudio for stm32 9.0.1/armtools/bin/../lib/gcc/arm-atollic-eabi/6.3.1/../../../../arm-atollic-eabi/lib/armv7-m\libnosys.a
END GROUP
START GROUP
LOAD c:/program files (x86)/atollic/truestudio for stm32 9.0.1/armtools/bin/../lib/gcc/arm-atollic-eabi/6.3.1/armv7-m\libgcc.a
LOAD c:/program files (x86)/atollic/truestudio for stm32 9.0.1/armtools/bin/../lib/gcc/arm-atollic-eabi/6.3.1/../../../../arm-atollic-eabi/lib/armv7-m\libc_nano.a
LOAD c:/program files (x86)/atollic/truestudio for stm32 9.0.1/armtools/bin/../lib/gcc/arm-atollic-eabi/6.3.1/../../../../arm-atollic-eabi/lib/armv7-m\libnosys.a
END GROUP
LOAD c:/program files (x86)/atollic/truestudio for stm32 9.0.1/armtools/bin/../lib/gcc/arm-atollic-eabi/6.3.1/armv7-m/crtend.o
LOAD c:/program files (x86)/atollic/truestudio for stm32 9.0.1/armtools/bin/../lib/gcc/arm-atollic-eabi/6.3.1/armv7-m/crtn.o
                0x20005000                _estack = 0x20005000
                0x00000200                _Min_Heap_Size = 0x200
                0x00000400                _Min_Stack_Size = 0x400

.isr_vector     0x08000000      0x10c
                0x08000000                . = ALIGN (0x4)
 *(.isr_vector)
 .isr_vector    0x08000000      0x10c Drivers\CMSIS\Device\ST\STM32F1xx\Source\Templates\gcc\startup_stm32f103xb.o
                0x08000000                g_pfnVectors
                0x0800010c                . = ALIGN (0x4)

.text           0x08000110     0x3d20
                0x08000110                . = ALIGN (0x4)
 *(.text)
 .text          0x08000110       0x40 c:/program files (x86)/atollic/truestudio for stm32 9.0.1/armtools/bin/../lib/gcc/arm-atollic-eabi/6.3.1/armv7-m/crtbegin.o
 .text          0x08000150      0x370 c:/program files (x86)/atollic/truestudio for stm32 9.0.1/armtools/bin/../lib/gcc/arm-atollic-eabi/6.3.1/armv7-m\libgcc.a(_arm_addsubdf3.o)
                0x08000150                __aeabi_drsub
                0x08000158                __aeabi_dsub
                0x08000158                __subdf3
                0x0800015c                __aeabi_dadd
                0x0800015c                __adddf3
                0x080003d4                __floatunsidf
                0x080003d4                __aeabi_ui2d
                0x080003f4                __floatsidf
                0x080003f4                __aeabi_i2d
                0x08000418                __aeabi_f2d
                0x08000418                __extendsfdf2
                0x08000454                __floatundidf
                0x08000454                __aeabi_ul2d
                0x08000464                __floatdidf
                0x08000464                __aeabi_l2d
 .text          0x080004c0      0x424 c:/program files (x86)/atollic/truestudio for stm32 9.0.1/armtools/bin/../lib/gcc/arm-atollic-eabi/6.3.1/armv7-m\libgcc.a(_arm_muldivdf3.o)
                0x080004c0                __aeabi_dmul
                0x080004c0                __muldf3
                0x08000714                __divdf3
                0x08000714                __aeabi_ddiv
 .text          0x080008e4      0x110 c:/program files (x86)/atollic/truestudio for stm32 9.0.1/armtools/bin/../lib/gcc/arm-atollic-eabi/6.3.1/armv7-m\libgcc.a(_arm_cmpdf2.o)
                0x080008e4                __gtdf2
                0x080008e4                __gedf2
                0x080008ec                __ltdf2
                0x080008ec                __ledf2
                0x080008f4                __nedf2
                0x080008f4                __eqdf2
                0x080008f4                __cmpdf2
                0x08000970                __aeabi_cdrcmple
                0x08000980                __aeabi_cdcmpeq
                0x08000980                __aeabi_cdcmple
                0x08000990                __aeabi_dcmpeq
                0x080009a4                __aeabi_dcmplt
                0x080009b8                __aeabi_dcmple
                0x080009cc                __aeabi_dcmpge
                0x080009e0                __aeabi_dcmpgt
 .text          0x080009f4       0x2c c:/program files (x86)/atollic/truestudio for stm32 9.0.1/armtools/bin/../lib/gcc/arm-atollic-eabi/6.3.1/armv7-m\libgcc.a(_arm_unorddf2.o)
                0x080009f4                __unorddf2
                0x080009f4                __aeabi_dcmpun
 .text          0x08000a20      0x21c c:/program files (x86)/atollic/truestudio for stm32 9.0.1/armtools/bin/../lib/gcc/arm-atollic-eabi/6.3.1/armv7-m\libgcc.a(_arm_addsubsf3.o)
                0x08000a20                __aeabi_frsub
                0x08000a28                __subsf3
                0x08000a28                __aeabi_fsub
                0x08000a2c                __aeabi_fadd
                0x08000a2c                __addsf3
                0x08000b8c                __aeabi_ui2f
                0x08000b8c                __floatunsisf
                0x08000b94                __aeabi_i2f
                0x08000b94                __floatsisf
                0x08000bb0                __aeabi_ul2f
                0x08000bb0                __floatundisf
                0x08000bc0                __aeabi_l2f
                0x08000bc0                __floatdisf
 *(.text*)
 .text.Reset_Handler
                0x08000c3c       0x48 Drivers\CMSIS\Device\ST\STM32F1xx\Source\Templates\gcc\startup_stm32f103xb.o
                0x08000c3c                Reset_Handler
 .text.Default_Handler
                0x08000c84        0x2 Drivers\CMSIS\Device\ST\STM32F1xx\Source\Templates\gcc\startup_stm32f103xb.o
                0x08000c84                RTC_Alarm_IRQHandler
                0x08000c84                EXTI2_IRQHandler
                0x08000c84                TIM1_CC_IRQHandler
                0x08000c84                PVD_IRQHandler
                0x08000c84                EXTI3_IRQHandler
                0x08000c84                EXTI0_IRQHandler
                0x08000c84                I2C2_EV_IRQHandler
                0x08000c84                SPI1_IRQHandler
                0x08000c84                TAMPER_IRQHandler
                0x08000c84                DMA1_Channel4_IRQHandler
                0x08000c84                USART3_IRQHandler
                0x08000c84                RTC_IRQHandler
                0x08000c84                DMA1_Channel7_IRQHandler
                0x08000c84                CAN1_RX1_IRQHandler
                0x08000c84                TIM4_IRQHandler
                0x08000c84                I2C1_EV_IRQHandler
                0x08000c84                DMA1_Channel6_IRQHandler
                0x08000c84                RCC_IRQHandler
                0x08000c84                TIM1_TRG_COM_IRQHandler
                0x08000c84                Default_Handler
                0x08000c84                EXTI15_10_IRQHandler
                0x08000c84                EXTI9_5_IRQHandler
                0x08000c84                SPI2_IRQHandler
                0x08000c84                DMA1_Channel5_IRQHandler
                0x08000c84                EXTI4_IRQHandler
                0x08000c84                USB_LP_CAN1_RX0_IRQHandler
                0x08000c84                USB_HP_CAN1_TX_IRQHandler
                0x08000c84                DMA1_Channel3_IRQHandler
                0x08000c84                TIM1_UP_IRQHandler
                0x08000c84                WWDG_IRQHandler
                0x08000c84                TIM1_BRK_IRQHandler
                0x08000c84                EXTI1_IRQHandler
                0x08000c84                USART2_IRQHandler
                0x08000c84                I2C2_ER_IRQHandler
                0x08000c84                DMA1_Channel2_IRQHandler
                0x08000c84                CAN1_SCE_IRQHandler
                0x08000c84                FLASH_IRQHandler
                0x08000c84                I2C1_ER_IRQHandler
                0x08000c84                USBWakeUp_IRQHandler
 *fill*         0x08000c86        0x2 
 .text.SystemInit
                0x08000c88       0x4c Drivers\CMSIS\Device\ST\STM32F1xx\Source\Templates\system_stm32f1xx.o
                0x08000c88                SystemInit
 .text.HAL_InitTick
                0x08000cd4       0x24 Drivers\STM32F1xx_HAL_Driver\Src\stm32f1xx_hal.o
                0x08000cd4                HAL_InitTick
 .text.HAL_Init
                0x08000cf8       0x24 Drivers\STM32F1xx_HAL_Driver\Src\stm32f1xx_hal.o
                0x08000cf8                HAL_Init
 .text.HAL_IncTick
                0x08000d1c       0x10 Drivers\STM32F1xx_HAL_Driver\Src\stm32f1xx_hal.o
                0x08000d1c                HAL_IncTick
 .text.HAL_GetTick
                0x08000d2c        0xc Drivers\STM32F1xx_HAL_Driver\Src\stm32f1xx_hal.o
                0x08000d2c                HAL_GetTick
 .text.HAL_Delay
                0x08000d38       0x1a Drivers\STM32F1xx_HAL_Driver\Src\stm32f1xx_hal.o
                0x08000d38                HAL_Delay
 .text.HAL_ADC_ConvCpltCallback
                0x08000d52        0x2 Drivers\STM32F1xx_HAL_Driver\Src\stm32f1xx_hal_adc.o
                0x08000d52                HAL_ADC_ConvCpltCallback
 .text.ADC_DMAConvCplt
                0x08000d54       0x4e Drivers\STM32F1xx_HAL_Driver\Src\stm32f1xx_hal_adc.o
                0x08000d54                ADC_DMAConvCplt
 .text.HAL_ADC_ConvHalfCpltCallback
                0x08000da2        0x2 Drivers\STM32F1xx_HAL_Driver\Src\stm32f1xx_hal_adc.o
                0x08000da2                HAL_ADC_ConvHalfCpltCallback
 .text.ADC_DMAHalfConvCplt
                0x08000da4        0xa Drivers\STM32F1xx_HAL_Driver\Src\stm32f1xx_hal_adc.o
                0x08000da4                ADC_DMAHalfConvCplt
 .text.HAL_ADC_LevelOutOfWindowCallback
                0x08000dae        0x2 Drivers\STM32F1xx_HAL_Driver\Src\stm32f1xx_hal_adc.o
                0x08000dae                HAL_ADC_LevelOutOfWindowCallback
 .text.HAL_ADC_IRQHandler
                0x08000db0       0xec Drivers\STM32F1xx_HAL_Driver\Src\stm32f1xx_hal_adc.o
                0x08000db0                HAL_ADC_IRQHandler
 .text.HAL_ADC_ErrorCallback
                0x08000e9c        0x2 Drivers\STM32F1xx_HAL_Driver\Src\stm32f1xx_hal_adc.o
                0x08000e9c                HAL_ADC_ErrorCallback
 .text.ADC_DMAError
                0x08000e9e       0x1a Drivers\STM32F1xx_HAL_Driver\Src\stm32f1xx_hal_adc.o
                0x08000e9e                ADC_DMAError
 .text.HAL_ADC_ConfigChannel
                0x08000eb8      0x180 Drivers\STM32F1xx_HAL_Driver\Src\stm32f1xx_hal_adc.o
                0x08000eb8                HAL_ADC_ConfigChannel
 .text.ADC_Enable
                0x08001038       0x70 Drivers\STM32F1xx_HAL_Driver\Src\stm32f1xx_hal_adc.o
                0x08001038                ADC_Enable
 .text.HAL_ADC_Start_DMA
                0x080010a8      0x11c Drivers\STM32F1xx_HAL_Driver\Src\stm32f1xx_hal_adc.o
                0x080010a8                HAL_ADC_Start_DMA
 .text.ADC_ConversionStop_Disable
                0x080011c4       0x44 Drivers\STM32F1xx_HAL_Driver\Src\stm32f1xx_hal_adc.o
                0x080011c4                ADC_ConversionStop_Disable
 .text.HAL_ADC_Init
                0x08001208      0x128 Drivers\STM32F1xx_HAL_Driver\Src\stm32f1xx_hal_adc.o
                0x08001208                HAL_ADC_Init
 .text.HAL_ADCEx_InjectedConvCpltCallback
                0x08001330        0x2 Drivers\STM32F1xx_HAL_Driver\Src\stm32f1xx_hal_adc_ex.o
                0x08001330                HAL_ADCEx_InjectedConvCpltCallback
 *fill*         0x08001332        0x2 
 .text.HAL_NVIC_SetPriorityGrouping
                0x08001334       0x24 Drivers\STM32F1xx_HAL_Driver\Src\stm32f1xx_hal_cortex.o
                0x08001334                HAL_NVIC_SetPriorityGrouping
 .text.HAL_NVIC_SetPriority
                0x08001358       0x68 Drivers\STM32F1xx_HAL_Driver\Src\stm32f1xx_hal_cortex.o
                0x08001358                HAL_NVIC_SetPriority
 .text.HAL_NVIC_EnableIRQ
                0x080013c0       0x18 Drivers\STM32F1xx_HAL_Driver\Src\stm32f1xx_hal_cortex.o
                0x080013c0                HAL_NVIC_EnableIRQ
 .text.HAL_SYSTICK_Config
                0x080013d8       0x2c Drivers\STM32F1xx_HAL_Driver\Src\stm32f1xx_hal_cortex.o
                0x080013d8                HAL_SYSTICK_Config
 .text.HAL_SYSTICK_CLKSourceConfig
                0x08001404       0x18 Drivers\STM32F1xx_HAL_Driver\Src\stm32f1xx_hal_cortex.o
                0x08001404                HAL_SYSTICK_CLKSourceConfig
 .text.HAL_SYSTICK_Callback
                0x0800141c        0x2 Drivers\STM32F1xx_HAL_Driver\Src\stm32f1xx_hal_cortex.o
                0x0800141c                HAL_SYSTICK_Callback
 .text.HAL_SYSTICK_IRQHandler
                0x0800141e        0x8 Drivers\STM32F1xx_HAL_Driver\Src\stm32f1xx_hal_cortex.o
                0x0800141e                HAL_SYSTICK_IRQHandler
 .text.HAL_DMA_Init
                0x08001426       0x4a Drivers\STM32F1xx_HAL_Driver\Src\stm32f1xx_hal_dma.o
                0x08001426                HAL_DMA_Init
 .text.HAL_DMA_Start_IT
                0x08001470       0x5a Drivers\STM32F1xx_HAL_Driver\Src\stm32f1xx_hal_dma.o
                0x08001470                HAL_DMA_Start_IT
 *fill*         0x080014ca        0x2 
 .text.HAL_DMA_IRQHandler
                0x080014cc      0x190 Drivers\STM32F1xx_HAL_Driver\Src\stm32f1xx_hal_dma.o
                0x080014cc                HAL_DMA_IRQHandler
 .text.HAL_GPIO_Init
                0x0800165c      0x1c0 Drivers\STM32F1xx_HAL_Driver\Src\stm32f1xx_hal_gpio.o
                0x0800165c                HAL_GPIO_Init
 .text.HAL_GPIO_WritePin
                0x0800181c        0xa Drivers\STM32F1xx_HAL_Driver\Src\stm32f1xx_hal_gpio.o
                0x0800181c                HAL_GPIO_WritePin
 .text.HAL_GPIO_TogglePin
                0x08001826        0x8 Drivers\STM32F1xx_HAL_Driver\Src\stm32f1xx_hal_gpio.o
                0x08001826                HAL_GPIO_TogglePin
 *fill*         0x0800182e        0x2 
 .text.HAL_RCC_OscConfig
                0x08001830      0x4b0 Drivers\STM32F1xx_HAL_Driver\Src\stm32f1xx_hal_rcc.o
                0x08001830                HAL_RCC_OscConfig
 .text.HAL_RCC_GetSysClockFreq
                0x08001ce0       0x94 Drivers\STM32F1xx_HAL_Driver\Src\stm32f1xx_hal_rcc.o
                0x08001ce0                HAL_RCC_GetSysClockFreq
 .text.HAL_RCC_ClockConfig
                0x08001d74      0x168 Drivers\STM32F1xx_HAL_Driver\Src\stm32f1xx_hal_rcc.o
                0x08001d74                HAL_RCC_ClockConfig
 .text.HAL_RCC_GetHCLKFreq
                0x08001edc        0xc Drivers\STM32F1xx_HAL_Driver\Src\stm32f1xx_hal_rcc.o
                0x08001edc                HAL_RCC_GetHCLKFreq
 .text.HAL_RCC_GetPCLK1Freq
                0x08001ee8       0x30 Drivers\STM32F1xx_HAL_Driver\Src\stm32f1xx_hal_rcc.o
                0x08001ee8                HAL_RCC_GetPCLK1Freq
 .text.HAL_RCC_GetPCLK2Freq
                0x08001f18       0x30 Drivers\STM32F1xx_HAL_Driver\Src\stm32f1xx_hal_rcc.o
                0x08001f18                HAL_RCC_GetPCLK2Freq
 .text.HAL_RCCEx_PeriphCLKConfig
                0x08001f48      0x10c Drivers\STM32F1xx_HAL_Driver\Src\stm32f1xx_hal_rcc_ex.o
                0x08001f48                HAL_RCCEx_PeriphCLKConfig
 .text.HAL_TIM_Base_Start_IT
                0x08002054       0x16 Drivers\STM32F1xx_HAL_Driver\Src\stm32f1xx_hal_tim.o
                0x08002054                HAL_TIM_Base_Start_IT
 .text.HAL_TIM_ConfigClockSource
                0x0800206a      0x172 Drivers\STM32F1xx_HAL_Driver\Src\stm32f1xx_hal_tim.o
                0x0800206a                HAL_TIM_ConfigClockSource
 .text.HAL_TIM_OC_DelayElapsedCallback
                0x080021dc        0x2 Drivers\STM32F1xx_HAL_Driver\Src\stm32f1xx_hal_tim.o
                0x080021dc                HAL_TIM_OC_DelayElapsedCallback
 .text.HAL_TIM_IC_CaptureCallback
                0x080021de        0x2 Drivers\STM32F1xx_HAL_Driver\Src\stm32f1xx_hal_tim.o
                0x080021de                HAL_TIM_IC_CaptureCallback
 .text.HAL_TIM_PWM_PulseFinishedCallback
                0x080021e0        0x2 Drivers\STM32F1xx_HAL_Driver\Src\stm32f1xx_hal_tim.o
                0x080021e0                HAL_TIM_PWM_PulseFinishedCallback
 .text.HAL_TIM_TriggerCallback
                0x080021e2        0x2 Drivers\STM32F1xx_HAL_Driver\Src\stm32f1xx_hal_tim.o
                0x080021e2                HAL_TIM_TriggerCallback
 .text.HAL_TIM_IRQHandler
                0x080021e4      0x144 Drivers\STM32F1xx_HAL_Driver\Src\stm32f1xx_hal_tim.o
                0x080021e4                HAL_TIM_IRQHandler
 .text.TIM_Base_SetConfig
                0x08002328       0x68 Drivers\STM32F1xx_HAL_Driver\Src\stm32f1xx_hal_tim.o
                0x08002328                TIM_Base_SetConfig
 .text.HAL_TIM_Base_Init
                0x08002390       0x34 Drivers\STM32F1xx_HAL_Driver\Src\stm32f1xx_hal_tim.o
                0x08002390                HAL_TIM_Base_Init
 .text.HAL_TIMEx_MasterConfigSynchronization
                0x080023c4       0x44 Drivers\STM32F1xx_HAL_Driver\Src\stm32f1xx_hal_tim_ex.o
                0x080023c4                HAL_TIMEx_MasterConfigSynchronization
 .text.HAL_TIMEx_CommutationCallback
                0x08002408        0x2 Drivers\STM32F1xx_HAL_Driver\Src\stm32f1xx_hal_tim_ex.o
                0x08002408                HAL_TIMEx_CommutationCallback
 .text.HAL_TIMEx_BreakCallback
                0x0800240a        0x2 Drivers\STM32F1xx_HAL_Driver\Src\stm32f1xx_hal_tim_ex.o
                0x0800240a                HAL_TIMEx_BreakCallback
 .text.UART_SetConfig
                0x0800240c      0x13c Drivers\STM32F1xx_HAL_Driver\Src\stm32f1xx_hal_uart.o
 .text.UART_WaitOnFlagUntilTimeout.constprop.1
                0x08002548       0x60 Drivers\STM32F1xx_HAL_Driver\Src\stm32f1xx_hal_uart.o
 .text.HAL_UART_Init
                0x080025a8       0x58 Drivers\STM32F1xx_HAL_Driver\Src\stm32f1xx_hal_uart.o
                0x080025a8                HAL_UART_Init
 .text.HAL_UART_Transmit
                0x08002600       0xb6 Drivers\STM32F1xx_HAL_Driver\Src\stm32f1xx_hal_uart.o
                0x08002600                HAL_UART_Transmit
 .text.HAL_UART_TxCpltCallback
                0x080026b6        0x2 Drivers\STM32F1xx_HAL_Driver\Src\stm32f1xx_hal_uart.o
                0x080026b6                HAL_UART_TxCpltCallback
 .text.HAL_UART_RxCpltCallback
                0x080026b8        0x2 Drivers\STM32F1xx_HAL_Driver\Src\stm32f1xx_hal_uart.o
                0x080026b8                HAL_UART_RxCpltCallback
 .text.HAL_UART_ErrorCallback
                0x080026ba        0x2 Drivers\STM32F1xx_HAL_Driver\Src\stm32f1xx_hal_uart.o
                0x080026ba                HAL_UART_ErrorCallback
 .text.HAL_UART_IRQHandler
                0x080026bc      0x188 Drivers\STM32F1xx_HAL_Driver\Src\stm32f1xx_hal_uart.o
                0x080026bc                HAL_UART_IRQHandler
 *fill*         0x08002844        0x4 
 .text.HAL_TIM_PeriodElapsedCallback
                0x08002848      0x120 Src\main.o
                0x08002848                HAL_TIM_PeriodElapsedCallback
 .text.SystemClock_Config
                0x08002968       0x80 Src\main.o
                0x08002968                SystemClock_Config
 .text.startup.main
                0x080029e8      0x268 Src\main.o
                0x080029e8                main
 .text.Error_Handler
                0x08002c50        0x2 Src\main.o
                0x08002c50                Error_Handler
 *fill*         0x08002c52        0x2 
 .text.HAL_MspInit
                0x08002c54       0x8c Src\stm32f1xx_hal_msp.o
                0x08002c54                HAL_MspInit
 .text.HAL_ADC_MspInit
                0x08002ce0       0x90 Src\stm32f1xx_hal_msp.o
                0x08002ce0                HAL_ADC_MspInit
 .text.HAL_TIM_Base_MspInit
                0x08002d70       0x68 Src\stm32f1xx_hal_msp.o
                0x08002d70                HAL_TIM_Base_MspInit
 .text.HAL_UART_MspInit
                0x08002dd8       0x68 Src\stm32f1xx_hal_msp.o
                0x08002dd8                HAL_UART_MspInit
 .text.NMI_Handler
                0x08002e40        0x2 Src\stm32f1xx_it.o
                0x08002e40                NMI_Handler
 .text.HardFault_Handler
                0x08002e42        0x2 Src\stm32f1xx_it.o
                0x08002e42                HardFault_Handler
 .text.MemManage_Handler
                0x08002e44        0x2 Src\stm32f1xx_it.o
                0x08002e44                MemManage_Handler
 .text.BusFault_Handler
                0x08002e46        0x2 Src\stm32f1xx_it.o
                0x08002e46                BusFault_Handler
 .text.UsageFault_Handler
                0x08002e48        0x2 Src\stm32f1xx_it.o
                0x08002e48                UsageFault_Handler
 .text.SVC_Handler
                0x08002e4a        0x2 Src\stm32f1xx_it.o
                0x08002e4a                SVC_Handler
 .text.DebugMon_Handler
                0x08002e4c        0x2 Src\stm32f1xx_it.o
                0x08002e4c                DebugMon_Handler
 .text.PendSV_Handler
                0x08002e4e        0x2 Src\stm32f1xx_it.o
                0x08002e4e                PendSV_Handler
 .text.SysTick_Handler
                0x08002e50        0xe Src\stm32f1xx_it.o
                0x08002e50                SysTick_Handler
 *fill*         0x08002e5e        0x2 
 .text.DMA1_Channel1_IRQHandler
                0x08002e60        0xc Src\stm32f1xx_it.o
                0x08002e60                DMA1_Channel1_IRQHandler
 .text.ADC1_2_IRQHandler
                0x08002e6c        0xc Src\stm32f1xx_it.o
                0x08002e6c                ADC1_2_IRQHandler
 .text.TIM2_IRQHandler
                0x08002e78        0xc Src\stm32f1xx_it.o
                0x08002e78                TIM2_IRQHandler
 .text.TIM3_IRQHandler
                0x08002e84        0xc Src\stm32f1xx_it.o
                0x08002e84                TIM3_IRQHandler
 .text.USART1_IRQHandler
                0x08002e90        0xc Src\stm32f1xx_it.o
                0x08002e90                USART1_IRQHandler
 .text.TLCD_Enable
                0x08002e9c       0x44 Src\tlcd.o
                0x08002e9c                TLCD_Enable
 .text.TLCD_4BitWrite
                0x08002ee0       0x6c Src\tlcd.o
                0x08002ee0                TLCD_4BitWrite
 .text.TNLD_Send
                0x08002f4c       0x30 Src\tlcd.o
                0x08002f4c                TNLD_Send
 .text.TLCD_Cmd
                0x08002f7c        0x6 Src\tlcd.o
                0x08002f7c                TLCD_Cmd
 *fill*         0x08002f82        0x2 
 .text.TLCD_Init
                0x08002f84       0xbc Src\tlcd.o
                0x08002f84                TLCD_Init
 .text.TLCD_Write
                0x08003040        0x6 Src\tlcd.o
                0x08003040                TLCD_Write
 .text.TLCD_Putc
                0x08003046       0x10 Src\tlcd.o
                0x08003046                TLCD_Putc
 .text.TLCD_Puts
                0x08003056       0x26 Src\tlcd.o
                0x08003056                TLCD_Puts
 .text.delay_us
                0x0800307c       0x12 Src\userDelay.o
                0x0800307c                delay_us
 .text.delay_ms
                0x0800308e       0x16 Src\userDelay.o
                0x0800308e                delay_ms
 .text.__libc_init_array
                0x080030a4       0x48 c:/program files (x86)/atollic/truestudio for stm32 9.0.1/armtools/bin/../lib/gcc/arm-atollic-eabi/6.3.1/../../../../arm-atollic-eabi/lib/armv7-m\libc_nano.a(lib_a-init.o)
                0x080030a4                __libc_init_array
 .text.sprintf  0x080030ec       0x48 c:/program files (x86)/atollic/truestudio for stm32 9.0.1/armtools/bin/../lib/gcc/arm-atollic-eabi/6.3.1/../../../../arm-atollic-eabi/lib/armv7-m\libc_nano.a(lib_a-sprintf.o)
                0x080030ec                siprintf
                0x080030ec                sprintf
 .text.__ssputs_r
                0x08003134       0xb6 c:/program files (x86)/atollic/truestudio for stm32 9.0.1/armtools/bin/../lib/gcc/arm-atollic-eabi/6.3.1/../../../../arm-atollic-eabi/lib/armv7-m\libc_nano.a(lib_a-nano-svfprintf.o)
                0x08003134                __ssputs_r
 *fill*         0x080031ea        0x2 
 .text._svfprintf_r
                0x080031ec      0x1e8 c:/program files (x86)/atollic/truestudio for stm32 9.0.1/armtools/bin/../lib/gcc/arm-atollic-eabi/6.3.1/../../../../arm-atollic-eabi/lib/armv7-m\libc_nano.a(lib_a-nano-svfprintf.o)
                0x080031ec                _svfiprintf_r
                0x080031ec                _svfprintf_r
 .text._printf_common
                0x080033d4       0xee c:/program files (x86)/atollic/truestudio for stm32 9.0.1/armtools/bin/../lib/gcc/arm-atollic-eabi/6.3.1/../../../../arm-atollic-eabi/lib/armv7-m\libc_nano.a(lib_a-nano-vfprintf_i.o)
                0x080033d4                _printf_common
 *fill*         0x080034c2        0x2 
 .text._printf_i
                0x080034c4      0x240 c:/program files (x86)/atollic/truestudio for stm32 9.0.1/armtools/bin/../lib/gcc/arm-atollic-eabi/6.3.1/../../../../arm-atollic-eabi/lib/armv7-m\libc_nano.a(lib_a-nano-vfprintf_i.o)
                0x080034c4                _printf_i
 .text.memchr   0x08003704       0x1c c:/program files (x86)/atollic/truestudio for stm32 9.0.1/armtools/bin/../lib/gcc/arm-atollic-eabi/6.3.1/../../../../arm-atollic-eabi/lib/armv7-m\libc_nano.a(lib_a-memchr-stub.o)
                0x08003704                memchr
 .text.memcpy   0x08003720       0x16 c:/program files (x86)/atollic/truestudio for stm32 9.0.1/armtools/bin/../lib/gcc/arm-atollic-eabi/6.3.1/../../../../arm-atollic-eabi/lib/armv7-m\libc_nano.a(lib_a-memcpy-stub.o)
                0x08003720                memcpy
 .text.memmove  0x08003736       0x34 c:/program files (x86)/atollic/truestudio for stm32 9.0.1/armtools/bin/../lib/gcc/arm-atollic-eabi/6.3.1/../../../../arm-atollic-eabi/lib/armv7-m\libc_nano.a(lib_a-memmove.o)
                0x08003736                memmove
 *fill*         0x0800376a        0x2 
 .text._free_r  0x0800376c       0x98 c:/program files (x86)/atollic/truestudio for stm32 9.0.1/armtools/bin/../lib/gcc/arm-atollic-eabi/6.3.1/../../../../arm-atollic-eabi/lib/armv7-m\libc_nano.a(lib_a-nano-freer.o)
                0x0800376c                _free_r
 .text._malloc_r
                0x08003804       0xbc c:/program files (x86)/atollic/truestudio for stm32 9.0.1/armtools/bin/../lib/gcc/arm-atollic-eabi/6.3.1/../../../../arm-atollic-eabi/lib/armv7-m\libc_nano.a(lib_a-nano-mallocr.o)
                0x08003804                _malloc_r
 .text._realloc_r
                0x080038c0       0x4c c:/program files (x86)/atollic/truestudio for stm32 9.0.1/armtools/bin/../lib/gcc/arm-atollic-eabi/6.3.1/../../../../arm-atollic-eabi/lib/armv7-m\libc_nano.a(lib_a-nano-reallocr.o)
                0x080038c0                _realloc_r
 .text._sbrk_r  0x0800390c       0x20 c:/program files (x86)/atollic/truestudio for stm32 9.0.1/armtools/bin/../lib/gcc/arm-atollic-eabi/6.3.1/../../../../arm-atollic-eabi/lib/armv7-m\libc_nano.a(lib_a-sbrkr.o)
                0x0800390c                _sbrk_r
 .text.__malloc_lock
                0x0800392c        0x2 c:/program files (x86)/atollic/truestudio for stm32 9.0.1/armtools/bin/../lib/gcc/arm-atollic-eabi/6.3.1/../../../../arm-atollic-eabi/lib/armv7-m\libc_nano.a(lib_a-mlock.o)
                0x0800392c                __malloc_lock
 .text.__malloc_unlock
                0x0800392e        0x2 c:/program files (x86)/atollic/truestudio for stm32 9.0.1/armtools/bin/../lib/gcc/arm-atollic-eabi/6.3.1/../../../../arm-atollic-eabi/lib/armv7-m\libc_nano.a(lib_a-mlock.o)
                0x0800392e                __malloc_unlock
 .text._malloc_usable_size_r
                0x08003930       0x12 c:/program files (x86)/atollic/truestudio for stm32 9.0.1/armtools/bin/../lib/gcc/arm-atollic-eabi/6.3.1/../../../../arm-atollic-eabi/lib/armv7-m\libc_nano.a(lib_a-nano-msizer.o)
                0x08003930                _malloc_usable_size_r
 *fill*         0x08003942        0x2 
 .text.log      0x08003944       0xf4 c:/program files (x86)/atollic/truestudio for stm32 9.0.1/armtools/bin/../lib/gcc/arm-atollic-eabi/6.3.1/../../../../arm-atollic-eabi/lib/armv7-m\libm.a(lib_a-w_log.o)
                0x08003944                log
 .text.__ieee754_log
                0x08003a38      0x3a8 c:/program files (x86)/atollic/truestudio for stm32 9.0.1/armtools/bin/../lib/gcc/arm-atollic-eabi/6.3.1/../../../../arm-atollic-eabi/lib/armv7-m\libm.a(lib_a-e_log.o)
                0x08003a38                __ieee754_log
 .text.matherr  0x08003de0        0x4 c:/program files (x86)/atollic/truestudio for stm32 9.0.1/armtools/bin/../lib/gcc/arm-atollic-eabi/6.3.1/../../../../arm-atollic-eabi/lib/armv7-m\libm.a(lib_a-s_matherr.o)
                0x08003de0                matherr
 .text.nan      0x08003de4        0xc c:/program files (x86)/atollic/truestudio for stm32 9.0.1/armtools/bin/../lib/gcc/arm-atollic-eabi/6.3.1/../../../../arm-atollic-eabi/lib/armv7-m\libm.a(lib_a-s_nan.o)
                0x08003de4                nan
 .text.__errno  0x08003df0        0xc c:/program files (x86)/atollic/truestudio for stm32 9.0.1/armtools/bin/../lib/gcc/arm-atollic-eabi/6.3.1/../../../../arm-atollic-eabi/lib/armv7-m\libc_nano.a(lib_a-errno.o)
                0x08003df0                __errno
 .text._sbrk    0x08003dfc       0x1c c:/program files (x86)/atollic/truestudio for stm32 9.0.1/armtools/bin/../lib/gcc/arm-atollic-eabi/6.3.1/../../../../arm-atollic-eabi/lib/armv7-m\libnosys.a(sbrk.o)
                0x08003dfc                _sbrk
 *(.glue_7)
 .glue_7        0x08003e18        0x0 linker stubs
 *(.glue_7t)
 .glue_7t       0x08003e18        0x0 linker stubs
 *(.eh_frame)
 .eh_frame      0x08003e18        0x0 c:/program files (x86)/atollic/truestudio for stm32 9.0.1/armtools/bin/../lib/gcc/arm-atollic-eabi/6.3.1/armv7-m/crtbegin.o
 *(.init)
 .init          0x08003e18        0x4 c:/program files (x86)/atollic/truestudio for stm32 9.0.1/armtools/bin/../lib/gcc/arm-atollic-eabi/6.3.1/armv7-m/crti.o
                0x08003e18                _init
 .init          0x08003e1c        0x8 c:/program files (x86)/atollic/truestudio for stm32 9.0.1/armtools/bin/../lib/gcc/arm-atollic-eabi/6.3.1/armv7-m/crtn.o
 *(.fini)
 .fini          0x08003e24        0x4 c:/program files (x86)/atollic/truestudio for stm32 9.0.1/armtools/bin/../lib/gcc/arm-atollic-eabi/6.3.1/armv7-m/crti.o
                0x08003e24                _fini
 .fini          0x08003e28        0x8 c:/program files (x86)/atollic/truestudio for stm32 9.0.1/armtools/bin/../lib/gcc/arm-atollic-eabi/6.3.1/armv7-m/crtn.o
                0x08003e30                . = ALIGN (0x4)
                0x08003e30                _etext = .

.vfp11_veneer   0x08003e30        0x0
 .vfp11_veneer  0x08003e30        0x0 linker stubs

.v4_bx          0x08003e30        0x0
 .v4_bx         0x08003e30        0x0 linker stubs

.iplt           0x08003e30        0x0
 .iplt          0x08003e30        0x0 c:/program files (x86)/atollic/truestudio for stm32 9.0.1/armtools/bin/../lib/gcc/arm-atollic-eabi/6.3.1/armv7-m/crtbegin.o

.rodata         0x08003e30       0x88
                0x08003e30                . = ALIGN (0x4)
 *(.rodata)
 .rodata        0x08003e30       0x10 Drivers\STM32F1xx_HAL_Driver\Src\stm32f1xx_hal_rcc.o
 *(.rodata*)
 .rodata.AHBPrescTable
                0x08003e40       0x10 Drivers\CMSIS\Device\ST\STM32F1xx\Source\Templates\system_stm32f1xx.o
                0x08003e40                AHBPrescTable
 .rodata.APBPrescTable
                0x08003e50        0x8 Drivers\CMSIS\Device\ST\STM32F1xx\Source\Templates\system_stm32f1xx.o
                0x08003e50                APBPrescTable
 .rodata.HAL_TIM_PeriodElapsedCallback.str1.1
                0x08003e58       0x14 Src\main.o
 .rodata.main.str1.1
                0x08003e6c       0x12 Src\main.o
 .rodata._svfprintf_r.str1.1
                0x08003e7e       0x11 c:/program files (x86)/atollic/truestudio for stm32 9.0.1/armtools/bin/../lib/gcc/arm-atollic-eabi/6.3.1/../../../../arm-atollic-eabi/lib/armv7-m\libc_nano.a(lib_a-nano-svfprintf.o)
 .rodata._printf_i.str1.1
                0x08003e8f       0x22 c:/program files (x86)/atollic/truestudio for stm32 9.0.1/armtools/bin/../lib/gcc/arm-atollic-eabi/6.3.1/../../../../arm-atollic-eabi/lib/armv7-m\libc_nano.a(lib_a-nano-vfprintf_i.o)
 .rodata.log.str1.1
                0x08003eb1        0x4 c:/program files (x86)/atollic/truestudio for stm32 9.0.1/armtools/bin/../lib/gcc/arm-atollic-eabi/6.3.1/../../../../arm-atollic-eabi/lib/armv7-m\libm.a(lib_a-w_log.o)
                                  0x5 (size before relaxing)
                0x08003eb8                . = ALIGN (0x4)
 *fill*         0x08003eb5        0x3 

.rel.dyn        0x08003eb8        0x0
 .rel.iplt      0x08003eb8        0x0 c:/program files (x86)/atollic/truestudio for stm32 9.0.1/armtools/bin/../lib/gcc/arm-atollic-eabi/6.3.1/armv7-m/crtbegin.o

.ARM.extab
 *(.ARM.extab* .gnu.linkonce.armextab.*)

.ARM            0x08003eb8        0x0
                0x08003eb8                __exidx_start = .
 *(.ARM.exidx*)
                0x08003eb8                __exidx_end = .

.preinit_array  0x08003eb8        0x0
                0x08003eb8                PROVIDE (__preinit_array_start, .)
 *(.preinit_array*)
                0x08003eb8                PROVIDE (__preinit_array_end, .)

.init_array     0x08003eb8        0x4
                0x08003eb8                PROVIDE (__init_array_start, .)
 *(SORT(.init_array.*))
 *(.init_array*)
 .init_array    0x08003eb8        0x4 c:/program files (x86)/atollic/truestudio for stm32 9.0.1/armtools/bin/../lib/gcc/arm-atollic-eabi/6.3.1/armv7-m/crtbegin.o
                0x08003ebc                PROVIDE (__init_array_end, .)

.fini_array     0x08003ebc        0x4
                [!provide]                PROVIDE (__fini_array_start, .)
 *(SORT(.fini_array.*))
 *(.fini_array*)
 .fini_array    0x08003ebc        0x4 c:/program files (x86)/atollic/truestudio for stm32 9.0.1/armtools/bin/../lib/gcc/arm-atollic-eabi/6.3.1/armv7-m/crtbegin.o
                [!provide]                PROVIDE (__fini_array_end, .)
                0x08003ec0                _sidata = LOADADDR (.data)

.data           0x20000000       0x6c load address 0x08003ec0
                0x20000000                . = ALIGN (0x4)
                0x20000000                _sdata = .
 *(.data)
 *(.data*)
 .data.SystemCoreClock
                0x20000000        0x4 Drivers\CMSIS\Device\ST\STM32F1xx\Source\Templates\system_stm32f1xx.o
                0x20000000                SystemCoreClock
 .data._impure_ptr
                0x20000004        0x4 c:/program files (x86)/atollic/truestudio for stm32 9.0.1/armtools/bin/../lib/gcc/arm-atollic-eabi/6.3.1/../../../../arm-atollic-eabi/lib/armv7-m\libc_nano.a(lib_a-impure.o)
                0x20000004                _impure_ptr
 .data.impure_data
                0x20000008       0x60 c:/program files (x86)/atollic/truestudio for stm32 9.0.1/armtools/bin/../lib/gcc/arm-atollic-eabi/6.3.1/../../../../arm-atollic-eabi/lib/armv7-m\libc_nano.a(lib_a-impure.o)
 .data.__fdlib_version
                0x20000068        0x1 c:/program files (x86)/atollic/truestudio for stm32 9.0.1/armtools/bin/../lib/gcc/arm-atollic-eabi/6.3.1/../../../../arm-atollic-eabi/lib/armv7-m\libm.a(lib_a-s_lib_ver.o)
                0x20000068                __fdlib_version
                0x2000006c                . = ALIGN (0x4)
 *fill*         0x20000069        0x3 
                0x2000006c                _edata = .

.igot.plt       0x2000006c        0x0 load address 0x08003f2c
 .igot.plt      0x2000006c        0x0 c:/program files (x86)/atollic/truestudio for stm32 9.0.1/armtools/bin/../lib/gcc/arm-atollic-eabi/6.3.1/armv7-m/crtbegin.o
                0x2000006c                . = ALIGN (0x4)

.bss            0x2000006c      0x1bc load address 0x08003f2c
                0x2000006c                _sbss = .
                0x2000006c                __bss_start__ = _sbss
 *(.bss)
 .bss           0x2000006c       0x1c c:/program files (x86)/atollic/truestudio for stm32 9.0.1/armtools/bin/../lib/gcc/arm-atollic-eabi/6.3.1/armv7-m/crtbegin.o
 *(.bss*)
 .bss.uwTick    0x20000088        0x4 Drivers\STM32F1xx_HAL_Driver\Src\stm32f1xx_hal.o
 .bss.__malloc_free_list
                0x2000008c        0x4 c:/program files (x86)/atollic/truestudio for stm32 9.0.1/armtools/bin/../lib/gcc/arm-atollic-eabi/6.3.1/../../../../arm-atollic-eabi/lib/armv7-m\libc_nano.a(lib_a-nano-mallocr.o)
                0x2000008c                __malloc_free_list
 .bss.__malloc_sbrk_start
                0x20000090        0x4 c:/program files (x86)/atollic/truestudio for stm32 9.0.1/armtools/bin/../lib/gcc/arm-atollic-eabi/6.3.1/../../../../arm-atollic-eabi/lib/armv7-m\libc_nano.a(lib_a-nano-mallocr.o)
                0x20000090                __malloc_sbrk_start
 .bss.heap_end.4116
                0x20000094        0x4 c:/program files (x86)/atollic/truestudio for stm32 9.0.1/armtools/bin/../lib/gcc/arm-atollic-eabi/6.3.1/../../../../arm-atollic-eabi/lib/armv7-m\libnosys.a(sbrk.o)
 *(COMMON)
 COMMON         0x20000098       0x1c Drivers\CMSIS\Device\ST\STM32F1xx\Source\Templates\system_stm32f1xx.o
                0x20000098                GPIOx
                0x2000009c                TData6
                0x200000a0                TData5
                0x200000a4                TData7
                0x200000a8                TEN
                0x200000ac                TRS
                0x200000b0                TData4
 COMMON         0x200000b4      0x170 Src\main.o
                0x200000b4                K
                0x200000b8                htim3
                0x200000f4                gADCDATA
                0x20000100                z
                0x20000104                hadc1
                0x20000134                huart1
                0x20000174                hdma_adc1
                0x200001ac                P_next
                0x200001b0                mathStr
                0x200001d8                htim2
                0x20000214                x_next
                0x20000218                con_ADCDATA
 COMMON         0x20000224        0x4 c:/program files (x86)/atollic/truestudio for stm32 9.0.1/armtools/bin/../lib/gcc/arm-atollic-eabi/6.3.1/../../../../arm-atollic-eabi/lib/armv7-m\libc_nano.a(lib_a-reent.o)
                0x20000224                errno
                0x20000228                . = ALIGN (0x4)
                0x20000228                _ebss = .
                0x20000228                __bss_end__ = _ebss

._user_heap_stack
                0x20000228      0x600 load address 0x08003f2c
                0x20000228                . = ALIGN (0x4)
                0x20000228                PROVIDE (end, .)
                [!provide]                PROVIDE (_end, .)
                0x20000428                . = (. + _Min_Heap_Size)
 *fill*         0x20000228      0x200 
                0x20000828                . = (. + _Min_Stack_Size)
 *fill*         0x20000428      0x400 
                0x20000828                . = ALIGN (0x4)

/DISCARD/
 libc.a(*)
 libm.a(*)
 libgcc.a(*)

.ARM.attributes
                0x00000000       0x29
 *(.ARM.attributes)
 .ARM.attributes
                0x00000000       0x1d c:/program files (x86)/atollic/truestudio for stm32 9.0.1/armtools/bin/../lib/gcc/arm-atollic-eabi/6.3.1/armv7-m/crti.o
 .ARM.attributes
                0x0000001d       0x2d c:/program files (x86)/atollic/truestudio for stm32 9.0.1/armtools/bin/../lib/gcc/arm-atollic-eabi/6.3.1/armv7-m/crtbegin.o
 .ARM.attributes
                0x0000004a       0x21 Drivers\CMSIS\Device\ST\STM32F1xx\Source\Templates\gcc\startup_stm32f103xb.o
 .ARM.attributes
                0x0000006b       0x33 Drivers\CMSIS\Device\ST\STM32F1xx\Source\Templates\system_stm32f1xx.o
 .ARM.attributes
                0x0000009e       0x33 Drivers\STM32F1xx_HAL_Driver\Src\stm32f1xx_hal.o
 .ARM.attributes
                0x000000d1       0x33 Drivers\STM32F1xx_HAL_Driver\Src\stm32f1xx_hal_adc.o
 .ARM.attributes
                0x00000104       0x33 Drivers\STM32F1xx_HAL_Driver\Src\stm32f1xx_hal_adc_ex.o
 .ARM.attributes
                0x00000137       0x33 Drivers\STM32F1xx_HAL_Driver\Src\stm32f1xx_hal_cortex.o
 .ARM.attributes
                0x0000016a       0x33 Drivers\STM32F1xx_HAL_Driver\Src\stm32f1xx_hal_dma.o
 .ARM.attributes
                0x0000019d       0x33 Drivers\STM32F1xx_HAL_Driver\Src\stm32f1xx_hal_gpio.o
 .ARM.attributes
                0x000001d0       0x33 Drivers\STM32F1xx_HAL_Driver\Src\stm32f1xx_hal_rcc.o
 .ARM.attributes
                0x00000203       0x33 Drivers\STM32F1xx_HAL_Driver\Src\stm32f1xx_hal_rcc_ex.o
 .ARM.attributes
                0x00000236       0x33 Drivers\STM32F1xx_HAL_Driver\Src\stm32f1xx_hal_tim.o
 .ARM.attributes
                0x00000269       0x33 Drivers\STM32F1xx_HAL_Driver\Src\stm32f1xx_hal_tim_ex.o
 .ARM.attributes
                0x0000029c       0x33 Drivers\STM32F1xx_HAL_Driver\Src\stm32f1xx_hal_uart.o
 .ARM.attributes
                0x000002cf       0x33 Src\main.o
 .ARM.attributes
                0x00000302       0x33 Src\stm32f1xx_hal_msp.o
 .ARM.attributes
                0x00000335       0x33 Src\stm32f1xx_it.o
 .ARM.attributes
                0x00000368       0x33 Src\tlcd.o
 .ARM.attributes
                0x0000039b       0x33 Src\userDelay.o
 .ARM.attributes
                0x000003ce       0x2d c:/program files (x86)/atollic/truestudio for stm32 9.0.1/armtools/bin/../lib/gcc/arm-atollic-eabi/6.3.1/../../../../arm-atollic-eabi/lib/armv7-m\libc_nano.a(lib_a-init.o)
 .ARM.attributes
                0x000003fb       0x2d c:/program files (x86)/atollic/truestudio for stm32 9.0.1/armtools/bin/../lib/gcc/arm-atollic-eabi/6.3.1/../../../../arm-atollic-eabi/lib/armv7-m\libc_nano.a(lib_a-sprintf.o)
 .ARM.attributes
                0x00000428       0x2d c:/program files (x86)/atollic/truestudio for stm32 9.0.1/armtools/bin/../lib/gcc/arm-atollic-eabi/6.3.1/../../../../arm-atollic-eabi/lib/armv7-m\libc_nano.a(lib_a-impure.o)
 .ARM.attributes
                0x00000455       0x2d c:/program files (x86)/atollic/truestudio for stm32 9.0.1/armtools/bin/../lib/gcc/arm-atollic-eabi/6.3.1/../../../../arm-atollic-eabi/lib/armv7-m\libc_nano.a(lib_a-nano-svfprintf.o)
 .ARM.attributes
                0x00000482       0x2d c:/program files (x86)/atollic/truestudio for stm32 9.0.1/armtools/bin/../lib/gcc/arm-atollic-eabi/6.3.1/../../../../arm-atollic-eabi/lib/armv7-m\libc_nano.a(lib_a-nano-vfprintf_i.o)
 .ARM.attributes
                0x000004af       0x2d c:/program files (x86)/atollic/truestudio for stm32 9.0.1/armtools/bin/../lib/gcc/arm-atollic-eabi/6.3.1/../../../../arm-atollic-eabi/lib/armv7-m\libc_nano.a(lib_a-memchr-stub.o)
 .ARM.attributes
                0x000004dc       0x2d c:/program files (x86)/atollic/truestudio for stm32 9.0.1/armtools/bin/../lib/gcc/arm-atollic-eabi/6.3.1/../../../../arm-atollic-eabi/lib/armv7-m\libc_nano.a(lib_a-memcpy-stub.o)
 .ARM.attributes
                0x00000509       0x2d c:/program files (x86)/atollic/truestudio for stm32 9.0.1/armtools/bin/../lib/gcc/arm-atollic-eabi/6.3.1/../../../../arm-atollic-eabi/lib/armv7-m\libc_nano.a(lib_a-memmove.o)
 .ARM.attributes
                0x00000536       0x2d c:/program files (x86)/atollic/truestudio for stm32 9.0.1/armtools/bin/../lib/gcc/arm-atollic-eabi/6.3.1/../../../../arm-atollic-eabi/lib/armv7-m\libc_nano.a(lib_a-nano-freer.o)
 .ARM.attributes
                0x00000563       0x2d c:/program files (x86)/atollic/truestudio for stm32 9.0.1/armtools/bin/../lib/gcc/arm-atollic-eabi/6.3.1/../../../../arm-atollic-eabi/lib/armv7-m\libc_nano.a(lib_a-nano-mallocr.o)
 .ARM.attributes
                0x00000590       0x2d c:/program files (x86)/atollic/truestudio for stm32 9.0.1/armtools/bin/../lib/gcc/arm-atollic-eabi/6.3.1/../../../../arm-atollic-eabi/lib/armv7-m\libc_nano.a(lib_a-nano-reallocr.o)
 .ARM.attributes
                0x000005bd       0x2d c:/program files (x86)/atollic/truestudio for stm32 9.0.1/armtools/bin/../lib/gcc/arm-atollic-eabi/6.3.1/../../../../arm-atollic-eabi/lib/armv7-m\libc_nano.a(lib_a-sbrkr.o)
 .ARM.attributes
                0x000005ea       0x2d c:/program files (x86)/atollic/truestudio for stm32 9.0.1/armtools/bin/../lib/gcc/arm-atollic-eabi/6.3.1/../../../../arm-atollic-eabi/lib/armv7-m\libc_nano.a(lib_a-mlock.o)
 .ARM.attributes
                0x00000617       0x2d c:/program files (x86)/atollic/truestudio for stm32 9.0.1/armtools/bin/../lib/gcc/arm-atollic-eabi/6.3.1/../../../../arm-atollic-eabi/lib/armv7-m\libc_nano.a(lib_a-nano-msizer.o)
 .ARM.attributes
                0x00000644       0x2d c:/program files (x86)/atollic/truestudio for stm32 9.0.1/armtools/bin/../lib/gcc/arm-atollic-eabi/6.3.1/../../../../arm-atollic-eabi/lib/armv7-m\libc_nano.a(lib_a-reent.o)
 .ARM.attributes
                0x00000671       0x2d c:/program files (x86)/atollic/truestudio for stm32 9.0.1/armtools/bin/../lib/gcc/arm-atollic-eabi/6.3.1/../../../../arm-atollic-eabi/lib/armv7-m\libm.a(lib_a-w_log.o)
 .ARM.attributes
                0x0000069e       0x2d c:/program files (x86)/atollic/truestudio for stm32 9.0.1/armtools/bin/../lib/gcc/arm-atollic-eabi/6.3.1/../../../../arm-atollic-eabi/lib/armv7-m\libm.a(lib_a-e_log.o)
 .ARM.attributes
                0x000006cb       0x2d c:/program files (x86)/atollic/truestudio for stm32 9.0.1/armtools/bin/../lib/gcc/arm-atollic-eabi/6.3.1/../../../../arm-atollic-eabi/lib/armv7-m\libm.a(lib_a-s_lib_ver.o)
 .ARM.attributes
                0x000006f8       0x2d c:/program files (x86)/atollic/truestudio for stm32 9.0.1/armtools/bin/../lib/gcc/arm-atollic-eabi/6.3.1/../../../../arm-atollic-eabi/lib/armv7-m\libm.a(lib_a-s_matherr.o)
 .ARM.attributes
                0x00000725       0x2d c:/program files (x86)/atollic/truestudio for stm32 9.0.1/armtools/bin/../lib/gcc/arm-atollic-eabi/6.3.1/../../../../arm-atollic-eabi/lib/armv7-m\libm.a(lib_a-s_nan.o)
 .ARM.attributes
                0x00000752       0x2d c:/program files (x86)/atollic/truestudio for stm32 9.0.1/armtools/bin/../lib/gcc/arm-atollic-eabi/6.3.1/../../../../arm-atollic-eabi/lib/armv7-m\libc_nano.a(lib_a-errno.o)
 .ARM.attributes
                0x0000077f       0x1d c:/program files (x86)/atollic/truestudio for stm32 9.0.1/armtools/bin/../lib/gcc/arm-atollic-eabi/6.3.1/armv7-m\libgcc.a(_arm_addsubdf3.o)
 .ARM.attributes
                0x0000079c       0x1d c:/program files (x86)/atollic/truestudio for stm32 9.0.1/armtools/bin/../lib/gcc/arm-atollic-eabi/6.3.1/armv7-m\libgcc.a(_arm_muldivdf3.o)
 .ARM.attributes
                0x000007b9       0x1d c:/program files (x86)/atollic/truestudio for stm32 9.0.1/armtools/bin/../lib/gcc/arm-atollic-eabi/6.3.1/armv7-m\libgcc.a(_arm_cmpdf2.o)
 .ARM.attributes
                0x000007d6       0x1d c:/program files (x86)/atollic/truestudio for stm32 9.0.1/armtools/bin/../lib/gcc/arm-atollic-eabi/6.3.1/armv7-m\libgcc.a(_arm_unorddf2.o)
 .ARM.attributes
                0x000007f3       0x1d c:/program files (x86)/atollic/truestudio for stm32 9.0.1/armtools/bin/../lib/gcc/arm-atollic-eabi/6.3.1/armv7-m\libgcc.a(_arm_addsubsf3.o)
 .ARM.attributes
                0x00000810       0x2d c:/program files (x86)/atollic/truestudio for stm32 9.0.1/armtools/bin/../lib/gcc/arm-atollic-eabi/6.3.1/../../../../arm-atollic-eabi/lib/armv7-m\libnosys.a(sbrk.o)
 .ARM.attributes
                0x0000083d       0x1d c:/program files (x86)/atollic/truestudio for stm32 9.0.1/armtools/bin/../lib/gcc/arm-atollic-eabi/6.3.1/armv7-m/crtn.o
OUTPUT(tgl103.elf elf32-littlearm)

.debug_line     0x00000000     0x6fdc
 .debug_line    0x00000000       0xac Drivers\CMSIS\Device\ST\STM32F1xx\Source\Templates\gcc\startup_stm32f103xb.o
 .debug_line    0x000000ac      0x32e Drivers\CMSIS\Device\ST\STM32F1xx\Source\Templates\system_stm32f1xx.o
 .debug_line    0x000003da      0x49d Drivers\STM32F1xx_HAL_Driver\Src\stm32f1xx_hal.o
 .debug_line    0x00000877      0x972 Drivers\STM32F1xx_HAL_Driver\Src\stm32f1xx_hal_adc.o
 .debug_line    0x000011e9      0x82d Drivers\STM32F1xx_HAL_Driver\Src\stm32f1xx_hal_adc_ex.o
 .debug_line    0x00001a16      0x4a9 Drivers\STM32F1xx_HAL_Driver\Src\stm32f1xx_hal_cortex.o
 .debug_line    0x00001ebf      0x73b Drivers\STM32F1xx_HAL_Driver\Src\stm32f1xx_hal_dma.o
 .debug_line    0x000025fa      0x4c2 Drivers\STM32F1xx_HAL_Driver\Src\stm32f1xx_hal_gpio.o
 .debug_line    0x00002abc      0x934 Drivers\STM32F1xx_HAL_Driver\Src\stm32f1xx_hal_rcc.o
 .debug_line    0x000033f0      0x4c3 Drivers\STM32F1xx_HAL_Driver\Src\stm32f1xx_hal_rcc_ex.o
 .debug_line    0x000038b3     0x11bf Drivers\STM32F1xx_HAL_Driver\Src\stm32f1xx_hal_tim.o
 .debug_line    0x00004a72      0x782 Drivers\STM32F1xx_HAL_Driver\Src\stm32f1xx_hal_tim_ex.o
 .debug_line    0x000051f4      0xadc Drivers\STM32F1xx_HAL_Driver\Src\stm32f1xx_hal_uart.o
 .debug_line    0x00005cd0      0x54a Src\main.o
 .debug_line    0x0000621a      0x48d Src\stm32f1xx_hal_msp.o
 .debug_line    0x000066a7      0x422 Src\stm32f1xx_it.o
 .debug_line    0x00006ac9      0x3c6 Src\tlcd.o
 .debug_line    0x00006e8f      0x14d Src\userDelay.o

.debug_info     0x00000000    0x17b52
 .debug_info    0x00000000       0xb0 Drivers\CMSIS\Device\ST\STM32F1xx\Source\Templates\gcc\startup_stm32f103xb.o
 .debug_info    0x000000b0      0xd39 Drivers\CMSIS\Device\ST\STM32F1xx\Source\Templates\system_stm32f1xx.o
 .debug_info    0x00000de9     0x1034 Drivers\STM32F1xx_HAL_Driver\Src\stm32f1xx_hal.o
 .debug_info    0x00001e1d     0x19ae Drivers\STM32F1xx_HAL_Driver\Src\stm32f1xx_hal_adc.o
 .debug_info    0x000037cb     0x15e0 Drivers\STM32F1xx_HAL_Driver\Src\stm32f1xx_hal_adc_ex.o
 .debug_info    0x00004dab     0x159a Drivers\STM32F1xx_HAL_Driver\Src\stm32f1xx_hal_cortex.o
 .debug_info    0x00006345      0xfe8 Drivers\STM32F1xx_HAL_Driver\Src\stm32f1xx_hal_dma.o
 .debug_info    0x0000732d      0xf37 Drivers\STM32F1xx_HAL_Driver\Src\stm32f1xx_hal_gpio.o
 .debug_info    0x00008264     0x1ab6 Drivers\STM32F1xx_HAL_Driver\Src\stm32f1xx_hal_rcc.o
 .debug_info    0x00009d1a      0xee6 Drivers\STM32F1xx_HAL_Driver\Src\stm32f1xx_hal_rcc_ex.o
 .debug_info    0x0000ac00     0x3c4f Drivers\STM32F1xx_HAL_Driver\Src\stm32f1xx_hal_tim.o
 .debug_info    0x0000e84f     0x1a16 Drivers\STM32F1xx_HAL_Driver\Src\stm32f1xx_hal_tim_ex.o
 .debug_info    0x00010265     0x1a48 Drivers\STM32F1xx_HAL_Driver\Src\stm32f1xx_hal_uart.o
 .debug_info    0x00011cad     0x214a Src\main.o
 .debug_info    0x00013df7     0x1963 Src\stm32f1xx_hal_msp.o
 .debug_info    0x0001575a     0x13f7 Src\stm32f1xx_it.o
 .debug_info    0x00016b51      0xf1b Src\tlcd.o
 .debug_info    0x00017a6c       0xe6 Src\userDelay.o

.debug_abbrev   0x00000000     0x32d2
 .debug_abbrev  0x00000000       0x12 Drivers\CMSIS\Device\ST\STM32F1xx\Source\Templates\gcc\startup_stm32f103xb.o
 .debug_abbrev  0x00000012      0x227 Drivers\CMSIS\Device\ST\STM32F1xx\Source\Templates\system_stm32f1xx.o
 .debug_abbrev  0x00000239      0x346 Drivers\STM32F1xx_HAL_Driver\Src\stm32f1xx_hal.o
 .debug_abbrev  0x0000057f      0x36a Drivers\STM32F1xx_HAL_Driver\Src\stm32f1xx_hal_adc.o
 .debug_abbrev  0x000008e9      0x343 Drivers\STM32F1xx_HAL_Driver\Src\stm32f1xx_hal_adc_ex.o
 .debug_abbrev  0x00000c2c      0x3b0 Drivers\STM32F1xx_HAL_Driver\Src\stm32f1xx_hal_cortex.o
 .debug_abbrev  0x00000fdc      0x2dc Drivers\STM32F1xx_HAL_Driver\Src\stm32f1xx_hal_dma.o
 .debug_abbrev  0x000012b8      0x2a4 Drivers\STM32F1xx_HAL_Driver\Src\stm32f1xx_hal_gpio.o
 .debug_abbrev  0x0000155c      0x383 Drivers\STM32F1xx_HAL_Driver\Src\stm32f1xx_hal_rcc.o
 .debug_abbrev  0x000018df      0x33b Drivers\STM32F1xx_HAL_Driver\Src\stm32f1xx_hal_rcc_ex.o
 .debug_abbrev  0x00001c1a      0x3f7 Drivers\STM32F1xx_HAL_Driver\Src\stm32f1xx_hal_tim.o
 .debug_abbrev  0x00002011      0x349 Drivers\STM32F1xx_HAL_Driver\Src\stm32f1xx_hal_tim_ex.o
 .debug_abbrev  0x0000235a      0x3a8 Drivers\STM32F1xx_HAL_Driver\Src\stm32f1xx_hal_uart.o
 .debug_abbrev  0x00002702      0x3bc Src\main.o
 .debug_abbrev  0x00002abe      0x2a7 Src\stm32f1xx_hal_msp.o
 .debug_abbrev  0x00002d65      0x25c Src\stm32f1xx_it.o
 .debug_abbrev  0x00002fc1      0x273 Src\tlcd.o
 .debug_abbrev  0x00003234       0x9e Src\userDelay.o

.debug_aranges  0x00000000      0xa08
 .debug_aranges
                0x00000000       0x28 Drivers\CMSIS\Device\ST\STM32F1xx\Source\Templates\gcc\startup_stm32f103xb.o
 .debug_aranges
                0x00000028       0x28 Drivers\CMSIS\Device\ST\STM32F1xx\Source\Templates\system_stm32f1xx.o
 .debug_aranges
                0x00000050       0xa8 Drivers\STM32F1xx_HAL_Driver\Src\stm32f1xx_hal.o
 .debug_aranges
                0x000000f8       0xc8 Drivers\STM32F1xx_HAL_Driver\Src\stm32f1xx_hal_adc.o
 .debug_aranges
                0x000001c0       0x80 Drivers\STM32F1xx_HAL_Driver\Src\stm32f1xx_hal_adc_ex.o
 .debug_aranges
                0x00000240       0x90 Drivers\STM32F1xx_HAL_Driver\Src\stm32f1xx_hal_cortex.o
 .debug_aranges
                0x000002d0       0x60 Drivers\STM32F1xx_HAL_Driver\Src\stm32f1xx_hal_dma.o
 .debug_aranges
                0x00000330       0x58 Drivers\STM32F1xx_HAL_Driver\Src\stm32f1xx_hal_gpio.o
 .debug_aranges
                0x00000388       0x88 Drivers\STM32F1xx_HAL_Driver\Src\stm32f1xx_hal_rcc.o
 .debug_aranges
                0x00000410       0x30 Drivers\STM32F1xx_HAL_Driver\Src\stm32f1xx_hal_rcc_ex.o
 .debug_aranges
                0x00000440      0x250 Drivers\STM32F1xx_HAL_Driver\Src\stm32f1xx_hal_tim.o
 .debug_aranges
                0x00000690       0xe8 Drivers\STM32F1xx_HAL_Driver\Src\stm32f1xx_hal_tim_ex.o
 .debug_aranges
                0x00000778      0x108 Drivers\STM32F1xx_HAL_Driver\Src\stm32f1xx_hal_uart.o
 .debug_aranges
                0x00000880       0x48 Src\main.o
 .debug_aranges
                0x000008c8       0x50 Src\stm32f1xx_hal_msp.o
 .debug_aranges
                0x00000918       0x70 Src\stm32f1xx_it.o
 .debug_aranges
                0x00000988       0x58 Src\tlcd.o
 .debug_aranges
                0x000009e0       0x28 Src\userDelay.o

.debug_ranges   0x00000000      0xe90
 .debug_ranges  0x00000000       0x20 Drivers\CMSIS\Device\ST\STM32F1xx\Source\Templates\gcc\startup_stm32f103xb.o
 .debug_ranges  0x00000020       0x18 Drivers\CMSIS\Device\ST\STM32F1xx\Source\Templates\system_stm32f1xx.o
 .debug_ranges  0x00000038       0x98 Drivers\STM32F1xx_HAL_Driver\Src\stm32f1xx_hal.o
 .debug_ranges  0x000000d0       0xb8 Drivers\STM32F1xx_HAL_Driver\Src\stm32f1xx_hal_adc.o
 .debug_ranges  0x00000188       0x88 Drivers\STM32F1xx_HAL_Driver\Src\stm32f1xx_hal_adc_ex.o
 .debug_ranges  0x00000210      0x128 Drivers\STM32F1xx_HAL_Driver\Src\stm32f1xx_hal_cortex.o
 .debug_ranges  0x00000338       0x80 Drivers\STM32F1xx_HAL_Driver\Src\stm32f1xx_hal_dma.o
 .debug_ranges  0x000003b8       0x60 Drivers\STM32F1xx_HAL_Driver\Src\stm32f1xx_hal_gpio.o
 .debug_ranges  0x00000418      0x238 Drivers\STM32F1xx_HAL_Driver\Src\stm32f1xx_hal_rcc.o
 .debug_ranges  0x00000650       0x80 Drivers\STM32F1xx_HAL_Driver\Src\stm32f1xx_hal_rcc_ex.o
 .debug_ranges  0x000006d0      0x328 Drivers\STM32F1xx_HAL_Driver\Src\stm32f1xx_hal_tim.o
 .debug_ranges  0x000009f8       0xd8 Drivers\STM32F1xx_HAL_Driver\Src\stm32f1xx_hal_tim_ex.o
 .debug_ranges  0x00000ad0      0x140 Drivers\STM32F1xx_HAL_Driver\Src\stm32f1xx_hal_uart.o
 .debug_ranges  0x00000c10       0xd0 Src\main.o
 .debug_ranges  0x00000ce0       0xf0 Src\stm32f1xx_hal_msp.o
 .debug_ranges  0x00000dd0       0x60 Src\stm32f1xx_it.o
 .debug_ranges  0x00000e30       0x48 Src\tlcd.o
 .debug_ranges  0x00000e78       0x18 Src\userDelay.o

.debug_loc      0x00000000     0x75a4
 .debug_loc     0x00000000       0xcd Drivers\CMSIS\Device\ST\STM32F1xx\Source\Templates\system_stm32f1xx.o
 .debug_loc     0x000000cd       0x73 Drivers\STM32F1xx_HAL_Driver\Src\stm32f1xx_hal.o
 .debug_loc     0x00000140      0x996 Drivers\STM32F1xx_HAL_Driver\Src\stm32f1xx_hal_adc.o
 .debug_loc     0x00000ad6      0x825 Drivers\STM32F1xx_HAL_Driver\Src\stm32f1xx_hal_adc_ex.o
 .debug_loc     0x000012fb      0x46b Drivers\STM32F1xx_HAL_Driver\Src\stm32f1xx_hal_cortex.o
 .debug_loc     0x00001766      0x446 Drivers\STM32F1xx_HAL_Driver\Src\stm32f1xx_hal_dma.o
 .debug_loc     0x00001bac      0x36a Drivers\STM32F1xx_HAL_Driver\Src\stm32f1xx_hal_gpio.o
 .debug_loc     0x00001f16      0x835 Drivers\STM32F1xx_HAL_Driver\Src\stm32f1xx_hal_rcc.o
 .debug_loc     0x0000274b      0x35c Drivers\STM32F1xx_HAL_Driver\Src\stm32f1xx_hal_rcc_ex.o
 .debug_loc     0x00002aa7     0x3001 Drivers\STM32F1xx_HAL_Driver\Src\stm32f1xx_hal_tim.o
 .debug_loc     0x00005aa8      0x746 Drivers\STM32F1xx_HAL_Driver\Src\stm32f1xx_hal_tim_ex.o
 .debug_loc     0x000061ee      0xd78 Drivers\STM32F1xx_HAL_Driver\Src\stm32f1xx_hal_uart.o
 .debug_loc     0x00006f66      0x1ef Src\main.o
 .debug_loc     0x00007155      0x12f Src\stm32f1xx_hal_msp.o
 .debug_loc     0x00007284      0x2a4 Src\tlcd.o
 .debug_loc     0x00007528       0x7c Src\userDelay.o

.debug_str      0x00000000     0x3a7b
 .debug_str     0x00000000      0x728 Drivers\CMSIS\Device\ST\STM32F1xx\Source\Templates\system_stm32f1xx.o
                                0x7cb (size before relaxing)
 .debug_str     0x00000728      0x577 Drivers\STM32F1xx_HAL_Driver\Src\stm32f1xx_hal.o
                                0xc7a (size before relaxing)
 .debug_str     0x00000c9f      0x61e Drivers\STM32F1xx_HAL_Driver\Src\stm32f1xx_hal_adc.o
                                0xdbc (size before relaxing)
 .debug_str     0x000012bd      0x291 Drivers\STM32F1xx_HAL_Driver\Src\stm32f1xx_hal_adc_ex.o
                                0xd6f (size before relaxing)
 .debug_str     0x0000154e      0x283 Drivers\STM32F1xx_HAL_Driver\Src\stm32f1xx_hal_cortex.o
                                0xdc6 (size before relaxing)
 .debug_str     0x000017d1      0x12e Drivers\STM32F1xx_HAL_Driver\Src\stm32f1xx_hal_dma.o
                                0xa1f (size before relaxing)
 .debug_str     0x000018ff      0x1b4 Drivers\STM32F1xx_HAL_Driver\Src\stm32f1xx_hal_gpio.o
                                0x916 (size before relaxing)
 .debug_str     0x00001ab3      0x2d9 Drivers\STM32F1xx_HAL_Driver\Src\stm32f1xx_hal_rcc.o
                                0xae2 (size before relaxing)
 .debug_str     0x00001d8c      0x110 Drivers\STM32F1xx_HAL_Driver\Src\stm32f1xx_hal_rcc_ex.o
                                0x8e9 (size before relaxing)
 .debug_str     0x00001e9c      0xef3 Drivers\STM32F1xx_HAL_Driver\Src\stm32f1xx_hal_tim.o
                               0x183e (size before relaxing)
 .debug_str     0x00002d8f      0x4e9 Drivers\STM32F1xx_HAL_Driver\Src\stm32f1xx_hal_tim_ex.o
                               0x10d8 (size before relaxing)
 .debug_str     0x00003278      0x528 Drivers\STM32F1xx_HAL_Driver\Src\stm32f1xx_hal_uart.o
                                0xe99 (size before relaxing)
 .debug_str     0x000037a0      0x12d Src\main.o
                               0x15ac (size before relaxing)
 .debug_str     0x000038cd       0x25 Src\stm32f1xx_hal_msp.o
                               0x11c8 (size before relaxing)
 .debug_str     0x000038f2      0x103 Src\stm32f1xx_it.o
                                0xe6a (size before relaxing)
 .debug_str     0x000039f5       0x73 Src\tlcd.o
                                0x779 (size before relaxing)
 .debug_str     0x00003a68       0x13 Src\userDelay.o
                                0x1a3 (size before relaxing)

.comment        0x00000000       0x7c
 .comment       0x00000000       0x7c Drivers\CMSIS\Device\ST\STM32F1xx\Source\Templates\system_stm32f1xx.o
                                 0x7d (size before relaxing)
 .comment       0x0000007c       0x7d Drivers\STM32F1xx_HAL_Driver\Src\stm32f1xx_hal.o
 .comment       0x0000007c       0x7d Drivers\STM32F1xx_HAL_Driver\Src\stm32f1xx_hal_adc.o
 .comment       0x0000007c       0x7d Drivers\STM32F1xx_HAL_Driver\Src\stm32f1xx_hal_adc_ex.o
 .comment       0x0000007c       0x7d Drivers\STM32F1xx_HAL_Driver\Src\stm32f1xx_hal_cortex.o
 .comment       0x0000007c       0x7d Drivers\STM32F1xx_HAL_Driver\Src\stm32f1xx_hal_dma.o
 .comment       0x0000007c       0x7d Drivers\STM32F1xx_HAL_Driver\Src\stm32f1xx_hal_gpio.o
 .comment       0x0000007c       0x7d Drivers\STM32F1xx_HAL_Driver\Src\stm32f1xx_hal_rcc.o
 .comment       0x0000007c       0x7d Drivers\STM32F1xx_HAL_Driver\Src\stm32f1xx_hal_rcc_ex.o
 .comment       0x0000007c       0x7d Drivers\STM32F1xx_HAL_Driver\Src\stm32f1xx_hal_tim.o
 .comment       0x0000007c       0x7d Drivers\STM32F1xx_HAL_Driver\Src\stm32f1xx_hal_tim_ex.o
 .comment       0x0000007c       0x7d Drivers\STM32F1xx_HAL_Driver\Src\stm32f1xx_hal_uart.o
 .comment       0x0000007c       0x7d Src\main.o
 .comment       0x0000007c       0x7d Src\stm32f1xx_hal_msp.o
 .comment       0x0000007c       0x7d Src\stm32f1xx_it.o
 .comment       0x0000007c       0x7d Src\tlcd.o
 .comment       0x0000007c       0x7d Src\userDelay.o

.debug_frame    0x00000000     0x2364
 .debug_frame   0x00000000       0x30 Drivers\CMSIS\Device\ST\STM32F1xx\Source\Templates\system_stm32f1xx.o
 .debug_frame   0x00000030      0x164 Drivers\STM32F1xx_HAL_Driver\Src\stm32f1xx_hal.o
 .debug_frame   0x00000194      0x298 Drivers\STM32F1xx_HAL_Driver\Src\stm32f1xx_hal_adc.o
 .debug_frame   0x0000042c      0x178 Drivers\STM32F1xx_HAL_Driver\Src\stm32f1xx_hal_adc_ex.o
 .debug_frame   0x000005a4      0x120 Drivers\STM32F1xx_HAL_Driver\Src\stm32f1xx_hal_cortex.o
 .debug_frame   0x000006c4      0x104 Drivers\STM32F1xx_HAL_Driver\Src\stm32f1xx_hal_dma.o
 .debug_frame   0x000007c8       0xd4 Drivers\STM32F1xx_HAL_Driver\Src\stm32f1xx_hal_gpio.o
 .debug_frame   0x0000089c      0x14c Drivers\STM32F1xx_HAL_Driver\Src\stm32f1xx_hal_rcc.o
 .debug_frame   0x000009e8       0x6c Drivers\STM32F1xx_HAL_Driver\Src\stm32f1xx_hal_rcc_ex.o
 .debug_frame   0x00000a54      0x854 Drivers\STM32F1xx_HAL_Driver\Src\stm32f1xx_hal_tim.o
 .debug_frame   0x000012a8      0x328 Drivers\STM32F1xx_HAL_Driver\Src\stm32f1xx_hal_tim_ex.o
 .debug_frame   0x000015d0      0x320 Drivers\STM32F1xx_HAL_Driver\Src\stm32f1xx_hal_uart.o
 .debug_frame   0x000018f0       0xd8 Src\main.o
 .debug_frame   0x000019c8       0xd4 Src\stm32f1xx_hal_msp.o
 .debug_frame   0x00001a9c       0xfc Src\stm32f1xx_it.o
 .debug_frame   0x00001b98       0xf4 Src\tlcd.o
 .debug_frame   0x00001c8c       0x38 Src\userDelay.o
 .debug_frame   0x00001cc4       0x2c c:/program files (x86)/atollic/truestudio for stm32 9.0.1/armtools/bin/../lib/gcc/arm-atollic-eabi/6.3.1/../../../../arm-atollic-eabi/lib/armv7-m\libc_nano.a(lib_a-init.o)
 .debug_frame   0x00001cf0       0x70 c:/program files (x86)/atollic/truestudio for stm32 9.0.1/armtools/bin/../lib/gcc/arm-atollic-eabi/6.3.1/../../../../arm-atollic-eabi/lib/armv7-m\libc_nano.a(lib_a-sprintf.o)
 .debug_frame   0x00001d60       0x90 c:/program files (x86)/atollic/truestudio for stm32 9.0.1/armtools/bin/../lib/gcc/arm-atollic-eabi/6.3.1/../../../../arm-atollic-eabi/lib/armv7-m\libc_nano.a(lib_a-nano-svfprintf.o)
 .debug_frame   0x00001df0       0x60 c:/program files (x86)/atollic/truestudio for stm32 9.0.1/armtools/bin/../lib/gcc/arm-atollic-eabi/6.3.1/../../../../arm-atollic-eabi/lib/armv7-m\libc_nano.a(lib_a-nano-vfprintf_i.o)
 .debug_frame   0x00001e50       0x28 c:/program files (x86)/atollic/truestudio for stm32 9.0.1/armtools/bin/../lib/gcc/arm-atollic-eabi/6.3.1/../../../../arm-atollic-eabi/lib/armv7-m\libc_nano.a(lib_a-memchr-stub.o)
 .debug_frame   0x00001e78       0x28 c:/program files (x86)/atollic/truestudio for stm32 9.0.1/armtools/bin/../lib/gcc/arm-atollic-eabi/6.3.1/../../../../arm-atollic-eabi/lib/armv7-m\libc_nano.a(lib_a-memcpy-stub.o)
 .debug_frame   0x00001ea0       0x28 c:/program files (x86)/atollic/truestudio for stm32 9.0.1/armtools/bin/../lib/gcc/arm-atollic-eabi/6.3.1/../../../../arm-atollic-eabi/lib/armv7-m\libc_nano.a(lib_a-memmove.o)
 .debug_frame   0x00001ec8       0x38 c:/program files (x86)/atollic/truestudio for stm32 9.0.1/armtools/bin/../lib/gcc/arm-atollic-eabi/6.3.1/../../../../arm-atollic-eabi/lib/armv7-m\libc_nano.a(lib_a-nano-freer.o)
 .debug_frame   0x00001f00       0x2c c:/program files (x86)/atollic/truestudio for stm32 9.0.1/armtools/bin/../lib/gcc/arm-atollic-eabi/6.3.1/../../../../arm-atollic-eabi/lib/armv7-m\libc_nano.a(lib_a-nano-mallocr.o)
 .debug_frame   0x00001f2c       0x3c c:/program files (x86)/atollic/truestudio for stm32 9.0.1/armtools/bin/../lib/gcc/arm-atollic-eabi/6.3.1/../../../../arm-atollic-eabi/lib/armv7-m\libc_nano.a(lib_a-nano-reallocr.o)
 .debug_frame   0x00001f68       0x2c c:/program files (x86)/atollic/truestudio for stm32 9.0.1/armtools/bin/../lib/gcc/arm-atollic-eabi/6.3.1/../../../../arm-atollic-eabi/lib/armv7-m\libc_nano.a(lib_a-sbrkr.o)
 .debug_frame   0x00001f94       0x30 c:/program files (x86)/atollic/truestudio for stm32 9.0.1/armtools/bin/../lib/gcc/arm-atollic-eabi/6.3.1/../../../../arm-atollic-eabi/lib/armv7-m\libc_nano.a(lib_a-mlock.o)
 .debug_frame   0x00001fc4       0x20 c:/program files (x86)/atollic/truestudio for stm32 9.0.1/armtools/bin/../lib/gcc/arm-atollic-eabi/6.3.1/../../../../arm-atollic-eabi/lib/armv7-m\libc_nano.a(lib_a-nano-msizer.o)
 .debug_frame   0x00001fe4       0x5c c:/program files (x86)/atollic/truestudio for stm32 9.0.1/armtools/bin/../lib/gcc/arm-atollic-eabi/6.3.1/../../../../arm-atollic-eabi/lib/armv7-m\libc_nano.a(lib_a-reent.o)
 .debug_frame   0x00002040       0x38 c:/program files (x86)/atollic/truestudio for stm32 9.0.1/armtools/bin/../lib/gcc/arm-atollic-eabi/6.3.1/../../../../arm-atollic-eabi/lib/armv7-m\libm.a(lib_a-w_log.o)
 .debug_frame   0x00002078       0x40 c:/program files (x86)/atollic/truestudio for stm32 9.0.1/armtools/bin/../lib/gcc/arm-atollic-eabi/6.3.1/../../../../arm-atollic-eabi/lib/armv7-m\libm.a(lib_a-e_log.o)
 .debug_frame   0x000020b8       0x20 c:/program files (x86)/atollic/truestudio for stm32 9.0.1/armtools/bin/../lib/gcc/arm-atollic-eabi/6.3.1/../../../../arm-atollic-eabi/lib/armv7-m\libm.a(lib_a-s_matherr.o)
 .debug_frame   0x000020d8       0x20 c:/program files (x86)/atollic/truestudio for stm32 9.0.1/armtools/bin/../lib/gcc/arm-atollic-eabi/6.3.1/../../../../arm-atollic-eabi/lib/armv7-m\libm.a(lib_a-s_nan.o)
 .debug_frame   0x000020f8       0x20 c:/program files (x86)/atollic/truestudio for stm32 9.0.1/armtools/bin/../lib/gcc/arm-atollic-eabi/6.3.1/../../../../arm-atollic-eabi/lib/armv7-m\libc_nano.a(lib_a-errno.o)
 .debug_frame   0x00002118       0xac c:/program files (x86)/atollic/truestudio for stm32 9.0.1/armtools/bin/../lib/gcc/arm-atollic-eabi/6.3.1/armv7-m\libgcc.a(_arm_addsubdf3.o)
 .debug_frame   0x000021c4       0x50 c:/program files (x86)/atollic/truestudio for stm32 9.0.1/armtools/bin/../lib/gcc/arm-atollic-eabi/6.3.1/armv7-m\libgcc.a(_arm_muldivdf3.o)
 .debug_frame   0x00002214       0xc4 c:/program files (x86)/atollic/truestudio for stm32 9.0.1/armtools/bin/../lib/gcc/arm-atollic-eabi/6.3.1/armv7-m\libgcc.a(_arm_cmpdf2.o)
 .debug_frame   0x000022d8       0x20 c:/program files (x86)/atollic/truestudio for stm32 9.0.1/armtools/bin/../lib/gcc/arm-atollic-eabi/6.3.1/armv7-m\libgcc.a(_arm_unorddf2.o)
 .debug_frame   0x000022f8       0x4c c:/program files (x86)/atollic/truestudio for stm32 9.0.1/armtools/bin/../lib/gcc/arm-atollic-eabi/6.3.1/armv7-m\libgcc.a(_arm_addsubsf3.o)
 .debug_frame   0x00002344       0x20 c:/program files (x86)/atollic/truestudio for stm32 9.0.1/armtools/bin/../lib/gcc/arm-atollic-eabi/6.3.1/../../../../arm-atollic-eabi/lib/armv7-m\libnosys.a(sbrk.o)

Cross Reference Table

Symbol                                            File
ADC1_2_IRQHandler                                 Src\stm32f1xx_it.o
                                                  Drivers\CMSIS\Device\ST\STM32F1xx\Source\Templates\gcc\startup_stm32f103xb.o
ADC_ConversionStop_Disable                        Drivers\STM32F1xx_HAL_Driver\Src\stm32f1xx_hal_adc.o
                                                  Drivers\STM32F1xx_HAL_Driver\Src\stm32f1xx_hal_adc_ex.o
ADC_DMAConvCplt                                   Drivers\STM32F1xx_HAL_Driver\Src\stm32f1xx_hal_adc.o
                                                  Drivers\STM32F1xx_HAL_Driver\Src\stm32f1xx_hal_adc_ex.o
ADC_DMAError                                      Drivers\STM32F1xx_HAL_Driver\Src\stm32f1xx_hal_adc.o
                                                  Drivers\STM32F1xx_HAL_Driver\Src\stm32f1xx_hal_adc_ex.o
ADC_DMAHalfConvCplt                               Drivers\STM32F1xx_HAL_Driver\Src\stm32f1xx_hal_adc.o
                                                  Drivers\STM32F1xx_HAL_Driver\Src\stm32f1xx_hal_adc_ex.o
ADC_Enable                                        Drivers\STM32F1xx_HAL_Driver\Src\stm32f1xx_hal_adc.o
                                                  Drivers\STM32F1xx_HAL_Driver\Src\stm32f1xx_hal_adc_ex.o
AHBPrescTable                                     Drivers\CMSIS\Device\ST\STM32F1xx\Source\Templates\system_stm32f1xx.o
                                                  Drivers\STM32F1xx_HAL_Driver\Src\stm32f1xx_hal_rcc.o
APBPrescTable                                     Drivers\CMSIS\Device\ST\STM32F1xx\Source\Templates\system_stm32f1xx.o
                                                  Drivers\STM32F1xx_HAL_Driver\Src\stm32f1xx_hal_rcc.o
BusFault_Handler                                  Src\stm32f1xx_it.o
                                                  Drivers\CMSIS\Device\ST\STM32F1xx\Source\Templates\gcc\startup_stm32f103xb.o
CAN1_RX1_IRQHandler                               Drivers\CMSIS\Device\ST\STM32F1xx\Source\Templates\gcc\startup_stm32f103xb.o
CAN1_SCE_IRQHandler                               Drivers\CMSIS\Device\ST\STM32F1xx\Source\Templates\gcc\startup_stm32f103xb.o
DMA1_Channel1_IRQHandler                          Src\stm32f1xx_it.o
                                                  Drivers\CMSIS\Device\ST\STM32F1xx\Source\Templates\gcc\startup_stm32f103xb.o
DMA1_Channel2_IRQHandler                          Drivers\CMSIS\Device\ST\STM32F1xx\Source\Templates\gcc\startup_stm32f103xb.o
DMA1_Channel3_IRQHandler                          Drivers\CMSIS\Device\ST\STM32F1xx\Source\Templates\gcc\startup_stm32f103xb.o
DMA1_Channel4_IRQHandler                          Drivers\CMSIS\Device\ST\STM32F1xx\Source\Templates\gcc\startup_stm32f103xb.o
DMA1_Channel5_IRQHandler                          Drivers\CMSIS\Device\ST\STM32F1xx\Source\Templates\gcc\startup_stm32f103xb.o
DMA1_Channel6_IRQHandler                          Drivers\CMSIS\Device\ST\STM32F1xx\Source\Templates\gcc\startup_stm32f103xb.o
DMA1_Channel7_IRQHandler                          Drivers\CMSIS\Device\ST\STM32F1xx\Source\Templates\gcc\startup_stm32f103xb.o
DebugMon_Handler                                  Src\stm32f1xx_it.o
                                                  Drivers\CMSIS\Device\ST\STM32F1xx\Source\Templates\gcc\startup_stm32f103xb.o
Default_Handler                                   Drivers\CMSIS\Device\ST\STM32F1xx\Source\Templates\gcc\startup_stm32f103xb.o
EXTI0_IRQHandler                                  Drivers\CMSIS\Device\ST\STM32F1xx\Source\Templates\gcc\startup_stm32f103xb.o
EXTI15_10_IRQHandler                              Drivers\CMSIS\Device\ST\STM32F1xx\Source\Templates\gcc\startup_stm32f103xb.o
EXTI1_IRQHandler                                  Drivers\CMSIS\Device\ST\STM32F1xx\Source\Templates\gcc\startup_stm32f103xb.o
EXTI2_IRQHandler                                  Drivers\CMSIS\Device\ST\STM32F1xx\Source\Templates\gcc\startup_stm32f103xb.o
EXTI3_IRQHandler                                  Drivers\CMSIS\Device\ST\STM32F1xx\Source\Templates\gcc\startup_stm32f103xb.o
EXTI4_IRQHandler                                  Drivers\CMSIS\Device\ST\STM32F1xx\Source\Templates\gcc\startup_stm32f103xb.o
EXTI9_5_IRQHandler                                Drivers\CMSIS\Device\ST\STM32F1xx\Source\Templates\gcc\startup_stm32f103xb.o
Error_Handler                                     Src\main.o
                                                  Src\stm32f1xx_hal_msp.o
FLASH_IRQHandler                                  Drivers\CMSIS\Device\ST\STM32F1xx\Source\Templates\gcc\startup_stm32f103xb.o
FLASH_PageErase                                   Drivers\STM32F1xx_HAL_Driver\Src\stm32f1xx_hal_flash_ex.o
                                                  Drivers\STM32F1xx_HAL_Driver\Src\stm32f1xx_hal_flash.o
FLASH_WaitForLastOperation                        Drivers\STM32F1xx_HAL_Driver\Src\stm32f1xx_hal_flash.o
                                                  Drivers\STM32F1xx_HAL_Driver\Src\stm32f1xx_hal_flash_ex.o
GPIOx                                             Src\tlcd.o
                                                  Src\stm32f1xx_it.o
                                                  Src\stm32f1xx_hal_msp.o
                                                  Src\main.o
                                                  Drivers\STM32F1xx_HAL_Driver\Src\stm32f1xx_hal_uart.o
                                                  Drivers\STM32F1xx_HAL_Driver\Src\stm32f1xx_hal_tim_ex.o
                                                  Drivers\STM32F1xx_HAL_Driver\Src\stm32f1xx_hal_tim.o
                                                  Drivers\STM32F1xx_HAL_Driver\Src\stm32f1xx_hal_rcc_ex.o
                                                  Drivers\STM32F1xx_HAL_Driver\Src\stm32f1xx_hal_rcc.o
                                                  Drivers\STM32F1xx_HAL_Driver\Src\stm32f1xx_hal_pwr.o
                                                  Drivers\STM32F1xx_HAL_Driver\Src\stm32f1xx_hal_gpio_ex.o
                                                  Drivers\STM32F1xx_HAL_Driver\Src\stm32f1xx_hal_gpio.o
                                                  Drivers\STM32F1xx_HAL_Driver\Src\stm32f1xx_hal_flash_ex.o
                                                  Drivers\STM32F1xx_HAL_Driver\Src\stm32f1xx_hal_flash.o
                                                  Drivers\STM32F1xx_HAL_Driver\Src\stm32f1xx_hal_dma.o
                                                  Drivers\STM32F1xx_HAL_Driver\Src\stm32f1xx_hal_cortex.o
                                                  Drivers\STM32F1xx_HAL_Driver\Src\stm32f1xx_hal_adc_ex.o
                                                  Drivers\STM32F1xx_HAL_Driver\Src\stm32f1xx_hal_adc.o
                                                  Drivers\STM32F1xx_HAL_Driver\Src\stm32f1xx_hal.o
                                                  Drivers\CMSIS\Device\ST\STM32F1xx\Source\Templates\system_stm32f1xx.o
HAL_ADCEx_Calibration_Start                       Drivers\STM32F1xx_HAL_Driver\Src\stm32f1xx_hal_adc_ex.o
HAL_ADCEx_InjectedConfigChannel                   Drivers\STM32F1xx_HAL_Driver\Src\stm32f1xx_hal_adc_ex.o
HAL_ADCEx_InjectedConvCpltCallback                Drivers\STM32F1xx_HAL_Driver\Src\stm32f1xx_hal_adc_ex.o
                                                  Drivers\STM32F1xx_HAL_Driver\Src\stm32f1xx_hal_adc.o
HAL_ADCEx_InjectedGetValue                        Drivers\STM32F1xx_HAL_Driver\Src\stm32f1xx_hal_adc_ex.o
HAL_ADCEx_InjectedPollForConversion               Drivers\STM32F1xx_HAL_Driver\Src\stm32f1xx_hal_adc_ex.o
HAL_ADCEx_InjectedStart                           Drivers\STM32F1xx_HAL_Driver\Src\stm32f1xx_hal_adc_ex.o
HAL_ADCEx_InjectedStart_IT                        Drivers\STM32F1xx_HAL_Driver\Src\stm32f1xx_hal_adc_ex.o
HAL_ADCEx_InjectedStop                            Drivers\STM32F1xx_HAL_Driver\Src\stm32f1xx_hal_adc_ex.o
HAL_ADCEx_InjectedStop_IT                         Drivers\STM32F1xx_HAL_Driver\Src\stm32f1xx_hal_adc_ex.o
HAL_ADCEx_MultiModeConfigChannel                  Drivers\STM32F1xx_HAL_Driver\Src\stm32f1xx_hal_adc_ex.o
HAL_ADCEx_MultiModeGetValue                       Drivers\STM32F1xx_HAL_Driver\Src\stm32f1xx_hal_adc_ex.o
HAL_ADCEx_MultiModeStart_DMA                      Drivers\STM32F1xx_HAL_Driver\Src\stm32f1xx_hal_adc_ex.o
HAL_ADCEx_MultiModeStop_DMA                       Drivers\STM32F1xx_HAL_Driver\Src\stm32f1xx_hal_adc_ex.o
HAL_ADC_AnalogWDGConfig                           Drivers\STM32F1xx_HAL_Driver\Src\stm32f1xx_hal_adc.o
HAL_ADC_ConfigChannel                             Drivers\STM32F1xx_HAL_Driver\Src\stm32f1xx_hal_adc.o
                                                  Src\main.o
HAL_ADC_ConvCpltCallback                          Drivers\STM32F1xx_HAL_Driver\Src\stm32f1xx_hal_adc.o
HAL_ADC_ConvHalfCpltCallback                      Drivers\STM32F1xx_HAL_Driver\Src\stm32f1xx_hal_adc.o
HAL_ADC_DeInit                                    Drivers\STM32F1xx_HAL_Driver\Src\stm32f1xx_hal_adc.o
HAL_ADC_ErrorCallback                             Drivers\STM32F1xx_HAL_Driver\Src\stm32f1xx_hal_adc.o
HAL_ADC_GetError                                  Drivers\STM32F1xx_HAL_Driver\Src\stm32f1xx_hal_adc.o
HAL_ADC_GetState                                  Drivers\STM32F1xx_HAL_Driver\Src\stm32f1xx_hal_adc.o
HAL_ADC_GetValue                                  Drivers\STM32F1xx_HAL_Driver\Src\stm32f1xx_hal_adc.o
HAL_ADC_IRQHandler                                Drivers\STM32F1xx_HAL_Driver\Src\stm32f1xx_hal_adc.o
                                                  Src\stm32f1xx_it.o
HAL_ADC_Init                                      Drivers\STM32F1xx_HAL_Driver\Src\stm32f1xx_hal_adc.o
                                                  Src\main.o
HAL_ADC_LevelOutOfWindowCallback                  Drivers\STM32F1xx_HAL_Driver\Src\stm32f1xx_hal_adc.o
HAL_ADC_MspDeInit                                 Src\stm32f1xx_hal_msp.o
                                                  Drivers\STM32F1xx_HAL_Driver\Src\stm32f1xx_hal_adc.o
HAL_ADC_MspInit                                   Src\stm32f1xx_hal_msp.o
                                                  Drivers\STM32F1xx_HAL_Driver\Src\stm32f1xx_hal_adc.o
HAL_ADC_PollForConversion                         Drivers\STM32F1xx_HAL_Driver\Src\stm32f1xx_hal_adc.o
HAL_ADC_PollForEvent                              Drivers\STM32F1xx_HAL_Driver\Src\stm32f1xx_hal_adc.o
HAL_ADC_Start                                     Drivers\STM32F1xx_HAL_Driver\Src\stm32f1xx_hal_adc.o
HAL_ADC_Start_DMA                                 Drivers\STM32F1xx_HAL_Driver\Src\stm32f1xx_hal_adc.o
                                                  Src\main.o
HAL_ADC_Start_IT                                  Drivers\STM32F1xx_HAL_Driver\Src\stm32f1xx_hal_adc.o
HAL_ADC_Stop                                      Drivers\STM32F1xx_HAL_Driver\Src\stm32f1xx_hal_adc.o
HAL_ADC_Stop_DMA                                  Drivers\STM32F1xx_HAL_Driver\Src\stm32f1xx_hal_adc.o
HAL_ADC_Stop_IT                                   Drivers\STM32F1xx_HAL_Driver\Src\stm32f1xx_hal_adc.o
HAL_DBGMCU_DisableDBGSleepMode                    Drivers\STM32F1xx_HAL_Driver\Src\stm32f1xx_hal.o
HAL_DBGMCU_DisableDBGStandbyMode                  Drivers\STM32F1xx_HAL_Driver\Src\stm32f1xx_hal.o
HAL_DBGMCU_DisableDBGStopMode                     Drivers\STM32F1xx_HAL_Driver\Src\stm32f1xx_hal.o
HAL_DBGMCU_EnableDBGSleepMode                     Drivers\STM32F1xx_HAL_Driver\Src\stm32f1xx_hal.o
HAL_DBGMCU_EnableDBGStandbyMode                   Drivers\STM32F1xx_HAL_Driver\Src\stm32f1xx_hal.o
HAL_DBGMCU_EnableDBGStopMode                      Drivers\STM32F1xx_HAL_Driver\Src\stm32f1xx_hal.o
HAL_DMA_Abort                                     Drivers\STM32F1xx_HAL_Driver\Src\stm32f1xx_hal_dma.o
                                                  Drivers\STM32F1xx_HAL_Driver\Src\stm32f1xx_hal_uart.o
                                                  Drivers\STM32F1xx_HAL_Driver\Src\stm32f1xx_hal_tim.o
                                                  Drivers\STM32F1xx_HAL_Driver\Src\stm32f1xx_hal_adc_ex.o
                                                  Drivers\STM32F1xx_HAL_Driver\Src\stm32f1xx_hal_adc.o
HAL_DMA_DeInit                                    Drivers\STM32F1xx_HAL_Driver\Src\stm32f1xx_hal_dma.o
                                                  Src\stm32f1xx_hal_msp.o
HAL_DMA_GetError                                  Drivers\STM32F1xx_HAL_Driver\Src\stm32f1xx_hal_dma.o
HAL_DMA_GetState                                  Drivers\STM32F1xx_HAL_Driver\Src\stm32f1xx_hal_dma.o
HAL_DMA_IRQHandler                                Drivers\STM32F1xx_HAL_Driver\Src\stm32f1xx_hal_dma.o
                                                  Src\stm32f1xx_it.o
HAL_DMA_Init                                      Drivers\STM32F1xx_HAL_Driver\Src\stm32f1xx_hal_dma.o
                                                  Src\stm32f1xx_hal_msp.o
HAL_DMA_PollForTransfer                           Drivers\STM32F1xx_HAL_Driver\Src\stm32f1xx_hal_dma.o
HAL_DMA_Start                                     Drivers\STM32F1xx_HAL_Driver\Src\stm32f1xx_hal_dma.o
HAL_DMA_Start_IT                                  Drivers\STM32F1xx_HAL_Driver\Src\stm32f1xx_hal_dma.o
                                                  Drivers\STM32F1xx_HAL_Driver\Src\stm32f1xx_hal_uart.o
                                                  Drivers\STM32F1xx_HAL_Driver\Src\stm32f1xx_hal_tim_ex.o
                                                  Drivers\STM32F1xx_HAL_Driver\Src\stm32f1xx_hal_tim.o
                                                  Drivers\STM32F1xx_HAL_Driver\Src\stm32f1xx_hal_adc_ex.o
                                                  Drivers\STM32F1xx_HAL_Driver\Src\stm32f1xx_hal_adc.o
HAL_DeInit                                        Drivers\STM32F1xx_HAL_Driver\Src\stm32f1xx_hal.o
HAL_Delay                                         Drivers\STM32F1xx_HAL_Driver\Src\stm32f1xx_hal.o
                                                  Drivers\STM32F1xx_HAL_Driver\Src\stm32f1xx_hal_rcc.o
HAL_FLASHEx_Erase                                 Drivers\STM32F1xx_HAL_Driver\Src\stm32f1xx_hal_flash_ex.o
HAL_FLASHEx_Erase_IT                              Drivers\STM32F1xx_HAL_Driver\Src\stm32f1xx_hal_flash_ex.o
HAL_FLASHEx_OBErase                               Drivers\STM32F1xx_HAL_Driver\Src\stm32f1xx_hal_flash_ex.o
HAL_FLASHEx_OBGetConfig                           Drivers\STM32F1xx_HAL_Driver\Src\stm32f1xx_hal_flash_ex.o
HAL_FLASHEx_OBGetUserData                         Drivers\STM32F1xx_HAL_Driver\Src\stm32f1xx_hal_flash_ex.o
HAL_FLASHEx_OBProgram                             Drivers\STM32F1xx_HAL_Driver\Src\stm32f1xx_hal_flash_ex.o
HAL_FLASH_EndOfOperationCallback                  Drivers\STM32F1xx_HAL_Driver\Src\stm32f1xx_hal_flash.o
HAL_FLASH_GetError                                Drivers\STM32F1xx_HAL_Driver\Src\stm32f1xx_hal_flash.o
HAL_FLASH_IRQHandler                              Drivers\STM32F1xx_HAL_Driver\Src\stm32f1xx_hal_flash.o
HAL_FLASH_Lock                                    Drivers\STM32F1xx_HAL_Driver\Src\stm32f1xx_hal_flash.o
HAL_FLASH_OB_Launch                               Drivers\STM32F1xx_HAL_Driver\Src\stm32f1xx_hal_flash.o
HAL_FLASH_OB_Lock                                 Drivers\STM32F1xx_HAL_Driver\Src\stm32f1xx_hal_flash.o
HAL_FLASH_OB_Unlock                               Drivers\STM32F1xx_HAL_Driver\Src\stm32f1xx_hal_flash.o
HAL_FLASH_OperationErrorCallback                  Drivers\STM32F1xx_HAL_Driver\Src\stm32f1xx_hal_flash.o
HAL_FLASH_Program                                 Drivers\STM32F1xx_HAL_Driver\Src\stm32f1xx_hal_flash.o
HAL_FLASH_Program_IT                              Drivers\STM32F1xx_HAL_Driver\Src\stm32f1xx_hal_flash.o
HAL_FLASH_Unlock                                  Drivers\STM32F1xx_HAL_Driver\Src\stm32f1xx_hal_flash.o
HAL_GPIOEx_ConfigEventout                         Drivers\STM32F1xx_HAL_Driver\Src\stm32f1xx_hal_gpio_ex.o
HAL_GPIOEx_DisableEventout                        Drivers\STM32F1xx_HAL_Driver\Src\stm32f1xx_hal_gpio_ex.o
HAL_GPIOEx_EnableEventout                         Drivers\STM32F1xx_HAL_Driver\Src\stm32f1xx_hal_gpio_ex.o
HAL_GPIO_DeInit                                   Drivers\STM32F1xx_HAL_Driver\Src\stm32f1xx_hal_gpio.o
                                                  Src\stm32f1xx_hal_msp.o
HAL_GPIO_EXTI_Callback                            Drivers\STM32F1xx_HAL_Driver\Src\stm32f1xx_hal_gpio.o
HAL_GPIO_EXTI_IRQHandler                          Drivers\STM32F1xx_HAL_Driver\Src\stm32f1xx_hal_gpio.o
HAL_GPIO_Init                                     Drivers\STM32F1xx_HAL_Driver\Src\stm32f1xx_hal_gpio.o
                                                  Src\stm32f1xx_hal_msp.o
                                                  Src\main.o
                                                  Drivers\STM32F1xx_HAL_Driver\Src\stm32f1xx_hal_rcc.o
HAL_GPIO_LockPin                                  Drivers\STM32F1xx_HAL_Driver\Src\stm32f1xx_hal_gpio.o
HAL_GPIO_ReadPin                                  Drivers\STM32F1xx_HAL_Driver\Src\stm32f1xx_hal_gpio.o
HAL_GPIO_TogglePin                                Drivers\STM32F1xx_HAL_Driver\Src\stm32f1xx_hal_gpio.o
                                                  Src\main.o
HAL_GPIO_WritePin                                 Drivers\STM32F1xx_HAL_Driver\Src\stm32f1xx_hal_gpio.o
                                                  Src\tlcd.o
                                                  Src\main.o
HAL_GetDEVID                                      Drivers\STM32F1xx_HAL_Driver\Src\stm32f1xx_hal.o
HAL_GetHalVersion                                 Drivers\STM32F1xx_HAL_Driver\Src\stm32f1xx_hal.o
HAL_GetREVID                                      Drivers\STM32F1xx_HAL_Driver\Src\stm32f1xx_hal.o
HAL_GetTick                                       Drivers\STM32F1xx_HAL_Driver\Src\stm32f1xx_hal.o
                                                  Drivers\STM32F1xx_HAL_Driver\Src\stm32f1xx_hal_uart.o
                                                  Drivers\STM32F1xx_HAL_Driver\Src\stm32f1xx_hal_rcc_ex.o
                                                  Drivers\STM32F1xx_HAL_Driver\Src\stm32f1xx_hal_rcc.o
                                                  Drivers\STM32F1xx_HAL_Driver\Src\stm32f1xx_hal_flash.o
                                                  Drivers\STM32F1xx_HAL_Driver\Src\stm32f1xx_hal_dma.o
                                                  Drivers\STM32F1xx_HAL_Driver\Src\stm32f1xx_hal_adc_ex.o
                                                  Drivers\STM32F1xx_HAL_Driver\Src\stm32f1xx_hal_adc.o
HAL_HalfDuplex_EnableReceiver                     Drivers\STM32F1xx_HAL_Driver\Src\stm32f1xx_hal_uart.o
HAL_HalfDuplex_EnableTransmitter                  Drivers\STM32F1xx_HAL_Driver\Src\stm32f1xx_hal_uart.o
HAL_HalfDuplex_Init                               Drivers\STM32F1xx_HAL_Driver\Src\stm32f1xx_hal_uart.o
HAL_IncTick                                       Drivers\STM32F1xx_HAL_Driver\Src\stm32f1xx_hal.o
                                                  Src\stm32f1xx_it.o
HAL_Init                                          Drivers\STM32F1xx_HAL_Driver\Src\stm32f1xx_hal.o
                                                  Src\main.o
HAL_InitTick                                      Drivers\STM32F1xx_HAL_Driver\Src\stm32f1xx_hal.o
                                                  Drivers\STM32F1xx_HAL_Driver\Src\stm32f1xx_hal_rcc.o
HAL_LIN_Init                                      Drivers\STM32F1xx_HAL_Driver\Src\stm32f1xx_hal_uart.o
HAL_LIN_SendBreak                                 Drivers\STM32F1xx_HAL_Driver\Src\stm32f1xx_hal_uart.o
HAL_MspDeInit                                     Drivers\STM32F1xx_HAL_Driver\Src\stm32f1xx_hal.o
HAL_MspInit                                       Src\stm32f1xx_hal_msp.o
                                                  Drivers\STM32F1xx_HAL_Driver\Src\stm32f1xx_hal.o
HAL_MultiProcessor_EnterMuteMode                  Drivers\STM32F1xx_HAL_Driver\Src\stm32f1xx_hal_uart.o
HAL_MultiProcessor_ExitMuteMode                   Drivers\STM32F1xx_HAL_Driver\Src\stm32f1xx_hal_uart.o
HAL_MultiProcessor_Init                           Drivers\STM32F1xx_HAL_Driver\Src\stm32f1xx_hal_uart.o
HAL_NVIC_ClearPendingIRQ                          Drivers\STM32F1xx_HAL_Driver\Src\stm32f1xx_hal_cortex.o
HAL_NVIC_DisableIRQ                               Drivers\STM32F1xx_HAL_Driver\Src\stm32f1xx_hal_cortex.o
                                                  Src\stm32f1xx_hal_msp.o
HAL_NVIC_EnableIRQ                                Drivers\STM32F1xx_HAL_Driver\Src\stm32f1xx_hal_cortex.o
                                                  Src\stm32f1xx_hal_msp.o
                                                  Src\main.o
HAL_NVIC_GetActive                                Drivers\STM32F1xx_HAL_Driver\Src\stm32f1xx_hal_cortex.o
HAL_NVIC_GetPendingIRQ                            Drivers\STM32F1xx_HAL_Driver\Src\stm32f1xx_hal_cortex.o
HAL_NVIC_GetPriority                              Drivers\STM32F1xx_HAL_Driver\Src\stm32f1xx_hal_cortex.o
HAL_NVIC_GetPriorityGrouping                      Drivers\STM32F1xx_HAL_Driver\Src\stm32f1xx_hal_cortex.o
HAL_NVIC_SetPendingIRQ                            Drivers\STM32F1xx_HAL_Driver\Src\stm32f1xx_hal_cortex.o
HAL_NVIC_SetPriority                              Drivers\STM32F1xx_HAL_Driver\Src\stm32f1xx_hal_cortex.o
                                                  Src\stm32f1xx_hal_msp.o
                                                  Src\main.o
                                                  Drivers\STM32F1xx_HAL_Driver\Src\stm32f1xx_hal.o
HAL_NVIC_SetPriorityGrouping                      Drivers\STM32F1xx_HAL_Driver\Src\stm32f1xx_hal_cortex.o
                                                  Src\stm32f1xx_hal_msp.o
                                                  Drivers\STM32F1xx_HAL_Driver\Src\stm32f1xx_hal.o
HAL_NVIC_SystemReset                              Drivers\STM32F1xx_HAL_Driver\Src\stm32f1xx_hal_cortex.o
                                                  Drivers\STM32F1xx_HAL_Driver\Src\stm32f1xx_hal_flash.o
HAL_PWR_ConfigPVD                                 Drivers\STM32F1xx_HAL_Driver\Src\stm32f1xx_hal_pwr.o
HAL_PWR_DeInit                                    Drivers\STM32F1xx_HAL_Driver\Src\stm32f1xx_hal_pwr.o
HAL_PWR_DisableBkUpAccess                         Drivers\STM32F1xx_HAL_Driver\Src\stm32f1xx_hal_pwr.o
HAL_PWR_DisablePVD                                Drivers\STM32F1xx_HAL_Driver\Src\stm32f1xx_hal_pwr.o
HAL_PWR_DisableSEVOnPend                          Drivers\STM32F1xx_HAL_Driver\Src\stm32f1xx_hal_pwr.o
HAL_PWR_DisableSleepOnExit                        Drivers\STM32F1xx_HAL_Driver\Src\stm32f1xx_hal_pwr.o
HAL_PWR_DisableWakeUpPin                          Drivers\STM32F1xx_HAL_Driver\Src\stm32f1xx_hal_pwr.o
HAL_PWR_EnableBkUpAccess                          Drivers\STM32F1xx_HAL_Driver\Src\stm32f1xx_hal_pwr.o
HAL_PWR_EnablePVD                                 Drivers\STM32F1xx_HAL_Driver\Src\stm32f1xx_hal_pwr.o
HAL_PWR_EnableSEVOnPend                           Drivers\STM32F1xx_HAL_Driver\Src\stm32f1xx_hal_pwr.o
HAL_PWR_EnableSleepOnExit                         Drivers\STM32F1xx_HAL_Driver\Src\stm32f1xx_hal_pwr.o
HAL_PWR_EnableWakeUpPin                           Drivers\STM32F1xx_HAL_Driver\Src\stm32f1xx_hal_pwr.o
HAL_PWR_EnterSLEEPMode                            Drivers\STM32F1xx_HAL_Driver\Src\stm32f1xx_hal_pwr.o
HAL_PWR_EnterSTANDBYMode                          Drivers\STM32F1xx_HAL_Driver\Src\stm32f1xx_hal_pwr.o
HAL_PWR_EnterSTOPMode                             Drivers\STM32F1xx_HAL_Driver\Src\stm32f1xx_hal_pwr.o
HAL_PWR_PVDCallback                               Drivers\STM32F1xx_HAL_Driver\Src\stm32f1xx_hal_pwr.o
HAL_PWR_PVD_IRQHandler                            Drivers\STM32F1xx_HAL_Driver\Src\stm32f1xx_hal_pwr.o
HAL_RCCEx_GetPeriphCLKConfig                      Drivers\STM32F1xx_HAL_Driver\Src\stm32f1xx_hal_rcc_ex.o
HAL_RCCEx_GetPeriphCLKFreq                        Drivers\STM32F1xx_HAL_Driver\Src\stm32f1xx_hal_rcc_ex.o
                                                  Drivers\STM32F1xx_HAL_Driver\Src\stm32f1xx_hal_adc_ex.o
                                                  Drivers\STM32F1xx_HAL_Driver\Src\stm32f1xx_hal_adc.o