stm32f1xx_it.c:57:6:NMI_Handler	0	static
stm32f1xx_it.c:70:6:HardFault_Handler	0	static
stm32f1xx_it.c:86:6:MemManage_Handler	0	static
stm32f1xx_it.c:102:6:BusFault_Handler	0	static
stm32f1xx_it.c:118:6:UsageFault_Handler	0	static
stm32f1xx_it.c:134:6:SVC_Handler	0	static
stm32f1xx_it.c:147:6:DebugMon_Handler	0	static
stm32f1xx_it.c:160:6:PendSV_Handler	0	static
stm32f1xx_it.c:173:6:SysTick_Handler	8	static
stm32f1xx_it.c:195:6:RCC_IRQHandler	0	static
stm32f1xx_it.c:208:6:DMA1_Channel1_IRQHandler	0	static
stm32f1xx_it.c:222:6:ADC1_2_IRQHandler	0	static
stm32f1xx_it.c:236:6:TIM2_IRQHandler	0	static
stm32f1xx_it.c:250:6:TIM3_IRQHandler	0	static
stm32f1xx_it.c:264:6:USART1_IRQHandler	0	static
stm32f1xx_it.c:278:6:USART2_IRQHandler	0	static
