LTM022A69B.c:20:6:SPI_Write	16	static
LTM022A69B.c:28:6:LCD_WRITE_REG	8	static
LTM022A69B.c:35:6:LCD_SEND_COMMAND	16	static
LTM022A69B.c:46:6:LCD_WRITE_COMMAND	16	static
LTM022A69B.c:58:6:LCD_WRITE_DATA	0	static
LTM022A69B.c:63:6:lcd_clear_screen	16	static
LTM022A69B.c:89:6:lcd_init	8	static
LTM022A69B.c:185:6:lcd_clear_area	24	static
LTM022A69B.c:224:6:lcd_set_cursor	8	static
LTM022A69B.c:243:6:lcd_display_char	32	static
LTM022A69B.c:300:6:lcd_display_string	32	static
LTM022A69B.c:321:6:lcd_display_GB2312	32	static
LTM022A69B.c:370:6:lcd_display_image	32	static
LTM022A69B.c:405:6:Swap	0	static
LTM022A69B.c:420:6:lcd_draw_dot	16	static
LTM022A69B.c:443:6:lcd_draw_bigdot	32	static
LTM022A69B.c:467:9:lcd_draw_line	48	static
LTM022A69B.c:527:10:mypow	16	static
LTM022A69B.c:535:6:lcd_display_number	64	static
LTM022A69B.c:564:6:lcd_display_kor_char	32	static
LTM022A69B.c:622:6:lcd_display_eng_char	32	static
LTM022A69B.c:685:10:KSCodeConversion	0	static
LTM022A69B.c:703:6:Korean	72	static
LTM022A69B.c:757:6:English	48	static
LTM022A69B.c:774:6:lcd_string	32	static
