stm32l4xx_hal_msp.c:49:6:HAL_MspInit	16	static
stm32l4xx_hal_msp.c:81:6:HAL_I2C_MspInit	32	static
stm32l4xx_hal_msp.c:111:6:HAL_I2C_MspDeInit	0	static
stm32l4xx_hal_msp.c:135:6:HAL_RNG_MspInit	8	static
stm32l4xx_hal_msp.c:152:6:HAL_RNG_MspDeInit	0	static
stm32l4xx_hal_msp.c:169:6:HAL_SPI_MspInit	32	static
stm32l4xx_hal_msp.c:199:6:HAL_SPI_MspDeInit	0	static
stm32l4xx_hal_msp.c:223:6:HAL_TIM_Base_MspInit	16	static
stm32l4xx_hal_msp.c:243:6:HAL_TIM_Base_MspDeInit	0	static
stm32l4xx_hal_msp.c:263:6:HAL_UART_MspInit	40	static
stm32l4xx_hal_msp.c:300:6:HAL_UART_MspDeInit	0	static
