LTM022A69B.c:29:6:SPI_Write	16	static
LTM022A69B.c:37:6:LCD_WRITE_REG	16	static
LTM022A69B.c:44:6:LCD_SEND_COMMAND	16	static
LTM022A69B.c:55:6:LCD_WRITE_COMMAND	16	static
LTM022A69B.c:67:6:LCD_WRITE_DATA	0	static
LTM022A69B.c:72:6:lcd_clear_screen	16	static
LTM022A69B.c:98:6:lcd_init	8	static
LTM022A69B.c:196:6:lcd_clear_area	24	static
LTM022A69B.c:236:6:lcd_address_window	16	static
LTM022A69B.c:609:6:lcd_draw_font_pixel	16	static
LTM022A69B.c:763:6:swap_values	0	static
LTM022A69B.c:782:6:lcd_set_cursor	8	static
LTM022A69B.c:244:6:lcd_fill	16	static
LTM022A69B.c:261:6:lcd_draw_pixel	16	static
LTM022A69B.c:282:6:lcd_draw_line	40	static
LTM022A69B.c:352:6:lcd_draw_v_line	24	static
LTM022A69B.c:366:6:lcd_draw_h_line	24	static
LTM022A69B.c:380:6:lcd_draw_triangle	80	static
LTM022A69B.c:500:6:lcd_draw_rectangle	56	static
LTM022A69B.c:563:6:lcd_draw_circle	80	static
LTM022A69B.c:621:6:lcd_print_char	56	static
LTM022A69B.c:722:6:lcd_print_str	56	static
LTM022A69B.c:802:6:lcd_display_char	32	static
LTM022A69B.c:858:6:lcd_display_string	32	static
LTM022A69B.c:879:6:lcd_display_GB2312	32	static
LTM022A69B.c:929:6:lcd_display_image	32	static
LTM022A69B.c:965:6:Swap	0	static
LTM022A69B.c:980:6:lcd_draw_dot	16	static
LTM022A69B.c:1007:6:lcd_draw_bigdot	32	static
LTM022A69B.c:1024:10:mypow	16	static
LTM022A69B.c:1032:6:lcd_display_number	64	static
LTM022A69B.c:1061:6:lcd_display_kor_char	32	static
LTM022A69B.c:1119:6:lcd_display_eng_char	32	static
LTM022A69B.c:1182:10:KSCodeConversion	0	static
LTM022A69B.c:1200:6:Korean	72	static
LTM022A69B.c:1254:6:English	48	static
LTM022A69B.c:1271:6:lcd_string	40	static
