Archive member included to satisfy reference by file (symbol)

c:/program files (x86)/atollic/truestudio for arm 7.0.1/armtools/bin/../lib/gcc/arm-atollic-eabi/5.3.1/../../../../arm-atollic-eabi/lib/armv7e-m/fpu\libc.a(lib_a-init.o)
                              Drivers\CMSIS\Device\ST\STM32F4xx\Source\Templates\gcc\startup_stm32f446xx.o (__libc_init_array)
c:/program files (x86)/atollic/truestudio for arm 7.0.1/armtools/bin/../lib/gcc/arm-atollic-eabi/5.3.1/../../../../arm-atollic-eabi/lib/armv7e-m/fpu\libc.a(lib_a-malloc.o)
                              Src\Base64.o (malloc)
c:/program files (x86)/atollic/truestudio for arm 7.0.1/armtools/bin/../lib/gcc/arm-atollic-eabi/5.3.1/../../../../arm-atollic-eabi/lib/armv7e-m/fpu\libc.a(lib_a-mallocr.o)
                              c:/program files (x86)/atollic/truestudio for arm 7.0.1/armtools/bin/../lib/gcc/arm-atollic-eabi/5.3.1/../../../../arm-atollic-eabi/lib/armv7e-m/fpu\libc.a(lib_a-malloc.o) (_malloc_r)
c:/program files (x86)/atollic/truestudio for arm 7.0.1/armtools/bin/../lib/gcc/arm-atollic-eabi/5.3.1/../../../../arm-atollic-eabi/lib/armv7e-m/fpu\libc.a(lib_a-memset.o)
                              Src\Base64.o (memset)
c:/program files (x86)/atollic/truestudio for arm 7.0.1/armtools/bin/../lib/gcc/arm-atollic-eabi/5.3.1/../../../../arm-atollic-eabi/lib/armv7e-m/fpu\libc.a(lib_a-mlock.o)
                              c:/program files (x86)/atollic/truestudio for arm 7.0.1/armtools/bin/../lib/gcc/arm-atollic-eabi/5.3.1/../../../../arm-atollic-eabi/lib/armv7e-m/fpu\libc.a(lib_a-mallocr.o) (__malloc_lock)
c:/program files (x86)/atollic/truestudio for arm 7.0.1/armtools/bin/../lib/gcc/arm-atollic-eabi/5.3.1/../../../../arm-atollic-eabi/lib/armv7e-m/fpu\libc.a(lib_a-sbrkr.o)
                              c:/program files (x86)/atollic/truestudio for arm 7.0.1/armtools/bin/../lib/gcc/arm-atollic-eabi/5.3.1/../../../../arm-atollic-eabi/lib/armv7e-m/fpu\libc.a(lib_a-mallocr.o) (_sbrk_r)
c:/program files (x86)/atollic/truestudio for arm 7.0.1/armtools/bin/../lib/gcc/arm-atollic-eabi/5.3.1/../../../../arm-atollic-eabi/lib/armv7e-m/fpu\libc.a(lib_a-sprintf.o)
                              Src\main.o (sprintf)
c:/program files (x86)/atollic/truestudio for arm 7.0.1/armtools/bin/../lib/gcc/arm-atollic-eabi/5.3.1/../../../../arm-atollic-eabi/lib/armv7e-m/fpu\libc.a(lib_a-svfprintf.o)
                              c:/program files (x86)/atollic/truestudio for arm 7.0.1/armtools/bin/../lib/gcc/arm-atollic-eabi/5.3.1/../../../../arm-atollic-eabi/lib/armv7e-m/fpu\libc.a(lib_a-sprintf.o) (_svfprintf_r)
c:/program files (x86)/atollic/truestudio for arm 7.0.1/armtools/bin/../lib/gcc/arm-atollic-eabi/5.3.1/../../../../arm-atollic-eabi/lib/armv7e-m/fpu\libc.a(lib_a-dtoa.o)
                              c:/program files (x86)/atollic/truestudio for arm 7.0.1/armtools/bin/../lib/gcc/arm-atollic-eabi/5.3.1/../../../../arm-atollic-eabi/lib/armv7e-m/fpu\libc.a(lib_a-svfprintf.o) (_dtoa_r)
c:/program files (x86)/atollic/truestudio for arm 7.0.1/armtools/bin/../lib/gcc/arm-atollic-eabi/5.3.1/../../../../arm-atollic-eabi/lib/armv7e-m/fpu\libc.a(lib_a-freer.o)
                              c:/program files (x86)/atollic/truestudio for arm 7.0.1/armtools/bin/../lib/gcc/arm-atollic-eabi/5.3.1/../../../../arm-atollic-eabi/lib/armv7e-m/fpu\libc.a(lib_a-malloc.o) (_free_r)
c:/program files (x86)/atollic/truestudio for arm 7.0.1/armtools/bin/../lib/gcc/arm-atollic-eabi/5.3.1/../../../../arm-atollic-eabi/lib/armv7e-m/fpu\libc.a(lib_a-impure.o)
                              c:/program files (x86)/atollic/truestudio for arm 7.0.1/armtools/bin/../lib/gcc/arm-atollic-eabi/5.3.1/../../../../arm-atollic-eabi/lib/armv7e-m/fpu\libc.a(lib_a-malloc.o) (_impure_ptr)
c:/program files (x86)/atollic/truestudio for arm 7.0.1/armtools/bin/../lib/gcc/arm-atollic-eabi/5.3.1/../../../../arm-atollic-eabi/lib/armv7e-m/fpu\libc.a(lib_a-locale.o)
                              c:/program files (x86)/atollic/truestudio for arm 7.0.1/armtools/bin/../lib/gcc/arm-atollic-eabi/5.3.1/../../../../arm-atollic-eabi/lib/armv7e-m/fpu\libc.a(lib_a-svfprintf.o) (_localeconv_r)
c:/program files (x86)/atollic/truestudio for arm 7.0.1/armtools/bin/../lib/gcc/arm-atollic-eabi/5.3.1/../../../../arm-atollic-eabi/lib/armv7e-m/fpu\libc.a(lib_a-memchr.o)
                              c:/program files (x86)/atollic/truestudio for arm 7.0.1/armtools/bin/../lib/gcc/arm-atollic-eabi/5.3.1/../../../../arm-atollic-eabi/lib/armv7e-m/fpu\libc.a(lib_a-svfprintf.o) (memchr)
c:/program files (x86)/atollic/truestudio for arm 7.0.1/armtools/bin/../lib/gcc/arm-atollic-eabi/5.3.1/../../../../arm-atollic-eabi/lib/armv7e-m/fpu\libc.a(lib_a-memcpy-stub.o)
                              c:/program files (x86)/atollic/truestudio for arm 7.0.1/armtools/bin/../lib/gcc/arm-atollic-eabi/5.3.1/../../../../arm-atollic-eabi/lib/armv7e-m/fpu\libc.a(lib_a-dtoa.o) (memcpy)
[...]
Memory Configuration

Name             Origin             Length             Attributes
RAM              0x20000000         0x00020000         xrw
FLASH            0x08000000         0x00080000         xr
*default*        0x00000000         0xffffffff

Linker script and memory map

LOAD c:/program files (x86)/atollic/truestudio for arm 7.0.1/armtools/bin/../lib/gcc/arm-atollic-eabi/5.3.1/armv7e-m/fpu/crti.o
LOAD c:/program files (x86)/atollic/truestudio for arm 7.0.1/armtools/bin/../lib/gcc/arm-atollic-eabi/5.3.1/armv7e-m/fpu/crtbegin.o
LOAD Drivers\CMSIS\Device\ST\STM32F4xx\Source\Templates\gcc\startup_stm32f446xx.o
LOAD Drivers\CMSIS\Device\ST\STM32F4xx\Source\Templates\system_stm32f4xx.o
LOAD Drivers\STM32F4xx_HAL_Driver\Src\stm32f4xx_hal.o
LOAD Drivers\STM32F4xx_HAL_Driver\Src\stm32f4xx_hal_cortex.o
LOAD Drivers\STM32F4xx_HAL_Driver\Src\stm32f4xx_hal_dma.o
LOAD Drivers\STM32F4xx_HAL_Driver\Src\stm32f4xx_hal_dma_ex.o
LOAD Drivers\STM32F4xx_HAL_Driver\Src\stm32f4xx_hal_flash.o
LOAD Drivers\STM32F4xx_HAL_Driver\Src\stm32f4xx_hal_flash_ex.o
LOAD Drivers\STM32F4xx_HAL_Driver\Src\stm32f4xx_hal_flash_ramfunc.o
LOAD Drivers\STM32F4xx_HAL_Driver\Src\stm32f4xx_hal_gpio.o
LOAD Drivers\STM32F4xx_HAL_Driver\Src\stm32f4xx_hal_i2c.o
LOAD Drivers\STM32F4xx_HAL_Driver\Src\stm32f4xx_hal_i2c_ex.o
LOAD Drivers\STM32F4xx_HAL_Driver\Src\stm32f4xx_hal_pwr.o
LOAD Drivers\STM32F4xx_HAL_Driver\Src\stm32f4xx_hal_pwr_ex.o
LOAD Drivers\STM32F4xx_HAL_Driver\Src\stm32f4xx_hal_rcc.o
LOAD Drivers\STM32F4xx_HAL_Driver\Src\stm32f4xx_hal_rcc_ex.o
LOAD Drivers\STM32F4xx_HAL_Driver\Src\stm32f4xx_hal_tim.o
LOAD Drivers\STM32F4xx_HAL_Driver\Src\stm32f4xx_hal_tim_ex.o
LOAD Drivers\STM32F4xx_HAL_Driver\Src\stm32f4xx_hal_uart.o
LOAD Src\Base64.o
LOAD Src\main.o
LOAD Src\stm32f4xx_hal_msp.o
LOAD Src\stm32f4xx_it.o
LOAD Src\system_stm32f4xx.o
LOAD Src\tlcd.o
LOAD Src\userDelay.o
START GROUP
LOAD c:/program files (x86)/atollic/truestudio for arm 7.0.1/armtools/bin/../lib/gcc/arm-atollic-eabi/5.3.1/../../../../arm-atollic-eabi/lib/armv7e-m/fpu\libc.a
LOAD c:/program files (x86)/atollic/truestudio for arm 7.0.1/armtools/bin/../lib/gcc/arm-atollic-eabi/5.3.1/../../../../arm-atollic-eabi/lib/armv7e-m/fpu\libm.a
END GROUP
                0x00001000                malloc_getpagesize_P = 0x1000
START GROUP
LOAD c:/program files (x86)/atollic/truestudio for arm 7.0.1/armtools/bin/../lib/gcc/arm-atollic-eabi/5.3.1/armv7e-m/fpu\libgcc.a
LOAD c:/program files (x86)/atollic/truestudio for arm 7.0.1/armtools/bin/../lib/gcc/arm-atollic-eabi/5.3.1/../../../../arm-atollic-eabi/lib/armv7e-m/fpu\libc.a
END GROUP
START GROUP
LOAD c:/program files (x86)/atollic/truestudio for arm 7.0.1/armtools/bin/../lib/gcc/arm-atollic-eabi/5.3.1/armv7e-m/fpu\libgcc.a
LOAD c:/program files (x86)/atollic/truestudio for arm 7.0.1/armtools/bin/../lib/gcc/arm-atollic-eabi/5.3.1/../../../../arm-atollic-eabi/lib/armv7e-m/fpu\libc.a
LOAD c:/program files (x86)/atollic/truestudio for arm 7.0.1/armtools/bin/../lib/gcc/arm-atollic-eabi/5.3.1/../../../../arm-atollic-eabi/lib/armv7e-m/fpu\libnosys.a
END GROUP
LOAD c:/program files (x86)/atollic/truestudio for arm 7.0.1/armtools/bin/../lib/gcc/arm-atollic-eabi/5.3.1/armv7e-m/fpu/crtend.o
LOAD c:/program files (x86)/atollic/truestudio for arm 7.0.1/armtools/bin/../lib/gcc/arm-atollic-eabi/5.3.1/armv7e-m/fpu/crtn.o
                0x20020000                _estack = 0x20020000
                0x00000200                _Min_Heap_Size = 0x200
                0x00000400                _Min_Stack_Size = 0x400

.isr_vector     0x08000000      0x1c4
                0x08000000                . = ALIGN (0x4)
 *(.isr_vector)
 .isr_vector    0x08000000      0x1c4 Drivers\CMSIS\Device\ST\STM32F4xx\Source\Templates\gcc\startup_stm32f446xx.o
                0x08000000                g_pfnVectors
                0x080001c4                . = ALIGN (0x4)

.text           0x080001d0     0x8738
                0x080001d0                . = ALIGN (0x4)
 *(.text)
 .text          0x080001d0       0x40 c:/program files (x86)/atollic/truestudio for arm 7.0.1/armtools/bin/../lib/gcc/arm-atollic-eabi/5.3.1/armv7e-m/fpu/crtbegin.o
 .text          0x08000210       0xa0 c:/program files (x86)/atollic/truestudio for arm 7.0.1/armtools/bin/../lib/gcc/arm-atollic-eabi/5.3.1/../../../../arm-atollic-eabi/lib/armv7e-m/fpu\libc.a(lib_a-memchr.o)
                0x08000210                memchr
 .text          0x080002b0       0x10 c:/program files (x86)/atollic/truestudio for arm 7.0.1/armtools/bin/../lib/gcc/arm-atollic-eabi/5.3.1/../../../../arm-atollic-eabi/lib/armv7e-m/fpu\libc.a(lib_a-strlen.o)
                0x080002b0                strlen
 .text          0x080002c0      0x370 c:/program files (x86)/atollic/truestudio for arm 7.0.1/armtools/bin/../lib/gcc/arm-atollic-eabi/5.3.1/armv7e-m/fpu\libgcc.a(_arm_addsubdf3.o)
                0x080002c0                __aeabi_drsub
                0x080002c8                __aeabi_dsub
                0x080002c8                __subdf3
                0x080002cc                __aeabi_dadd
                0x080002cc                __adddf3
                0x08000544                __floatunsidf
                0x08000544                __aeabi_ui2d
                0x08000564                __floatsidf
                0x08000564                __aeabi_i2d
                0x08000588                __aeabi_f2d
                0x08000588                __extendsfdf2
                0x080005c4                __floatundidf
                0x080005c4                __aeabi_ul2d
                0x080005d4                __floatdidf
                0x080005d4                __aeabi_l2d
 .text          0x08000630      0x424 c:/program files (x86)/atollic/truestudio for arm 7.0.1/armtools/bin/../lib/gcc/arm-atollic-eabi/5.3.1/armv7e-m/fpu\libgcc.a(_arm_muldivdf3.o)
                0x08000630                __aeabi_dmul
                0x08000630                __muldf3
                0x08000884                __divdf3
                0x08000884                __aeabi_ddiv
 .text          0x08000a54      0x110 c:/program files (x86)/atollic/truestudio for arm 7.0.1/armtools/bin/../lib/gcc/arm-atollic-eabi/5.3.1/armv7e-m/fpu\libgcc.a(_arm_cmpdf2.o)
                0x08000a54                __gtdf2
                0x08000a54                __gedf2
                0x08000a5c                __ltdf2
                0x08000a5c                __ledf2
                0x08000a64                __nedf2
                0x08000a64                __eqdf2
                0x08000a64                __cmpdf2
                0x08000ae0                __aeabi_cdrcmple
                0x08000af0                __aeabi_cdcmpeq
                0x08000af0                __aeabi_cdcmple
                0x08000b00                __aeabi_dcmpeq
                0x08000b14                __aeabi_dcmplt
                0x08000b28                __aeabi_dcmple
                0x08000b3c                __aeabi_dcmpge
                0x08000b50                __aeabi_dcmpgt
 .text          0x08000b64       0x2c c:/program files (x86)/atollic/truestudio for arm 7.0.1/armtools/bin/../lib/gcc/arm-atollic-eabi/5.3.1/armv7e-m/fpu\libgcc.a(_arm_unorddf2.o)
                0x08000b64                __unorddf2
                0x08000b64                __aeabi_dcmpun
 .text          0x08000b90       0x50 c:/program files (x86)/atollic/truestudio for arm 7.0.1/armtools/bin/../lib/gcc/arm-atollic-eabi/5.3.1/armv7e-m/fpu\libgcc.a(_arm_fixdfsi.o)
                0x08000b90                __aeabi_d2iz
                0x08000b90                __fixdfsi
 .text          0x08000be0       0xa0 c:/program files (x86)/atollic/truestudio for arm 7.0.1/armtools/bin/../lib/gcc/arm-atollic-eabi/5.3.1/armv7e-m/fpu\libgcc.a(_arm_truncdfsf2.o)
                0x08000be0                __truncdfsf2
                0x08000be0                __aeabi_d2f
 .text          0x08000c80       0x30 c:/program files (x86)/atollic/truestudio for arm 7.0.1/armtools/bin/../lib/gcc/arm-atollic-eabi/5.3.1/armv7e-m/fpu\libgcc.a(_aeabi_uldivmod.o)
                0x08000c80                __aeabi_uldivmod
 .text          0x08000cb0      0x2e4 c:/program files (x86)/atollic/truestudio for arm 7.0.1/armtools/bin/../lib/gcc/arm-atollic-eabi/5.3.1/armv7e-m/fpu\libgcc.a(_udivmoddi4.o)
                0x08000cb0                __udivmoddi4
 .text          0x08000f94        0x4 c:/program files (x86)/atollic/truestudio for arm 7.0.1/armtools/bin/../lib/gcc/arm-atollic-eabi/5.3.1/armv7e-m/fpu\libgcc.a(_dvmd_tls.o)
                0x08000f94                __aeabi_idiv0
                0x08000f94                __aeabi_ldiv0
 *(.text*)
 .text.Reset_Handler
                0x08000f98       0x50 Drivers\CMSIS\Device\ST\STM32F4xx\Source\Templates\gcc\startup_stm32f446xx.o
                0x08000f98                Reset_Handler
 .text.Default_Handler
                0x08000fe8        0x2 Drivers\CMSIS\Device\ST\STM32F4xx\Source\Templates\gcc\startup_stm32f446xx.o
                0x08000fe8                RTC_Alarm_IRQHandler
                0x08000fe8                EXTI2_IRQHandler
                0x08000fe8                TIM8_CC_IRQHandler
                0x08000fe8                DebugMon_Handler
                0x08000fe8                SPI4_IRQHandler
                0x08000fe8                TIM1_CC_IRQHandler
                0x08000fe8                DMA2_Stream5_IRQHandler
                0x08000fe8                HardFault_Handler
                0x08000fe8                DMA1_Stream5_IRQHandler
                0x08000fe8                PVD_IRQHandler
                0x08000fe8                SDIO_IRQHandler
                0x08000fe8                TAMP_STAMP_IRQHandler
                0x08000fe8                PendSV_Handler
                0x08000fe8                NMI_Handler
                0x08000fe8                CAN2_RX1_IRQHandler
                0x08000fe8                EXTI3_IRQHandler
                0x08000fe8                TIM8_TRG_COM_TIM14_IRQHandler
                0x08000fe8                TIM1_UP_TIM10_IRQHandler
                0x08000fe8                TIM8_UP_TIM13_IRQHandler
                0x08000fe8                I2C3_ER_IRQHandler
                0x08000fe8                FMPI2C1_Event_IRQHandler
                0x08000fe8                EXTI0_IRQHandler
                0x08000fe8                I2C2_EV_IRQHandler
                0x08000fe8                DMA1_Stream2_IRQHandler
                0x08000fe8                CAN1_RX0_IRQHandler
                0x08000fe8                FPU_IRQHandler
                0x08000fe8                OTG_HS_WKUP_IRQHandler
                0x08000fe8                UsageFault_Handler
                0x08000fe8                CAN2_SCE_IRQHandler
                0x08000fe8                DMA2_Stream2_IRQHandler
                0x08000fe8                SPI1_IRQHandler
                0x08000fe8                TIM6_DAC_IRQHandler
                0x08000fe8                TIM1_BRK_TIM9_IRQHandler
                0x08000fe8                DCMI_IRQHandler
                0x08000fe8                CAN2_RX0_IRQHandler
                0x08000fe8                DMA2_Stream3_IRQHandler
                0x08000fe8                SAI2_IRQHandler
                0x08000fe8                USART6_IRQHandler
                0x08000fe8                USART3_IRQHandler
                0x08000fe8                CAN1_RX1_IRQHandler
                0x08000fe8                UART5_IRQHandler
                0x08000fe8                DMA2_Stream0_IRQHandler
                0x08000fe8                TIM4_IRQHandler
                0x08000fe8                QUADSPI_IRQHandler
                0x08000fe8                I2C1_EV_IRQHandler
                0x08000fe8                DMA1_Stream1_IRQHandler
                0x08000fe8                UART4_IRQHandler
                0x08000fe8                TIM8_BRK_TIM12_IRQHandler
                0x08000fe8                Default_Handler
                0x08000fe8                CEC_IRQHandler
                0x08000fe8                EXTI15_10_IRQHandler
                0x08000fe8                ADC_IRQHandler
                0x08000fe8                DMA1_Stream7_IRQHandler
                0x08000fe8                TIM7_IRQHandler
                0x08000fe8                CAN2_TX_IRQHandler
                0x08000fe8                TIM5_IRQHandler
                0x08000fe8                DMA2_Stream7_IRQHandler
                0x08000fe8                I2C3_EV_IRQHandler
                0x08000fe8                EXTI9_5_IRQHandler
                0x08000fe8                RTC_WKUP_IRQHandler
                0x08000fe8                SPDIF_RX_IRQHandler
                0x08000fe8                SPI2_IRQHandler
                0x08000fe8                OTG_HS_EP1_IN_IRQHandler
                0x08000fe8                MemManage_Handler
                0x08000fe8                CAN1_TX_IRQHandler
                0x08000fe8                SVC_Handler
                0x08000fe8                EXTI4_IRQHandler
                0x08000fe8                OTG_HS_EP1_OUT_IRQHandler
                0x08000fe8                WWDG_IRQHandler
                0x08000fe8                OTG_FS_WKUP_IRQHandler
                0x08000fe8                TIM1_TRG_COM_TIM11_IRQHandler
                0x08000fe8                OTG_HS_IRQHandler
                0x08000fe8                EXTI1_IRQHandler
                0x08000fe8                I2C2_ER_IRQHandler
                0x08000fe8                DMA2_Stream1_IRQHandler
                0x08000fe8                CAN1_SCE_IRQHandler
                0x08000fe8                FLASH_IRQHandler
                0x08000fe8                DMA2_Stream4_IRQHandler
                0x08000fe8                BusFault_Handler
                0x08000fe8                USART1_IRQHandler
                0x08000fe8                OTG_FS_IRQHandler
                0x08000fe8                SPI3_IRQHandler
                0x08000fe8                DMA1_Stream4_IRQHandler
                0x08000fe8                I2C1_ER_IRQHandler
                0x08000fe8                FMC_IRQHandler
                0x08000fe8                DMA2_Stream6_IRQHandler
                0x08000fe8                SAI1_IRQHandler
                0x08000fe8                DMA1_Stream3_IRQHandler
                0x08000fe8                FMPI2C1_Error_IRQHandler
 *fill*         0x08000fea        0x2 
 .text.SystemInit
                0x08000fec       0x6c Drivers\CMSIS\Device\ST\STM32F4xx\Source\Templates\system_stm32f4xx.o
                0x08000fec                SystemInit
 .text.HAL_Init
                0x08001058       0x44 Drivers\STM32F4xx_HAL_Driver\Src\stm32f4xx_hal.o
                0x08001058                HAL_Init
 .text.HAL_InitTick
                0x0800109c       0x38 Drivers\STM32F4xx_HAL_Driver\Src\stm32f4xx_hal.o
                0x0800109c                HAL_InitTick
 .text.HAL_IncTick
                0x080010d4       0x1c Drivers\STM32F4xx_HAL_Driver\Src\stm32f4xx_hal.o
                0x080010d4                HAL_IncTick
 .text.HAL_GetTick
                0x080010f0       0x18 Drivers\STM32F4xx_HAL_Driver\Src\stm32f4xx_hal.o
                0x080010f0                HAL_GetTick
 .text.HAL_Delay
                0x08001108       0x2c Drivers\STM32F4xx_HAL_Driver\Src\stm32f4xx_hal.o
                0x08001108                HAL_Delay
 .text.NVIC_SetPriorityGrouping
                0x08001134       0x48 Drivers\STM32F4xx_HAL_Driver\Src\stm32f4xx_hal_cortex.o
 .text.NVIC_GetPriorityGrouping
                0x0800117c       0x1c Drivers\STM32F4xx_HAL_Driver\Src\stm32f4xx_hal_cortex.o
 .text.NVIC_EnableIRQ
                0x08001198       0x34 Drivers\STM32F4xx_HAL_Driver\Src\stm32f4xx_hal_cortex.o
 .text.NVIC_SetPriority
                0x080011cc       0x54 Drivers\STM32F4xx_HAL_Driver\Src\stm32f4xx_hal_cortex.o
 .text.NVIC_EncodePriority
                0x08001220       0x64 Drivers\STM32F4xx_HAL_Driver\Src\stm32f4xx_hal_cortex.o
 .text.SysTick_Config
                0x08001284       0x44 Drivers\STM32F4xx_HAL_Driver\Src\stm32f4xx_hal_cortex.o
 .text.HAL_NVIC_SetPriorityGrouping
                0x080012c8       0x18 Drivers\STM32F4xx_HAL_Driver\Src\stm32f4xx_hal_cortex.o
                0x080012c8                HAL_NVIC_SetPriorityGrouping
 .text.HAL_NVIC_SetPriority
                0x080012e0       0x38 Drivers\STM32F4xx_HAL_Driver\Src\stm32f4xx_hal_cortex.o
                0x080012e0                HAL_NVIC_SetPriority
 .text.HAL_NVIC_EnableIRQ
                0x08001318       0x1c Drivers\STM32F4xx_HAL_Driver\Src\stm32f4xx_hal_cortex.o
                0x08001318                HAL_NVIC_EnableIRQ
 .text.HAL_SYSTICK_Config
                0x08001334       0x18 Drivers\STM32F4xx_HAL_Driver\Src\stm32f4xx_hal_cortex.o
                0x08001334                HAL_SYSTICK_Config
 .text.HAL_SYSTICK_CLKSourceConfig
                0x0800134c       0x38 Drivers\STM32F4xx_HAL_Driver\Src\stm32f4xx_hal_cortex.o
                0x0800134c                HAL_SYSTICK_CLKSourceConfig
 .text.HAL_SYSTICK_IRQHandler
                0x08001384        0xc Drivers\STM32F4xx_HAL_Driver\Src\stm32f4xx_hal_cortex.o
                0x08001384                HAL_SYSTICK_IRQHandler
 .text.HAL_SYSTICK_Callback
                0x08001390       0x10 Drivers\STM32F4xx_HAL_Driver\Src\stm32f4xx_hal_cortex.o
                0x08001390                HAL_SYSTICK_Callback
 .text.HAL_DMA_Init
                0x080013a0      0x154 Drivers\STM32F4xx_HAL_Driver\Src\stm32f4xx_hal_dma.o
                0x080013a0                HAL_DMA_Init
 .text.HAL_DMA_Abort_IT
                0x080014f4       0x44 Drivers\STM32F4xx_HAL_Driver\Src\stm32f4xx_hal_dma.o
                0x080014f4                HAL_DMA_Abort_IT
 .text.HAL_DMA_IRQHandler
                0x08001538      0x320 Drivers\STM32F4xx_HAL_Driver\Src\stm32f4xx_hal_dma.o
                0x08001538                HAL_DMA_IRQHandler
 .text.DMA_CalcBaseAndBitshift
                0x08001858       0x6c Drivers\STM32F4xx_HAL_Driver\Src\stm32f4xx_hal_dma.o
 .text.DMA_CheckFifoParam
                0x080018c4      0x114 Drivers\STM32F4xx_HAL_Driver\Src\stm32f4xx_hal_dma.o
 .text.HAL_GPIO_Init
                0x080019d8      0x324 Drivers\STM32F4xx_HAL_Driver\Src\stm32f4xx_hal_gpio.o
                0x080019d8                HAL_GPIO_Init
 .text.HAL_GPIO_WritePin
                0x08001cfc       0x34 Drivers\STM32F4xx_HAL_Driver\Src\stm32f4xx_hal_gpio.o
                0x08001cfc                HAL_GPIO_WritePin
 .text.HAL_GPIO_TogglePin
                0x08001d30       0x24 Drivers\STM32F4xx_HAL_Driver\Src\stm32f4xx_hal_gpio.o
                0x08001d30                HAL_GPIO_TogglePin
 .text.HAL_I2C_Init
                0x08001d54      0x1c0 Drivers\STM32F4xx_HAL_Driver\Src\stm32f4xx_hal_i2c.o
                0x08001d54                HAL_I2C_Init
 .text.HAL_I2C_Master_Transmit
                0x08001f14      0x1b4 Drivers\STM32F4xx_HAL_Driver\Src\stm32f4xx_hal_i2c.o
                0x08001f14                HAL_I2C_Master_Transmit
 .text.HAL_I2C_Master_Receive
                0x080020c8      0x360 Drivers\STM32F4xx_HAL_Driver\Src\stm32f4xx_hal_i2c.o
                0x080020c8                HAL_I2C_Master_Receive
 .text.I2C_MasterRequestWrite
                0x08002428      0x104 Drivers\STM32F4xx_HAL_Driver\Src\stm32f4xx_hal_i2c.o
 .text.I2C_MasterRequestRead
                0x0800252c      0x1a4 Drivers\STM32F4xx_HAL_Driver\Src\stm32f4xx_hal_i2c.o
 .text.I2C_WaitOnFlagUntilTimeout
                0x080026d0       0x9c Drivers\STM32F4xx_HAL_Driver\Src\stm32f4xx_hal_i2c.o
 .text.I2C_WaitOnMasterAddressFlagUntilTimeout
                0x0800276c       0xdc Drivers\STM32F4xx_HAL_Driver\Src\stm32f4xx_hal_i2c.o
 .text.I2C_WaitOnTXEFlagUntilTimeout
                0x08002848       0x7c Drivers\STM32F4xx_HAL_Driver\Src\stm32f4xx_hal_i2c.o
 .text.I2C_WaitOnBTFFlagUntilTimeout
                0x080028c4       0x7c Drivers\STM32F4xx_HAL_Driver\Src\stm32f4xx_hal_i2c.o
 .text.I2C_WaitOnRXNEFlagUntilTimeout
                0x08002940       0x94 Drivers\STM32F4xx_HAL_Driver\Src\stm32f4xx_hal_i2c.o
 .text.I2C_IsAcknowledgeFailed
                0x080029d4       0x50 Drivers\STM32F4xx_HAL_Driver\Src\stm32f4xx_hal_i2c.o
 .text.HAL_PWREx_EnableOverDrive
                0x08002a24       0xd0 Drivers\STM32F4xx_HAL_Driver\Src\stm32f4xx_hal_pwr_ex.o
                0x08002a24                HAL_PWREx_EnableOverDrive
 .text.HAL_RCC_ClockConfig
                0x08002af4      0x224 Drivers\STM32F4xx_HAL_Driver\Src\stm32f4xx_hal_rcc.o
                0x08002af4                HAL_RCC_ClockConfig
 .text.HAL_RCC_GetHCLKFreq
                0x08002d18       0x18 Drivers\STM32F4xx_HAL_Driver\Src\stm32f4xx_hal_rcc.o
                0x08002d18                HAL_RCC_GetHCLKFreq
 .text.HAL_RCC_GetPCLK1Freq
                0x08002d30       0x44 Drivers\STM32F4xx_HAL_Driver\Src\stm32f4xx_hal_rcc.o
                0x08002d30                HAL_RCC_GetPCLK1Freq
 .text.HAL_RCC_GetPCLK2Freq
                0x08002d74       0x44 Drivers\STM32F4xx_HAL_Driver\Src\stm32f4xx_hal_rcc.o
                0x08002d74                HAL_RCC_GetPCLK2Freq
 .text.HAL_RCC_OscConfig
                0x08002db8      0x47c Drivers\STM32F4xx_HAL_Driver\Src\stm32f4xx_hal_rcc_ex.o
                0x08002db8                HAL_RCC_OscConfig
 .text.HAL_RCC_GetSysClockFreq
                0x08003234      0x1d8 Drivers\STM32F4xx_HAL_Driver\Src\stm32f4xx_hal_rcc_ex.o
                0x08003234                HAL_RCC_GetSysClockFreq
 .text.HAL_TIM_Base_Init
                0x0800340c       0x58 Drivers\STM32F4xx_HAL_Driver\Src\stm32f4xx_hal_tim.o
                0x0800340c                HAL_TIM_Base_Init
 .text.HAL_TIM_Base_Start_IT
                0x08003464       0x38 Drivers\STM32F4xx_HAL_Driver\Src\stm32f4xx_hal_tim.o
                0x08003464                HAL_TIM_Base_Start_IT
 .text.HAL_TIM_IRQHandler
                0x0800349c      0x210 Drivers\STM32F4xx_HAL_Driver\Src\stm32f4xx_hal_tim.o
                0x0800349c                HAL_TIM_IRQHandler
 .text.HAL_TIM_ConfigClockSource
                0x080036ac      0x1b8 Drivers\STM32F4xx_HAL_Driver\Src\stm32f4xx_hal_tim.o
                0x080036ac                HAL_TIM_ConfigClockSource
 .text.HAL_TIM_OC_DelayElapsedCallback
                0x08003864       0x14 Drivers\STM32F4xx_HAL_Driver\Src\stm32f4xx_hal_tim.o
                0x08003864                HAL_TIM_OC_DelayElapsedCallback
 .text.HAL_TIM_IC_CaptureCallback
                0x08003878       0x14 Drivers\STM32F4xx_HAL_Driver\Src\stm32f4xx_hal_tim.o
                0x08003878                HAL_TIM_IC_CaptureCallback
 .text.HAL_TIM_PWM_PulseFinishedCallback
                0x0800388c       0x14 Drivers\STM32F4xx_HAL_Driver\Src\stm32f4xx_hal_tim.o
                0x0800388c                HAL_TIM_PWM_PulseFinishedCallback
 .text.HAL_TIM_TriggerCallback
                0x080038a0       0x14 Drivers\STM32F4xx_HAL_Driver\Src\stm32f4xx_hal_tim.o
                0x080038a0                HAL_TIM_TriggerCallback
 .text.TIM_Base_SetConfig
                0x080038b4      0x154 Drivers\STM32F4xx_HAL_Driver\Src\stm32f4xx_hal_tim.o
                0x080038b4                TIM_Base_SetConfig
 .text.TIM_TI1_ConfigInputStage
                0x08003a08       0x68 Drivers\STM32F4xx_HAL_Driver\Src\stm32f4xx_hal_tim.o
 .text.TIM_TI2_ConfigInputStage
                0x08003a70       0x68 Drivers\STM32F4xx_HAL_Driver\Src\stm32f4xx_hal_tim.o
 .text.TIM_ITRx_SetConfig
                0x08003ad8       0x40 Drivers\STM32F4xx_HAL_Driver\Src\stm32f4xx_hal_tim.o
 .text.TIM_ETR_SetConfig
                0x08003b18       0x44 Drivers\STM32F4xx_HAL_Driver\Src\stm32f4xx_hal_tim.o
 .text.HAL_TIMEx_MasterConfigSynchronization
                0x08003b5c       0x8c Drivers\STM32F4xx_HAL_Driver\Src\stm32f4xx_hal_tim_ex.o
                0x08003b5c                HAL_TIMEx_MasterConfigSynchronization
 .text.HAL_TIMEx_CommutationCallback
                0x08003be8       0x14 Drivers\STM32F4xx_HAL_Driver\Src\stm32f4xx_hal_tim_ex.o
                0x08003be8                HAL_TIMEx_CommutationCallback
 .text.HAL_TIMEx_BreakCallback
                0x08003bfc       0x14 Drivers\STM32F4xx_HAL_Driver\Src\stm32f4xx_hal_tim_ex.o
                0x08003bfc                HAL_TIMEx_BreakCallback
 .text.HAL_UART_Init
                0x08003c10       0x9c Drivers\STM32F4xx_HAL_Driver\Src\stm32f4xx_hal_uart.o
                0x08003c10                HAL_UART_Init
 .text.HAL_UART_Transmit
                0x08003cac      0x12c Drivers\STM32F4xx_HAL_Driver\Src\stm32f4xx_hal_uart.o
                0x08003cac                HAL_UART_Transmit
 .text.HAL_UART_Receive_IT
                0x08003dd8       0x9c Drivers\STM32F4xx_HAL_Driver\Src\stm32f4xx_hal_uart.o
                0x08003dd8                HAL_UART_Receive_IT
 .text.HAL_UART_IRQHandler
                0x08003e74      0x1f8 Drivers\STM32F4xx_HAL_Driver\Src\stm32f4xx_hal_uart.o
                0x08003e74                HAL_UART_IRQHandler
 .text.HAL_UART_TxCpltCallback
                0x0800406c       0x14 Drivers\STM32F4xx_HAL_Driver\Src\stm32f4xx_hal_uart.o
                0x0800406c                HAL_UART_TxCpltCallback
 .text.HAL_UART_ErrorCallback
                0x08004080       0x14 Drivers\STM32F4xx_HAL_Driver\Src\stm32f4xx_hal_uart.o
                0x08004080                HAL_UART_ErrorCallback
 .text.UART_WaitOnFlagUntilTimeout
                0x08004094       0x94 Drivers\STM32F4xx_HAL_Driver\Src\stm32f4xx_hal_uart.o
 .text.UART_EndRxTransfer
                0x08004128       0x3c Drivers\STM32F4xx_HAL_Driver\Src\stm32f4xx_hal_uart.o
 .text.UART_DMAAbortOnError
                0x08004164       0x28 Drivers\STM32F4xx_HAL_Driver\Src\stm32f4xx_hal_uart.o
 .text.UART_Transmit_IT
                0x0800418c       0xac Drivers\STM32F4xx_HAL_Driver\Src\stm32f4xx_hal_uart.o
 .text.UART_EndTransmit_IT
                0x08004238       0x30 Drivers\STM32F4xx_HAL_Driver\Src\stm32f4xx_hal_uart.o
 .text.UART_Receive_IT
                0x08004268       0xf4 Drivers\STM32F4xx_HAL_Driver\Src\stm32f4xx_hal_uart.o
 .text.UART_SetConfig
                0x0800435c      0x438 Drivers\STM32F4xx_HAL_Driver\Src\stm32f4xx_hal_uart.o
 .text.HAL_UART_RxCpltCallback
                0x08004794       0x4c Src\main.o
                0x08004794                HAL_UART_RxCpltCallback
 .text.HAL_TIM_PeriodElapsedCallback
                0x080047e0      0x28c Src\main.o
                0x080047e0                HAL_TIM_PeriodElapsedCallback
 *fill*         0x08004a6c        0x4 
 .text.kalman_filter
                0x08004a70      0x2fc Src\main.o
                0x08004a70                kalman_filter
 .text.main     0x08004d6c      0x280 Src\main.o
                0x08004d6c                main
 .text.SystemClock_Config
                0x08004fec       0xf0 Src\main.o
                0x08004fec                SystemClock_Config
 .text.MX_I2C1_Init
                0x080050dc       0x60 Src\main.o
 .text.MX_TIM2_Init
                0x0800513c       0x80 Src\main.o
 .text.MX_TIM3_Init
                0x080051bc       0x80 Src\main.o
 .text.MX_USART2_UART_Init
                0x0800523c       0x54 Src\main.o
 .text.MX_DMA_Init
                0x08005290       0x50 Src\main.o
 .text.MX_GPIO_Init
                0x080052e0      0x118 Src\main.o
 .text.Error_Handler
                0x080053f8        0x8 Src\main.o
                0x080053f8                Error_Handler
 .text.HAL_MspInit
                0x08005400       0x74 Src\stm32f4xx_hal_msp.o
                0x08005400                HAL_MspInit
 .text.HAL_I2C_MspInit
                0x08005474      0x130 Src\stm32f4xx_hal_msp.o
                0x08005474                HAL_I2C_MspInit
 .text.HAL_TIM_Base_MspInit
                0x080055a4       0x88 Src\stm32f4xx_hal_msp.o
                0x080055a4                HAL_TIM_Base_MspInit
 .text.HAL_UART_MspInit
                0x0800562c       0x74 Src\stm32f4xx_hal_msp.o
                0x0800562c                HAL_UART_MspInit
 .text.SysTick_Handler
                0x080056a0       0x10 Src\stm32f4xx_it.o
                0x080056a0                SysTick_Handler
 .text.RCC_IRQHandler
                0x080056b0       0x10 Src\stm32f4xx_it.o
                0x080056b0                RCC_IRQHandler
 .text.DMA1_Stream0_IRQHandler
                0x080056c0       0x14 Src\stm32f4xx_it.o
                0x080056c0                DMA1_Stream0_IRQHandler
 .text.DMA1_Stream6_IRQHandler
                0x080056d4       0x14 Src\stm32f4xx_it.o
                0x080056d4                DMA1_Stream6_IRQHandler
 .text.TIM2_IRQHandler
                0x080056e8       0x14 Src\stm32f4xx_it.o
                0x080056e8                TIM2_IRQHandler
 .text.TIM3_IRQHandler
                0x080056fc       0x14 Src\stm32f4xx_it.o
                0x080056fc                TIM3_IRQHandler
 .text.USART2_IRQHandler
                0x08005710       0x14 Src\stm32f4xx_it.o
                0x08005710                USART2_IRQHandler
 .text.TLCD_Init
                0x08005724      0x128 Src\tlcd.o
                0x08005724                TLCD_Init
 .text.TLCD_4BitWrite
                0x0800584c       0xec Src\tlcd.o
                0x0800584c                TLCD_4BitWrite
 .text.TLCD_Enable
                0x08005938       0x58 Src\tlcd.o
                0x08005938                TLCD_Enable
 .text.TLCD_Cmd
                0x08005990       0x1c Src\tlcd.o
                0x08005990                TLCD_Cmd
 .text.TLCD_Write
                0x080059ac       0x1c Src\tlcd.o
                0x080059ac                TLCD_Write
 .text.TNLD_Send
                0x080059c8       0x60 Src\tlcd.o
                0x080059c8                TNLD_Send
 .text.TLCD_Putc
                0x08005a28       0x20 Src\tlcd.o
                0x08005a28                TLCD_Putc
 .text.TLCD_Puts
                0x08005a48       0x54 Src\tlcd.o
                0x08005a48                TLCD_Puts
 .text.delay_us
                0x08005a9c       0x38 Src\userDelay.o
                0x08005a9c                delay_us
 .text.delay_ms
                0x08005ad4       0x28 Src\userDelay.o
                0x08005ad4                delay_ms
 .text.__libc_init_array
                0x08005afc       0x4c c:/program files (x86)/atollic/truestudio for arm 7.0.1/armtools/bin/../lib/gcc/arm-atollic-eabi/5.3.1/../../../../arm-atollic-eabi/lib/armv7e-m/fpu\libc.a(lib_a-init.o)
                0x08005afc                __libc_init_array
 .text.malloc   0x08005b48       0x10 c:/program files (x86)/atollic/truestudio for arm 7.0.1/armtools/bin/../lib/gcc/arm-atollic-eabi/5.3.1/../../../../arm-atollic-eabi/lib/armv7e-m/fpu\libc.a(lib_a-malloc.o)
                0x08005b48                malloc
 .text._malloc_r
                0x08005b58      0x440 c:/program files (x86)/atollic/truestudio for arm 7.0.1/armtools/bin/../lib/gcc/arm-atollic-eabi/5.3.1/../../../../arm-atollic-eabi/lib/armv7e-m/fpu\libc.a(lib_a-mallocr.o)
                0x08005b58                _malloc_r
 .text.memset   0x08005f98       0x10 c:/program files (x86)/atollic/truestudio for arm 7.0.1/armtools/bin/../lib/gcc/arm-atollic-eabi/5.3.1/../../../../arm-atollic-eabi/lib/armv7e-m/fpu\libc.a(lib_a-memset.o)
                0x08005f98                memset
 .text.__malloc_lock
                0x08005fa8        0x2 c:/program files (x86)/atollic/truestudio for arm 7.0.1/armtools/bin/../lib/gcc/arm-atollic-eabi/5.3.1/../../../../arm-atollic-eabi/lib/armv7e-m/fpu\libc.a(lib_a-mlock.o)
                0x08005fa8                __malloc_lock
 .text.__malloc_unlock
                0x08005faa        0x2 c:/program files (x86)/atollic/truestudio for arm 7.0.1/armtools/bin/../lib/gcc/arm-atollic-eabi/5.3.1/../../../../arm-atollic-eabi/lib/armv7e-m/fpu\libc.a(lib_a-mlock.o)
                0x08005faa                __malloc_unlock
 .text._sbrk_r  0x08005fac       0x20 c:/program files (x86)/atollic/truestudio for arm 7.0.1/armtools/bin/../lib/gcc/arm-atollic-eabi/5.3.1/../../../../arm-atollic-eabi/lib/armv7e-m/fpu\libc.a(lib_a-sbrkr.o)
                0x08005fac                _sbrk_r
 .text.sprintf  0x08005fcc       0x48 c:/program files (x86)/atollic/truestudio for arm 7.0.1/armtools/bin/../lib/gcc/arm-atollic-eabi/5.3.1/../../../../arm-atollic-eabi/lib/armv7e-m/fpu\libc.a(lib_a-sprintf.o)
                0x08005fcc                sprintf
 *fill*         0x08006014        0x4 
 .text._svfprintf_r
                0x08006018      0xf84 c:/program files (x86)/atollic/truestudio for arm 7.0.1/armtools/bin/../lib/gcc/arm-atollic-eabi/5.3.1/../../../../arm-atollic-eabi/lib/armv7e-m/fpu\libc.a(lib_a-svfprintf.o)
                0x08006018                _svfprintf_r
 .text.quorem   0x08006f9c      0x11e c:/program files (x86)/atollic/truestudio for arm 7.0.1/armtools/bin/../lib/gcc/arm-atollic-eabi/5.3.1/../../../../arm-atollic-eabi/lib/armv7e-m/fpu\libc.a(lib_a-dtoa.o)
 *fill*         0x080070ba        0x6 
 .text._dtoa_r  0x080070c0      0xb40 c:/program files (x86)/atollic/truestudio for arm 7.0.1/armtools/bin/../lib/gcc/arm-atollic-eabi/5.3.1/../../../../arm-atollic-eabi/lib/armv7e-m/fpu\libc.a(lib_a-dtoa.o)
                0x080070c0                _dtoa_r
 .text._malloc_trim_r
                0x08007c00       0xac c:/program files (x86)/atollic/truestudio for arm 7.0.1/armtools/bin/../lib/gcc/arm-atollic-eabi/5.3.1/../../../../arm-atollic-eabi/lib/armv7e-m/fpu\libc.a(lib_a-freer.o)
                0x08007c00                _malloc_trim_r
 .text._free_r  0x08007cac      0x17c c:/program files (x86)/atollic/truestudio for arm 7.0.1/armtools/bin/../lib/gcc/arm-atollic-eabi/5.3.1/../../../../arm-atollic-eabi/lib/armv7e-m/fpu\libc.a(lib_a-freer.o)
                0x08007cac                _free_r
 .text._localeconv_r
                0x08007e28        0x8 c:/program files (x86)/atollic/truestudio for arm 7.0.1/armtools/bin/../lib/gcc/arm-atollic-eabi/5.3.1/../../../../arm-atollic-eabi/lib/armv7e-m/fpu\libc.a(lib_a-locale.o)
                0x08007e28                _localeconv_r
 .text.memcpy   0x08007e30       0x16 c:/program files (x86)/atollic/truestudio for arm 7.0.1/armtools/bin/../lib/gcc/arm-atollic-eabi/5.3.1/../../../../arm-atollic-eabi/lib/armv7e-m/fpu\libc.a(lib_a-memcpy-stub.o)
                0x08007e30                memcpy
 .text._Balloc  0x08007e46       0x6a c:/program files (x86)/atollic/truestudio for arm 7.0.1/armtools/bin/../lib/gcc/arm-atollic-eabi/5.3.1/../../../../arm-atollic-eabi/lib/armv7e-m/fpu\libc.a(lib_a-mprec.o)
                0x08007e46                _Balloc
 .text._Bfree   0x08007eb0       0x2e c:/program files (x86)/atollic/truestudio for arm 7.0.1/armtools/bin/../lib/gcc/arm-atollic-eabi/5.3.1/../../../../arm-atollic-eabi/lib/armv7e-m/fpu\libc.a(lib_a-mprec.o)
                0x08007eb0                _Bfree
 .text.__multadd
                0x08007ede       0x76 c:/program files (x86)/atollic/truestudio for arm 7.0.1/armtools/bin/../lib/gcc/arm-atollic-eabi/5.3.1/../../../../arm-atollic-eabi/lib/armv7e-m/fpu\libc.a(lib_a-mprec.o)
                0x08007ede                __multadd
 .text.__hi0bits
                0x08007f54       0x40 c:/program files (x86)/atollic/truestudio for arm 7.0.1/armtools/bin/../lib/gcc/arm-atollic-eabi/5.3.1/../../../../arm-atollic-eabi/lib/armv7e-m/fpu\libc.a(lib_a-mprec.o)
                0x08007f54                __hi0bits
 .text.__lo0bits
                0x08007f94       0x5a c:/program files (x86)/atollic/truestudio for arm 7.0.1/armtools/bin/../lib/gcc/arm-atollic-eabi/5.3.1/../../../../arm-atollic-eabi/lib/armv7e-m/fpu\libc.a(lib_a-mprec.o)
                0x08007f94                __lo0bits
 .text.__i2b    0x08007fee       0x12 c:/program files (x86)/atollic/truestudio for arm 7.0.1/armtools/bin/../lib/gcc/arm-atollic-eabi/5.3.1/../../../../arm-atollic-eabi/lib/armv7e-m/fpu\libc.a(lib_a-mprec.o)
                0x08007fee                __i2b
 .text.__multiply
                0x08008000      0x122 c:/program files (x86)/atollic/truestudio for arm 7.0.1/armtools/bin/../lib/gcc/arm-atollic-eabi/5.3.1/../../../../arm-atollic-eabi/lib/armv7e-m/fpu\libc.a(lib_a-mprec.o)
                0x08008000                __multiply
 *fill*         0x08008122        0x2 
 .text.__pow5mult
                0x08008124       0x9c c:/program files (x86)/atollic/truestudio for arm 7.0.1/armtools/bin/../lib/gcc/arm-atollic-eabi/5.3.1/../../../../arm-atollic-eabi/lib/armv7e-m/fpu\libc.a(lib_a-mprec.o)
                0x08008124                __pow5mult
 .text.__lshift
                0x080081c0       0xa2 c:/program files (x86)/atollic/truestudio for arm 7.0.1/armtools/bin/../lib/gcc/arm-atollic-eabi/5.3.1/../../../../arm-atollic-eabi/lib/armv7e-m/fpu\libc.a(lib_a-mprec.o)
                0x080081c0                __lshift
 .text.__mcmp   0x08008262       0x38 c:/program files (x86)/atollic/truestudio for arm 7.0.1/armtools/bin/../lib/gcc/arm-atollic-eabi/5.3.1/../../../../arm-atollic-eabi/lib/armv7e-m/fpu\libc.a(lib_a-mprec.o)
                0x08008262                __mcmp
 .text.__mdiff  0x0800829a       0xbe c:/program files (x86)/atollic/truestudio for arm 7.0.1/armtools/bin/../lib/gcc/arm-atollic-eabi/5.3.1/../../../../arm-atollic-eabi/lib/armv7e-m/fpu\libc.a(lib_a-mprec.o)
                0x0800829a                __mdiff
 .text.__d2b    0x08008358       0x9c c:/program files (x86)/atollic/truestudio for arm 7.0.1/armtools/bin/../lib/gcc/arm-atollic-eabi/5.3.1/../../../../arm-atollic-eabi/lib/armv7e-m/fpu\libc.a(lib_a-mprec.o)
                0x08008358                __d2b
 .text.__ssprint_r
                0x080083f4       0xfe c:/program files (x86)/atollic/truestudio for arm 7.0.1/armtools/bin/../lib/gcc/arm-atollic-eabi/5.3.1/../../../../arm-atollic-eabi/lib/armv7e-m/fpu\libc.a(lib_a-svfiprintf.o)
                0x080083f4                __ssprint_r
 .text._calloc_r
                0x080084f2       0x5a c:/program files (x86)/atollic/truestudio for arm 7.0.1/armtools/bin/../lib/gcc/arm-atollic-eabi/5.3.1/../../../../arm-atollic-eabi/lib/armv7e-m/fpu\libc.a(lib_a-callocr.o)
                0x080084f2                _calloc_r
 .text.memmove  0x0800854c       0x36 c:/program files (x86)/atollic/truestudio for arm 7.0.1/armtools/bin/../lib/gcc/arm-atollic-eabi/5.3.1/../../../../arm-atollic-eabi/lib/armv7e-m/fpu\libc.a(lib_a-memmove.o)
                0x0800854c                memmove
 *fill*         0x08008582        0x2 
 .text._realloc_r
                0x08008584      0x350 c:/program files (x86)/atollic/truestudio for arm 7.0.1/armtools/bin/../lib/gcc/arm-atollic-eabi/5.3.1/../../../../arm-atollic-eabi/lib/armv7e-m/fpu\libc.a(lib_a-reallocr.o)
                0x08008584                _realloc_r
 .text._sbrk    0x080088d4       0x1c c:/program files (x86)/atollic/truestudio for arm 7.0.1/armtools/bin/../lib/gcc/arm-atollic-eabi/5.3.1/../../../../arm-atollic-eabi/lib/armv7e-m/fpu\libnosys.a(sbrk.o)
                0x080088d4                _sbrk
 *(.glue_7)
 .glue_7        0x080088f0        0x0 linker stubs
 *(.glue_7t)
 .glue_7t       0x080088f0        0x0 linker stubs
 *(.eh_frame)
 .eh_frame      0x080088f0        0x0 c:/program files (x86)/atollic/truestudio for arm 7.0.1/armtools/bin/../lib/gcc/arm-atollic-eabi/5.3.1/armv7e-m/fpu/crtbegin.o
 *(.init)
 .init          0x080088f0        0x4 c:/program files (x86)/atollic/truestudio for arm 7.0.1/armtools/bin/../lib/gcc/arm-atollic-eabi/5.3.1/armv7e-m/fpu/crti.o
                0x080088f0                _init
 .init          0x080088f4        0x8 c:/program files (x86)/atollic/truestudio for arm 7.0.1/armtools/bin/../lib/gcc/arm-atollic-eabi/5.3.1/armv7e-m/fpu/crtn.o
 *(.fini)
 .fini          0x080088fc        0x4 c:/program files (x86)/atollic/truestudio for arm 7.0.1/armtools/bin/../lib/gcc/arm-atollic-eabi/5.3.1/armv7e-m/fpu/crti.o
                0x080088fc                _fini
 .fini          0x08008900        0x8 c:/program files (x86)/atollic/truestudio for arm 7.0.1/armtools/bin/../lib/gcc/arm-atollic-eabi/5.3.1/armv7e-m/fpu/crtn.o
                0x08008908                . = ALIGN (0x4)
                0x08008908                _etext = .

.vfp11_veneer   0x08008908        0x0
 .vfp11_veneer  0x08008908        0x0 linker stubs

.v4_bx          0x08008908        0x0
 .v4_bx         0x08008908        0x0 linker stubs

.iplt           0x08008908        0x0
 .iplt          0x08008908        0x0 c:/program files (x86)/atollic/truestudio for arm 7.0.1/armtools/bin/../lib/gcc/arm-atollic-eabi/5.3.1/armv7e-m/fpu/crtbegin.o

.rodata         0x08008908      0x20c
                0x08008908                . = ALIGN (0x4)
 *(.rodata)
 .rodata        0x08008908       0x88 Src\main.o
 *(.rodata*)
 .rodata.flagBitshiftOffset.7964
                0x08008990        0x8 Drivers\STM32F4xx_HAL_Driver\Src\stm32f4xx_hal_dma.o
 .rodata.APBAHBPrescTable
                0x08008998       0x10 Drivers\STM32F4xx_HAL_Driver\Src\stm32f4xx_hal_rcc.o
                0x08008998                APBAHBPrescTable
 .rodata.zeroes.7045
                0x080089a8       0x10 c:/program files (x86)/atollic/truestudio for arm 7.0.1/armtools/bin/../lib/gcc/arm-atollic-eabi/5.3.1/../../../../arm-atollic-eabi/lib/armv7e-m/fpu\libc.a(lib_a-svfprintf.o)
 .rodata.str1.1
                0x080089b8       0x34 c:/program files (x86)/atollic/truestudio for arm 7.0.1/armtools/bin/../lib/gcc/arm-atollic-eabi/5.3.1/../../../../arm-atollic-eabi/lib/armv7e-m/fpu\libc.a(lib_a-svfprintf.o)
 .rodata.blanks.7044
                0x080089ec       0x10 c:/program files (x86)/atollic/truestudio for arm 7.0.1/armtools/bin/../lib/gcc/arm-atollic-eabi/5.3.1/../../../../arm-atollic-eabi/lib/armv7e-m/fpu\libc.a(lib_a-svfprintf.o)
 .rodata.str1.1
                0x080089fc        0xd c:/program files (x86)/atollic/truestudio for arm 7.0.1/armtools/bin/../lib/gcc/arm-atollic-eabi/5.3.1/../../../../arm-atollic-eabi/lib/armv7e-m/fpu\libc.a(lib_a-dtoa.o)
                                  0xf (size before relaxing)
 .rodata.str1.1
                0x08008a09        0x2 c:/program files (x86)/atollic/truestudio for arm 7.0.1/armtools/bin/../lib/gcc/arm-atollic-eabi/5.3.1/../../../../arm-atollic-eabi/lib/armv7e-m/fpu\libc.a(lib_a-impure.o)
 .rodata.str1.1
                0x08008a0b        0x8 c:/program files (x86)/atollic/truestudio for arm 7.0.1/armtools/bin/../lib/gcc/arm-atollic-eabi/5.3.1/../../../../arm-atollic-eabi/lib/armv7e-m/fpu\libc.a(lib_a-locale.o)
                                  0xb (size before relaxing)
 *fill*         0x08008a13        0x5 
 .rodata.__mprec_tens
                0x08008a18       0xc8 c:/program files (x86)/atollic/truestudio for arm 7.0.1/armtools/bin/../lib/gcc/arm-atollic-eabi/5.3.1/../../../../arm-atollic-eabi/lib/armv7e-m/fpu\libc.a(lib_a-mprec.o)
                0x08008a18                __mprec_tens
 .rodata.__mprec_bigtens
                0x08008ae0       0x28 c:/program files (x86)/atollic/truestudio for arm 7.0.1/armtools/bin/../lib/gcc/arm-atollic-eabi/5.3.1/../../../../arm-atollic-eabi/lib/armv7e-m/fpu\libc.a(lib_a-mprec.o)
                0x08008ae0                __mprec_bigtens
 .rodata.p05.5388
                0x08008b08        0xc c:/program files (x86)/atollic/truestudio for arm 7.0.1/armtools/bin/../lib/gcc/arm-atollic-eabi/5.3.1/../../../../arm-atollic-eabi/lib/armv7e-m/fpu\libc.a(lib_a-mprec.o)
                0x08008b14                . = ALIGN (0x4)

.ARM.extab
 *(.ARM.extab* .gnu.linkonce.armextab.*)

.ARM            0x08008b14        0x8
                0x08008b14                __exidx_start = .
 *(.ARM.exidx*)
 .ARM.exidx     0x08008b14        0x8 c:/program files (x86)/atollic/truestudio for arm 7.0.1/armtools/bin/../lib/gcc/arm-atollic-eabi/5.3.1/armv7e-m/fpu\libgcc.a(_udivmoddi4.o)
                0x08008b1c                __exidx_end = .

.rel.dyn        0x08008b1c        0x0
 .rel.iplt      0x08008b1c        0x0 c:/program files (x86)/atollic/truestudio for arm 7.0.1/armtools/bin/../lib/gcc/arm-atollic-eabi/5.3.1/armv7e-m/fpu/crtbegin.o

.preinit_array  0x08008b1c        0x0
                0x08008b1c                PROVIDE (__preinit_array_start, .)
 *(.preinit_array*)
                0x08008b1c                PROVIDE (__preinit_array_end, .)

.init_array     0x08008b1c        0x4
                0x08008b1c                PROVIDE (__init_array_start, .)
 *(SORT(.init_array.*))
 *(.init_array*)
 .init_array    0x08008b1c        0x4 c:/program files (x86)/atollic/truestudio for arm 7.0.1/armtools/bin/../lib/gcc/arm-atollic-eabi/5.3.1/armv7e-m/fpu/crtbegin.o
                0x08008b20                PROVIDE (__init_array_end, .)

.fini_array     0x08008b20        0x4
                [!provide]                PROVIDE (__fini_array_start, .)
 *(SORT(.fini_array.*))
 *(.fini_array*)
 .fini_array    0x08008b20        0x4 c:/program files (x86)/atollic/truestudio for arm 7.0.1/armtools/bin/../lib/gcc/arm-atollic-eabi/5.3.1/armv7e-m/fpu/crtbegin.o
                [!provide]                PROVIDE (__fini_array_end, .)
                0x08008b24                _sidata = LOADADDR (.data)

.data           0x20000000      0x594 load address 0x08008b24
                0x20000000                . = ALIGN (0x4)
                0x20000000                _sdata = .
 *(.data)
 *(.data*)
 .data.SystemCoreClock
                0x20000000        0x4 Drivers\CMSIS\Device\ST\STM32F4xx\Source\Templates\system_stm32f4xx.o
                0x20000000                SystemCoreClock
 .data.P        0x20000004       0x1c Src\main.o
                0x20000004                P
 .data.Q        0x20000020       0x1c Src\main.o
                0x20000020                Q
 .data.R        0x2000003c       0x1c Src\main.o
                0x2000003c                R
 .data.__malloc_av_
                0x20000058      0x408 c:/program files (x86)/atollic/truestudio for arm 7.0.1/armtools/bin/../lib/gcc/arm-atollic-eabi/5.3.1/../../../../arm-atollic-eabi/lib/armv7e-m/fpu\libc.a(lib_a-mallocr.o)
                0x20000058                __malloc_av_
 .data.__malloc_trim_threshold
                0x20000460        0x4 c:/program files (x86)/atollic/truestudio for arm 7.0.1/armtools/bin/../lib/gcc/arm-atollic-eabi/5.3.1/../../../../arm-atollic-eabi/lib/armv7e-m/fpu\libc.a(lib_a-mallocr.o)
                0x20000460                __malloc_trim_threshold
 .data.__malloc_sbrk_base
                0x20000464        0x4 c:/program files (x86)/atollic/truestudio for arm 7.0.1/armtools/bin/../lib/gcc/arm-atollic-eabi/5.3.1/../../../../arm-atollic-eabi/lib/armv7e-m/fpu\libc.a(lib_a-mallocr.o)
                0x20000464                __malloc_sbrk_base
 .data.impure_data
                0x20000468       0xf0 c:/program files (x86)/atollic/truestudio for arm 7.0.1/armtools/bin/../lib/gcc/arm-atollic-eabi/5.3.1/../../../../arm-atollic-eabi/lib/armv7e-m/fpu\libc.a(lib_a-impure.o)
 .data._impure_ptr
                0x20000558        0x4 c:/program files (x86)/atollic/truestudio for arm 7.0.1/armtools/bin/../lib/gcc/arm-atollic-eabi/5.3.1/../../../../arm-atollic-eabi/lib/armv7e-m/fpu\libc.a(lib_a-impure.o)
                0x20000558                _impure_ptr
 .data.lconv    0x2000055c       0x38 c:/program files (x86)/atollic/truestudio for arm 7.0.1/armtools/bin/../lib/gcc/arm-atollic-eabi/5.3.1/../../../../arm-atollic-eabi/lib/armv7e-m/fpu\libc.a(lib_a-locale.o)
                0x20000594                . = ALIGN (0x4)
                0x20000594                _edata = .

.igot.plt       0x20000594        0x0 load address 0x080090b8
 .igot.plt      0x20000594        0x0 c:/program files (x86)/atollic/truestudio for arm 7.0.1/armtools/bin/../lib/gcc/arm-atollic-eabi/5.3.1/armv7e-m/fpu/crtbegin.o
                0x20000594                . = ALIGN (0x4)

.bss            0x20000594      0x3c0 load address 0x080090b8
                0x20000594                _sbss = .
                0x20000594                __bss_start__ = _sbss
 *(.bss)
 .bss           0x20000594       0x1c c:/program files (x86)/atollic/truestudio for arm 7.0.1/armtools/bin/../lib/gcc/arm-atollic-eabi/5.3.1/armv7e-m/fpu/crtbegin.o
 *(.bss*)
 .bss.bufdata   0x200005b0        0xe Src\main.o
                0x200005b0                bufdata
 .bss.MpuSetReady
                0x200005be        0x1 Src\main.o
                0x200005be                MpuSetReady
 .bss.i2cStart  0x200005bf        0x1 Src\main.o
                0x200005bf                i2cStart
 .bss.Ten       0x200005c0        0x1 Src\main.o
                0x200005c0                Ten
 .bss.calibrate
                0x200005c1        0x1 Src\main.o
                0x200005c1                calibrate
 *fill*         0x200005c2        0x2 
 .bss.nn        0x200005c4       0x1c Src\main.o
                0x200005c4                nn
 .bss.Caliave   0x200005e0       0x1c Src\main.o
                0x200005e0                Caliave
 .bss.xfilter_value
                0x200005fc       0x1c Src\main.o
                0x200005fc                xfilter_value
 .bss.Conv_value
                0x20000618       0x1c Src\main.o
                0x20000618                Conv_value
 .bss.__malloc_max_total_mem
                0x20000634        0x4 c:/program files (x86)/atollic/truestudio for arm 7.0.1/armtools/bin/../lib/gcc/arm-atollic-eabi/5.3.1/../../../../arm-atollic-eabi/lib/armv7e-m/fpu\libc.a(lib_a-mallocr.o)
                0x20000634                __malloc_max_total_mem
 .bss.__malloc_max_sbrked_mem
                0x20000638        0x4 c:/program files (x86)/atollic/truestudio for arm 7.0.1/armtools/bin/../lib/gcc/arm-atollic-eabi/5.3.1/../../../../arm-atollic-eabi/lib/armv7e-m/fpu\libc.a(lib_a-mallocr.o)
                0x20000638                __malloc_max_sbrked_mem
 .bss.__malloc_top_pad
                0x2000063c        0x4 c:/program files (x86)/atollic/truestudio for arm 7.0.1/armtools/bin/../lib/gcc/arm-atollic-eabi/5.3.1/../../../../arm-atollic-eabi/lib/armv7e-m/fpu\libc.a(lib_a-mallocr.o)
                0x2000063c                __malloc_top_pad
 .bss.__malloc_current_mallinfo
                0x20000640       0x28 c:/program files (x86)/atollic/truestudio for arm 7.0.1/armtools/bin/../lib/gcc/arm-atollic-eabi/5.3.1/../../../../arm-atollic-eabi/lib/armv7e-m/fpu\libc.a(lib_a-mallocr.o)
                0x20000640                __malloc_current_mallinfo
 .bss.heap_end.4169
                0x20000668        0x4 c:/program files (x86)/atollic/truestudio for arm 7.0.1/armtools/bin/../lib/gcc/arm-atollic-eabi/5.3.1/../../../../arm-atollic-eabi/lib/armv7e-m/fpu\libnosys.a(sbrk.o)
 *(COMMON)
 COMMON         0x2000066c        0x4 Drivers\STM32F4xx_HAL_Driver\Src\stm32f4xx_hal.o
                0x2000066c                uwTick
 COMMON         0x20000670      0x2c2 Src\main.o
                0x20000670                n
                0x20000674                gyroData
                0x200006b0                hdma_i2c1_tx
                0x20000710                Rx_Data2
                0x20000714                hi2c1
                0x20000768                K
                0x20000784                i2cTxData
                0x20000788                whoAmI
                0x2000078c                htim3
                0x200007c8                z
                0x200007e4                hdma_i2c1_rx
                0x20000844                P_next
                0x20000860                htim2
                0x2000089c                huart2
                0x200008dc                x_next
                0x200008f8                CaliBuf
                0x20000900                sprt
 *fill*         0x20000932        0x2 
 COMMON         0x20000934       0x1c Src\tlcd.o
                0x20000934                GPIOx
                0x20000938                TData6
                0x2000093c                TData5
                0x20000940                TData7
                0x20000944                TEN
                0x20000948                TRS
                0x2000094c                TData4
 COMMON         0x20000950        0x4 c:/program files (x86)/atollic/truestudio for arm 7.0.1/armtools/bin/../lib/gcc/arm-atollic-eabi/5.3.1/../../../../arm-atollic-eabi/lib/armv7e-m/fpu\libc.a(lib_a-reent.o)
                0x20000950                errno
                0x20000954                . = ALIGN (0x4)
                0x20000954                _ebss = .
                0x20000954                __bss_end__ = _ebss

._user_heap_stack
                0x20000954      0x600 load address 0x080090b8
                0x20000954                . = ALIGN (0x4)
                0x20000954                PROVIDE (end, .)
                [!provide]                PROVIDE (_end, .)
                0x20000b54                . = (. + _Min_Heap_Size)
 *fill*         0x20000954      0x200 
                0x20000f54                . = (. + _Min_Stack_Size)
 *fill*         0x20000b54      0x400 
                0x20000f54                . = ALIGN (0x4)

/DISCARD/
 libc.a(*)
 libm.a(*)
 libgcc.a(*)

.ARM.attributes
                0x00000000       0x30
 *(.ARM.attributes)
 .ARM.attributes
                0x00000000       0x22 c:/program files (x86)/atollic/truestudio for arm 7.0.1/armtools/bin/../lib/gcc/arm-atollic-eabi/5.3.1/armv7e-m/fpu/crti.o
 .ARM.attributes
                0x00000022       0x34 c:/program files (x86)/atollic/truestudio for arm 7.0.1/armtools/bin/../lib/gcc/arm-atollic-eabi/5.3.1/armv7e-m/fpu/crtbegin.o
 .ARM.attributes
                0x00000056       0x21 Drivers\CMSIS\Device\ST\STM32F4xx\Source\Templates\gcc\startup_stm32f446xx.o
 .ARM.attributes
                0x00000077       0x39 Drivers\CMSIS\Device\ST\STM32F4xx\Source\Templates\system_stm32f4xx.o
 .ARM.attributes
                0x000000b0       0x39 Drivers\STM32F4xx_HAL_Driver\Src\stm32f4xx_hal.o
 .ARM.attributes
                0x000000e9       0x39 Drivers\STM32F4xx_HAL_Driver\Src\stm32f4xx_hal_cortex.o
 .ARM.attributes
                0x00000122       0x39 Drivers\STM32F4xx_HAL_Driver\Src\stm32f4xx_hal_dma.o
 .ARM.attributes
                0x0000015b       0x39 Drivers\STM32F4xx_HAL_Driver\Src\stm32f4xx_hal_gpio.o
 .ARM.attributes
                0x00000194       0x39 Drivers\STM32F4xx_HAL_Driver\Src\stm32f4xx_hal_i2c.o
 .ARM.attributes
                0x000001cd       0x39 Drivers\STM32F4xx_HAL_Driver\Src\stm32f4xx_hal_pwr_ex.o
 .ARM.attributes
                0x00000206       0x39 Drivers\STM32F4xx_HAL_Driver\Src\stm32f4xx_hal_rcc.o
 .ARM.attributes
                0x0000023f       0x39 Drivers\STM32F4xx_HAL_Driver\Src\stm32f4xx_hal_rcc_ex.o
 .ARM.attributes
                0x00000278       0x39 Drivers\STM32F4xx_HAL_Driver\Src\stm32f4xx_hal_tim.o
 .ARM.attributes
                0x000002b1       0x39 Drivers\STM32F4xx_HAL_Driver\Src\stm32f4xx_hal_tim_ex.o
 .ARM.attributes
                0x000002ea       0x39 Drivers\STM32F4xx_HAL_Driver\Src\stm32f4xx_hal_uart.o
 .ARM.attributes
                0x00000323       0x39 Src\main.o
 .ARM.attributes
                0x0000035c       0x39 Src\stm32f4xx_hal_msp.o
 .ARM.attributes
                0x00000395       0x39 Src\stm32f4xx_it.o
 .ARM.attributes
                0x000003ce       0x39 Src\tlcd.o
 .ARM.attributes
                0x00000407       0x39 Src\userDelay.o
 .ARM.attributes
                0x00000440       0x34 c:/program files (x86)/atollic/truestudio for arm 7.0.1/armtools/bin/../lib/gcc/arm-atollic-eabi/5.3.1/../../../../arm-atollic-eabi/lib/armv7e-m/fpu\libc.a(lib_a-init.o)
 .ARM.attributes
                0x00000474       0x34 c:/program files (x86)/atollic/truestudio for arm 7.0.1/armtools/bin/../lib/gcc/arm-atollic-eabi/5.3.1/../../../../arm-atollic-eabi/lib/armv7e-m/fpu\libc.a(lib_a-malloc.o)
 .ARM.attributes
                0x000004a8       0x34 c:/program files (x86)/atollic/truestudio for arm 7.0.1/armtools/bin/../lib/gcc/arm-atollic-eabi/5.3.1/../../../../arm-atollic-eabi/lib/armv7e-m/fpu\libc.a(lib_a-mallocr.o)
 .ARM.attributes
                0x000004dc       0x34 c:/program files (x86)/atollic/truestudio for arm 7.0.1/armtools/bin/../lib/gcc/arm-atollic-eabi/5.3.1/../../../../arm-atollic-eabi/lib/armv7e-m/fpu\libc.a(lib_a-memset.o)
 .ARM.attributes
                0x00000510       0x34 c:/program files (x86)/atollic/truestudio for arm 7.0.1/armtools/bin/../lib/gcc/arm-atollic-eabi/5.3.1/../../../../arm-atollic-eabi/lib/armv7e-m/fpu\libc.a(lib_a-mlock.o)
 .ARM.attributes
                0x00000544       0x34 c:/program files (x86)/atollic/truestudio for arm 7.0.1/armtools/bin/../lib/gcc/arm-atollic-eabi/5.3.1/../../../../arm-atollic-eabi/lib/armv7e-m/fpu\libc.a(lib_a-sbrkr.o)
 .ARM.attributes
                0x00000578       0x34 c:/program files (x86)/atollic/truestudio for arm 7.0.1/armtools/bin/../lib/gcc/arm-atollic-eabi/5.3.1/../../../../arm-atollic-eabi/lib/armv7e-m/fpu\libc.a(lib_a-sprintf.o)
 .ARM.attributes
                0x000005ac       0x34 c:/program files (x86)/atollic/truestudio for arm 7.0.1/armtools/bin/../lib/gcc/arm-atollic-eabi/5.3.1/../../../../arm-atollic-eabi/lib/armv7e-m/fpu\libc.a(lib_a-svfprintf.o)
 .ARM.attributes
                0x000005e0       0x34 c:/program files (x86)/atollic/truestudio for arm 7.0.1/armtools/bin/../lib/gcc/arm-atollic-eabi/5.3.1/../../../../arm-atollic-eabi/lib/armv7e-m/fpu\libc.a(lib_a-dtoa.o)
 .ARM.attributes
                0x00000614       0x34 c:/program files (x86)/atollic/truestudio for arm 7.0.1/armtools/bin/../lib/gcc/arm-atollic-eabi/5.3.1/../../../../arm-atollic-eabi/lib/armv7e-m/fpu\libc.a(lib_a-freer.o)
 .ARM.attributes
                0x00000648       0x34 c:/program files (x86)/atollic/truestudio for arm 7.0.1/armtools/bin/../lib/gcc/arm-atollic-eabi/5.3.1/../../../../arm-atollic-eabi/lib/armv7e-m/fpu\libc.a(lib_a-impure.o)
 .ARM.attributes
                0x0000067c       0x34 c:/program files (x86)/atollic/truestudio for arm 7.0.1/armtools/bin/../lib/gcc/arm-atollic-eabi/5.3.1/../../../../arm-atollic-eabi/lib/armv7e-m/fpu\libc.a(lib_a-locale.o)
 .ARM.attributes
                0x000006b0       0x20 c:/program files (x86)/atollic/truestudio for arm 7.0.1/armtools/bin/../lib/gcc/arm-atollic-eabi/5.3.1/../../../../arm-atollic-eabi/lib/armv7e-m/fpu\libc.a(lib_a-memchr.o)
 .ARM.attributes
                0x000006d0       0x34 c:/program files (x86)/atollic/truestudio for arm 7.0.1/armtools/bin/../lib/gcc/arm-atollic-eabi/5.3.1/../../../../arm-atollic-eabi/lib/armv7e-m/fpu\libc.a(lib_a-memcpy-stub.o)
 .ARM.attributes
                0x00000704       0x34 c:/program files (x86)/atollic/truestudio for arm 7.0.1/armtools/bin/../lib/gcc/arm-atollic-eabi/5.3.1/../../../../arm-atollic-eabi/lib/armv7e-m/fpu\libc.a(lib_a-mprec.o)
 .ARM.attributes
                0x00000738       0x34 c:/program files (x86)/atollic/truestudio for arm 7.0.1/armtools/bin/../lib/gcc/arm-atollic-eabi/5.3.1/../../../../arm-atollic-eabi/lib/armv7e-m/fpu\libc.a(lib_a-reent.o)
 .ARM.attributes
                0x0000076c       0x1b c:/program files (x86)/atollic/truestudio for arm 7.0.1/armtools/bin/../lib/gcc/arm-atollic-eabi/5.3.1/../../../../arm-atollic-eabi/lib/armv7e-m/fpu\libc.a(lib_a-strlen.o)
 .ARM.attributes
                0x00000787       0x34 c:/program files (x86)/atollic/truestudio for arm 7.0.1/armtools/bin/../lib/gcc/arm-atollic-eabi/5.3.1/../../../../arm-atollic-eabi/lib/armv7e-m/fpu\libc.a(lib_a-svfiprintf.o)
 .ARM.attributes
                0x000007bb       0x34 c:/program files (x86)/atollic/truestudio for arm 7.0.1/armtools/bin/../lib/gcc/arm-atollic-eabi/5.3.1/../../../../arm-atollic-eabi/lib/armv7e-m/fpu\libc.a(lib_a-callocr.o)
 .ARM.attributes
                0x000007ef       0x34 c:/program files (x86)/atollic/truestudio for arm 7.0.1/armtools/bin/../lib/gcc/arm-atollic-eabi/5.3.1/../../../../arm-atollic-eabi/lib/armv7e-m/fpu\libc.a(lib_a-memmove.o)
 .ARM.attributes
                0x00000823       0x34 c:/program files (x86)/atollic/truestudio for arm 7.0.1/armtools/bin/../lib/gcc/arm-atollic-eabi/5.3.1/../../../../arm-atollic-eabi/lib/armv7e-m/fpu\libc.a(lib_a-reallocr.o)
 .ARM.attributes
                0x00000857       0x22 c:/program files (x86)/atollic/truestudio for arm 7.0.1/armtools/bin/../lib/gcc/arm-atollic-eabi/5.3.1/armv7e-m/fpu\libgcc.a(_arm_addsubdf3.o)
 .ARM.attributes
                0x00000879       0x22 c:/program files (x86)/atollic/truestudio for arm 7.0.1/armtools/bin/../lib/gcc/arm-atollic-eabi/5.3.1/armv7e-m/fpu\libgcc.a(_arm_muldivdf3.o)
 .ARM.attributes
                0x0000089b       0x22 c:/program files (x86)/atollic/truestudio for arm 7.0.1/armtools/bin/../lib/gcc/arm-atollic-eabi/5.3.1/armv7e-m/fpu\libgcc.a(_arm_cmpdf2.o)
 .ARM.attributes
                0x000008bd       0x22 c:/program files (x86)/atollic/truestudio for arm 7.0.1/armtools/bin/../lib/gcc/arm-atollic-eabi/5.3.1/armv7e-m/fpu\libgcc.a(_arm_unorddf2.o)
 .ARM.attributes
                0x000008df       0x22 c:/program files (x86)/atollic/truestudio for arm 7.0.1/armtools/bin/../lib/gcc/arm-atollic-eabi/5.3.1/armv7e-m/fpu\libgcc.a(_arm_fixdfsi.o)
 .ARM.attributes
                0x00000901       0x22 c:/program files (x86)/atollic/truestudio for arm 7.0.1/armtools/bin/../lib/gcc/arm-atollic-eabi/5.3.1/armv7e-m/fpu\libgcc.a(_arm_truncdfsf2.o)
 .ARM.attributes
                0x00000923       0x22 c:/program files (x86)/atollic/truestudio for arm 7.0.1/armtools/bin/../lib/gcc/arm-atollic-eabi/5.3.1/armv7e-m/fpu\libgcc.a(_aeabi_uldivmod.o)
 .ARM.attributes
                0x00000945       0x34 c:/program files (x86)/atollic/truestudio for arm 7.0.1/armtools/bin/../lib/gcc/arm-atollic-eabi/5.3.1/armv7e-m/fpu\libgcc.a(_udivmoddi4.o)
 .ARM.attributes
                0x00000979       0x22 c:/program files (x86)/atollic/truestudio for arm 7.0.1/armtools/bin/../lib/gcc/arm-atollic-eabi/5.3.1/armv7e-m/fpu\libgcc.a(_dvmd_tls.o)
 .ARM.attributes
                0x0000099b       0x34 c:/program files (x86)/atollic/truestudio for arm 7.0.1/armtools/bin/../lib/gcc/arm-atollic-eabi/5.3.1/../../../../arm-atollic-eabi/lib/armv7e-m/fpu\libnosys.a(sbrk.o)
 .ARM.attributes
                0x000009cf       0x22 c:/program files (x86)/atollic/truestudio for arm 7.0.1/armtools/bin/../lib/gcc/arm-atollic-eabi/5.3.1/armv7e-m/fpu/crtn.o
OUTPUT(Nuclro446RE_UART_RxTxIT.elf elf32-littlearm)

.debug_line     0x00000000     0x6e1d
 .debug_line    0x00000000       0xae Drivers\CMSIS\Device\ST\STM32F4xx\Source\Templates\gcc\startup_stm32f446xx.o
 .debug_line    0x000000ae      0x1ee Drivers\CMSIS\Device\ST\STM32F4xx\Source\Templates\system_stm32f4xx.o
 .debug_line    0x0000029c      0x3b8 Drivers\STM32F4xx_HAL_Driver\Src\stm32f4xx_hal.o
 .debug_line    0x00000654      0x4d5 Drivers\STM32F4xx_HAL_Driver\Src\stm32f4xx_hal_cortex.o
 .debug_line    0x00000b29      0x4ef Drivers\STM32F4xx_HAL_Driver\Src\stm32f4xx_hal_dma.o
 .debug_line    0x00001018      0x3d2 Drivers\STM32F4xx_HAL_Driver\Src\stm32f4xx_hal_gpio.o
 .debug_line    0x000013ea     0x1561 Drivers\STM32F4xx_HAL_Driver\Src\stm32f4xx_hal_i2c.o
 .debug_line    0x0000294b      0x371 Drivers\STM32F4xx_HAL_Driver\Src\stm32f4xx_hal_pwr_ex.o
 .debug_line    0x00002cbc      0x551 Drivers\STM32F4xx_HAL_Driver\Src\stm32f4xx_hal_rcc.o
 .debug_line    0x0000320d      0x841 Drivers\STM32F4xx_HAL_Driver\Src\stm32f4xx_hal_rcc_ex.o
 .debug_line    0x00003a4e     0x13b1 Drivers\STM32F4xx_HAL_Driver\Src\stm32f4xx_hal_tim.o
 .debug_line    0x00004dff      0x7f6 Drivers\STM32F4xx_HAL_Driver\Src\stm32f4xx_hal_tim_ex.o
 .debug_line    0x000055f5      0x992 Drivers\STM32F4xx_HAL_Driver\Src\stm32f4xx_hal_uart.o
 .debug_line    0x00005f87      0x517 Src\main.o
 .debug_line    0x0000649e      0x300 Src\stm32f4xx_hal_msp.o
 .debug_line    0x0000679e      0x27a Src\stm32f4xx_it.o
 .debug_line    0x00006a18      0x2ae Src\tlcd.o
 .debug_line    0x00006cc6      0x157 Src\userDelay.o

.debug_info     0x00000000     0xe8c6
 .debug_info    0x00000000       0xbb Drivers\CMSIS\Device\ST\STM32F4xx\Source\Templates\gcc\startup_stm32f446xx.o
 .debug_info    0x000000bb      0x505 Drivers\CMSIS\Device\ST\STM32F4xx\Source\Templates\system_stm32f4xx.o
 .debug_info    0x000005c0      0x8a2 Drivers\STM32F4xx_HAL_Driver\Src\stm32f4xx_hal.o
 .debug_info    0x00000e62      0xd3a Drivers\STM32F4xx_HAL_Driver\Src\stm32f4xx_hal_cortex.o
 .debug_info    0x00001b9c      0x8f3 Drivers\STM32F4xx_HAL_Driver\Src\stm32f4xx_hal_dma.o
 .debug_info    0x0000248f      0x769 Drivers\STM32F4xx_HAL_Driver\Src\stm32f4xx_hal_gpio.o
 .debug_info    0x00002bf8     0x2152 Drivers\STM32F4xx_HAL_Driver\Src\stm32f4xx_hal_i2c.o
 .debug_info    0x00004d4a      0x8a7 Drivers\STM32F4xx_HAL_Driver\Src\stm32f4xx_hal_pwr_ex.o
 .debug_info    0x000055f1      0xb74 Drivers\STM32F4xx_HAL_Driver\Src\stm32f4xx_hal_rcc.o
 .debug_info    0x00006165     0x1314 Drivers\STM32F4xx_HAL_Driver\Src\stm32f4xx_hal_rcc_ex.o
 .debug_info    0x00007479     0x218e Drivers\STM32F4xx_HAL_Driver\Src\stm32f4xx_hal_tim.o
 .debug_info    0x00009607      0xf54 Drivers\STM32F4xx_HAL_Driver\Src\stm32f4xx_hal_tim_ex.o
 .debug_info    0x0000a55b      0xf19 Drivers\STM32F4xx_HAL_Driver\Src\stm32f4xx_hal_uart.o
 .debug_info    0x0000b474     0x1666 Src\main.o
 .debug_info    0x0000cada     0x10e3 Src\stm32f4xx_hal_msp.o
 .debug_info    0x0000dbbd      0x83e Src\stm32f4xx_it.o
 .debug_info    0x0000e3fb      0x3f9 Src\tlcd.o
 .debug_info    0x0000e7f4       0xd2 Src\userDelay.o

.debug_abbrev   0x00000000     0x2008
 .debug_abbrev  0x00000000       0x12 Drivers\CMSIS\Device\ST\STM32F4xx\Source\Templates\gcc\startup_stm32f446xx.o
 .debug_abbrev  0x00000012      0x101 Drivers\CMSIS\Device\ST\STM32F4xx\Source\Templates\system_stm32f4xx.o
 .debug_abbrev  0x00000113      0x20c Drivers\STM32F4xx_HAL_Driver\Src\stm32f4xx_hal.o
 .debug_abbrev  0x0000031f      0x2c9 Drivers\STM32F4xx_HAL_Driver\Src\stm32f4xx_hal_cortex.o
 .debug_abbrev  0x000005e8      0x226 Drivers\STM32F4xx_HAL_Driver\Src\stm32f4xx_hal_dma.o
 .debug_abbrev  0x0000080e      0x1ac Drivers\STM32F4xx_HAL_Driver\Src\stm32f4xx_hal_gpio.o
 .debug_abbrev  0x000009ba      0x1fd Drivers\STM32F4xx_HAL_Driver\Src\stm32f4xx_hal_i2c.o
 .debug_abbrev  0x00000bb7      0x1fa Drivers\STM32F4xx_HAL_Driver\Src\stm32f4xx_hal_pwr_ex.o
 .debug_abbrev  0x00000db1      0x2b0 Drivers\STM32F4xx_HAL_Driver\Src\stm32f4xx_hal_rcc.o
 .debug_abbrev  0x00001061      0x234 Drivers\STM32F4xx_HAL_Driver\Src\stm32f4xx_hal_rcc_ex.o
 .debug_abbrev  0x00001295      0x208 Drivers\STM32F4xx_HAL_Driver\Src\stm32f4xx_hal_tim.o
 .debug_abbrev  0x0000149d      0x1ff Drivers\STM32F4xx_HAL_Driver\Src\stm32f4xx_hal_tim_ex.o
 .debug_abbrev  0x0000169c      0x224 Drivers\STM32F4xx_HAL_Driver\Src\stm32f4xx_hal_uart.o
 .debug_abbrev  0x000018c0      0x241 Src\main.o
 .debug_abbrev  0x00001b01      0x1d0 Src\stm32f4xx_hal_msp.o
 .debug_abbrev  0x00001cd1      0x14c Src\stm32f4xx_it.o
 .debug_abbrev  0x00001e1d      0x164 Src\tlcd.o
 .debug_abbrev  0x00001f81       0x87 Src\userDelay.o

.debug_aranges  0x00000000      0xe50
 .debug_aranges
                0x00000000       0x28 Drivers\CMSIS\Device\ST\STM32F4xx\Source\Templates\gcc\startup_stm32f446xx.o
 .debug_aranges
                0x00000028       0x28 Drivers\CMSIS\Device\ST\STM32F4xx\Source\Templates\system_stm32f4xx.o
 .debug_aranges
                0x00000050       0xc0 Drivers\STM32F4xx_HAL_Driver\Src\stm32f4xx_hal.o
 .debug_aranges
                0x00000110      0x108 Drivers\STM32F4xx_HAL_Driver\Src\stm32f4xx_hal_cortex.o
 .debug_aranges
                0x00000218       0x90 Drivers\STM32F4xx_HAL_Driver\Src\stm32f4xx_hal_dma.o
 .debug_aranges
                0x000002a8       0x58 Drivers\STM32F4xx_HAL_Driver\Src\stm32f4xx_hal_gpio.o
 .debug_aranges
                0x00000300      0x268 Drivers\STM32F4xx_HAL_Driver\Src\stm32f4xx_hal_i2c.o
 .debug_aranges
                0x00000568       0x60 Drivers\STM32F4xx_HAL_Driver\Src\stm32f4xx_hal_pwr_ex.o
 .debug_aranges
                0x000005c8       0x88 Drivers\STM32F4xx_HAL_Driver\Src\stm32f4xx_hal_rcc.o
 .debug_aranges
                0x00000650       0x58 Drivers\STM32F4xx_HAL_Driver\Src\stm32f4xx_hal_rcc_ex.o
 .debug_aranges
                0x000006a8      0x368 Drivers\STM32F4xx_HAL_Driver\Src\stm32f4xx_hal_tim.o
 .debug_aranges
                0x00000a10      0x140 Drivers\STM32F4xx_HAL_Driver\Src\stm32f4xx_hal_tim_ex.o
 .debug_aranges
                0x00000b50      0x168 Drivers\STM32F4xx_HAL_Driver\Src\stm32f4xx_hal_uart.o
 .debug_aranges
                0x00000cb8       0x78 Src\main.o
 .debug_aranges
                0x00000d30       0x50 Src\stm32f4xx_hal_msp.o
 .debug_aranges
                0x00000d80       0x50 Src\stm32f4xx_it.o
 .debug_aranges
                0x00000dd0       0x58 Src\tlcd.o
 .debug_aranges
                0x00000e28       0x28 Src\userDelay.o

.debug_ranges   0x00000000      0xd38
 .debug_ranges  0x00000000       0x20 Drivers\CMSIS\Device\ST\STM32F4xx\Source\Templates\gcc\startup_stm32f446xx.o
 .debug_ranges  0x00000020       0x18 Drivers\CMSIS\Device\ST\STM32F4xx\Source\Templates\system_stm32f4xx.o
 .debug_ranges  0x00000038       0xb0 Drivers\STM32F4xx_HAL_Driver\Src\stm32f4xx_hal.o
 .debug_ranges  0x000000e8       0xf8 Drivers\STM32F4xx_HAL_Driver\Src\stm32f4xx_hal_cortex.o
 .debug_ranges  0x000001e0       0x80 Drivers\STM32F4xx_HAL_Driver\Src\stm32f4xx_hal_dma.o
 .debug_ranges  0x00000260       0x48 Drivers\STM32F4xx_HAL_Driver\Src\stm32f4xx_hal_gpio.o
 .debug_ranges  0x000002a8      0x258 Drivers\STM32F4xx_HAL_Driver\Src\stm32f4xx_hal_i2c.o
 .debug_ranges  0x00000500       0x50 Drivers\STM32F4xx_HAL_Driver\Src\stm32f4xx_hal_pwr_ex.o
 .debug_ranges  0x00000550       0x78 Drivers\STM32F4xx_HAL_Driver\Src\stm32f4xx_hal_rcc.o
 .debug_ranges  0x000005c8       0x48 Drivers\STM32F4xx_HAL_Driver\Src\stm32f4xx_hal_rcc_ex.o
 .debug_ranges  0x00000610      0x358 Drivers\STM32F4xx_HAL_Driver\Src\stm32f4xx_hal_tim.o
 .debug_ranges  0x00000968      0x130 Drivers\STM32F4xx_HAL_Driver\Src\stm32f4xx_hal_tim_ex.o
 .debug_ranges  0x00000a98      0x158 Drivers\STM32F4xx_HAL_Driver\Src\stm32f4xx_hal_uart.o
 .debug_ranges  0x00000bf0       0x68 Src\main.o
 .debug_ranges  0x00000c58       0x40 Src\stm32f4xx_hal_msp.o
 .debug_ranges  0x00000c98       0x40 Src\stm32f4xx_it.o
 .debug_ranges  0x00000cd8       0x48 Src\tlcd.o
 .debug_ranges  0x00000d20       0x18 Src\userDelay.o

.debug_str      0x00000000     0x4361
 .debug_str     0x00000000      0x397 Drivers\CMSIS\Device\ST\STM32F4xx\Source\Templates\system_stm32f4xx.o
                                0x3fc (size before relaxing)
 .debug_str     0x00000397      0x7b8 Drivers\STM32F4xx_HAL_Driver\Src\stm32f4xx_hal.o
                                0xae6 (size before relaxing)
 .debug_str     0x00000b4f      0x384 Drivers\STM32F4xx_HAL_Driver\Src\stm32f4xx_hal_cortex.o
                                0xc5a (size before relaxing)
 .debug_str     0x00000ed3      0x528 Drivers\STM32F4xx_HAL_Driver\Src\stm32f4xx_hal_dma.o
                                0x7b0 (size before relaxing)
 .debug_str     0x000013fb      0x1d8 Drivers\STM32F4xx_HAL_Driver\Src\stm32f4xx_hal_gpio.o
                                0x54b (size before relaxing)
 .debug_str     0x000015d3      0xa45 Drivers\STM32F4xx_HAL_Driver\Src\stm32f4xx_hal_i2c.o
                                0xf2d (size before relaxing)
 .debug_str     0x00002018      0x170 Drivers\STM32F4xx_HAL_Driver\Src\stm32f4xx_hal_pwr_ex.o
                                0x54a (size before relaxing)
 .debug_str     0x00002188      0x2be Drivers\STM32F4xx_HAL_Driver\Src\stm32f4xx_hal_rcc.o
                                0x704 (size before relaxing)
 .debug_str     0x00002446      0x2c8 Drivers\STM32F4xx_HAL_Driver\Src\stm32f4xx_hal_rcc_ex.o
                                0x77f (size before relaxing)
 .debug_str     0x0000270e      0xebb Drivers\STM32F4xx_HAL_Driver\Src\stm32f4xx_hal_tim.o
                               0x1384 (size before relaxing)
 .debug_str     0x000035c9      0x53b Drivers\STM32F4xx_HAL_Driver\Src\stm32f4xx_hal_tim_ex.o
                                0xc37 (size before relaxing)
 .debug_str     0x00003b04      0x566 Drivers\STM32F4xx_HAL_Driver\Src\stm32f4xx_hal_uart.o
                                0xa6f (size before relaxing)
 .debug_str     0x0000406a      0x185 Src\main.o
                               0x14b3 (size before relaxing)
 .debug_str     0x000041ef       0x25 Src\stm32f4xx_hal_msp.o
                               0x11c3 (size before relaxing)
 .debug_str     0x00004214       0x97 Src\stm32f4xx_it.o
                                0x864 (size before relaxing)
 .debug_str     0x000042ab       0x91 Src\tlcd.o
                                0x31c (size before relaxing)
 .debug_str     0x0000433c       0x25 Src\userDelay.o
                                0x1c4 (size before relaxing)

.comment        0x00000000       0x7e
 .comment       0x00000000       0x7e Drivers\CMSIS\Device\ST\STM32F4xx\Source\Templates\system_stm32f4xx.o
                                 0x7f (size before relaxing)
 .comment       0x0000007e       0x7f Drivers\STM32F4xx_HAL_Driver\Src\stm32f4xx_hal.o
 .comment       0x0000007e       0x7f Drivers\STM32F4xx_HAL_Driver\Src\stm32f4xx_hal_cortex.o
 .comment       0x0000007e       0x7f Drivers\STM32F4xx_HAL_Driver\Src\stm32f4xx_hal_dma.o
 .comment       0x0000007e       0x7f Drivers\STM32F4xx_HAL_Driver\Src\stm32f4xx_hal_gpio.o
 .comment       0x0000007e       0x7f Drivers\STM32F4xx_HAL_Driver\Src\stm32f4xx_hal_i2c.o
 .comment       0x0000007e       0x7f Drivers\STM32F4xx_HAL_Driver\Src\stm32f4xx_hal_pwr_ex.o
 .comment       0x0000007e       0x7f Drivers\STM32F4xx_HAL_Driver\Src\stm32f4xx_hal_rcc.o
 .comment       0x0000007e       0x7f Drivers\STM32F4xx_HAL_Driver\Src\stm32f4xx_hal_rcc_ex.o
 .comment       0x0000007e       0x7f Drivers\STM32F4xx_HAL_Driver\Src\stm32f4xx_hal_tim.o
 .comment       0x0000007e       0x7f Drivers\STM32F4xx_HAL_Driver\Src\stm32f4xx_hal_tim_ex.o
 .comment       0x0000007e       0x7f Drivers\STM32F4xx_HAL_Driver\Src\stm32f4xx_hal_uart.o
 .comment       0x0000007e       0x7f Src\main.o
 .comment       0x0000007e       0x7f Src\stm32f4xx_hal_msp.o
 .comment       0x0000007e       0x7f Src\stm32f4xx_it.o
 .comment       0x0000007e       0x7f Src\tlcd.o
 .comment       0x0000007e       0x7f Src\userDelay.o

.debug_frame    0x00000000     0x42ec
 .debug_frame   0x00000000       0x58 Drivers\CMSIS\Device\ST\STM32F4xx\Source\Templates\system_stm32f4xx.o
 .debug_frame   0x00000058      0x2c0 Drivers\STM32F4xx_HAL_Driver\Src\stm32f4xx_hal.o
 .debug_frame   0x00000318      0x450 Drivers\STM32F4xx_HAL_Driver\Src\stm32f4xx_hal_cortex.o
 .debug_frame   0x00000768      0x250 Drivers\STM32F4xx_HAL_Driver\Src\stm32f4xx_hal_dma.o
 .debug_frame   0x000009b8      0x14c Drivers\STM32F4xx_HAL_Driver\Src\stm32f4xx_hal_gpio.o
 .debug_frame   0x00000b04      0xb38 Drivers\STM32F4xx_HAL_Driver\Src\stm32f4xx_hal_i2c.o
 .debug_frame   0x0000163c      0x158 Drivers\STM32F4xx_HAL_Driver\Src\stm32f4xx_hal_pwr_ex.o
 .debug_frame   0x00001794      0x200 Drivers\STM32F4xx_HAL_Driver\Src\stm32f4xx_hal_rcc.o
 .debug_frame   0x00001994      0x148 Drivers\STM32F4xx_HAL_Driver\Src\stm32f4xx_hal_rcc_ex.o
 .debug_frame   0x00001adc      0xfb4 Drivers\STM32F4xx_HAL_Driver\Src\stm32f4xx_hal_tim.o
 .debug_frame   0x00002a90      0x574 Drivers\STM32F4xx_HAL_Driver\Src\stm32f4xx_hal_tim_ex.o
 .debug_frame   0x00003004      0x65c Drivers\STM32F4xx_HAL_Driver\Src\stm32f4xx_hal_uart.o
 .debug_frame   0x00003660      0x1bc Src\main.o
 .debug_frame   0x0000381c      0x104 Src\stm32f4xx_hal_msp.o
 .debug_frame   0x00003920       0xd8 Src\stm32f4xx_it.o
 .debug_frame   0x000039f8      0x128 Src\tlcd.o
 .debug_frame   0x00003b20       0x5c Src\userDelay.o
 .debug_frame   0x00003b7c       0x2c c:/program files (x86)/atollic/truestudio for arm 7.0.1/armtools/bin/../lib/gcc/arm-atollic-eabi/5.3.1/../../../../arm-atollic-eabi/lib/armv7e-m/fpu\libc.a(lib_a-init.o)
 .debug_frame   0x00003ba8       0x30 c:/program files (x86)/atollic/truestudio for arm 7.0.1/armtools/bin/../lib/gcc/arm-atollic-eabi/5.3.1/../../../../arm-atollic-eabi/lib/armv7e-m/fpu\libc.a(lib_a-malloc.o)
 .debug_frame   0x00003bd8       0x40 c:/program files (x86)/atollic/truestudio for arm 7.0.1/armtools/bin/../lib/gcc/arm-atollic-eabi/5.3.1/../../../../arm-atollic-eabi/lib/armv7e-m/fpu\libc.a(lib_a-mallocr.o)
 .debug_frame   0x00003c18       0x20 c:/program files (x86)/atollic/truestudio for arm 7.0.1/armtools/bin/../lib/gcc/arm-atollic-eabi/5.3.1/../../../../arm-atollic-eabi/lib/armv7e-m/fpu\libc.a(lib_a-memset.o)
 .debug_frame   0x00003c38       0x30 c:/program files (x86)/atollic/truestudio for arm 7.0.1/armtools/bin/../lib/gcc/arm-atollic-eabi/5.3.1/../../../../arm-atollic-eabi/lib/armv7e-m/fpu\libc.a(lib_a-mlock.o)
 .debug_frame   0x00003c68       0x2c c:/program files (x86)/atollic/truestudio for arm 7.0.1/armtools/bin/../lib/gcc/arm-atollic-eabi/5.3.1/../../../../arm-atollic-eabi/lib/armv7e-m/fpu\libc.a(lib_a-sbrkr.o)
 .debug_frame   0x00003c94       0x70 c:/program files (x86)/atollic/truestudio for arm 7.0.1/armtools/bin/../lib/gcc/arm-atollic-eabi/5.3.1/../../../../arm-atollic-eabi/lib/armv7e-m/fpu\libc.a(lib_a-sprintf.o)
 .debug_frame   0x00003d04       0x40 c:/program files (x86)/atollic/truestudio for arm 7.0.1/armtools/bin/../lib/gcc/arm-atollic-eabi/5.3.1/../../../../arm-atollic-eabi/lib/armv7e-m/fpu\libc.a(lib_a-svfprintf.o)
 .debug_frame   0x00003d44       0x6c c:/program files (x86)/atollic/truestudio for arm 7.0.1/armtools/bin/../lib/gcc/arm-atollic-eabi/5.3.1/../../../../arm-atollic-eabi/lib/armv7e-m/fpu\libc.a(lib_a-dtoa.o)
 .debug_frame   0x00003db0       0x60 c:/program files (x86)/atollic/truestudio for arm 7.0.1/armtools/bin/../lib/gcc/arm-atollic-eabi/5.3.1/../../../../arm-atollic-eabi/lib/armv7e-m/fpu\libc.a(lib_a-freer.o)
 .debug_frame   0x00003e10       0x98 c:/program files (x86)/atollic/truestudio for arm 7.0.1/armtools/bin/../lib/gcc/arm-atollic-eabi/5.3.1/../../../../arm-atollic-eabi/lib/armv7e-m/fpu\libc.a(lib_a-locale.o)
 .debug_frame   0x00003ea8       0x28 c:/program files (x86)/atollic/truestudio for arm 7.0.1/armtools/bin/../lib/gcc/arm-atollic-eabi/5.3.1/../../../../arm-atollic-eabi/lib/armv7e-m/fpu\libc.a(lib_a-memcpy-stub.o)
 .debug_frame   0x00003ed0      0x238 c:/program files (x86)/atollic/truestudio for arm 7.0.1/armtools/bin/../lib/gcc/arm-atollic-eabi/5.3.1/../../../../arm-atollic-eabi/lib/armv7e-m/fpu\libc.a(lib_a-mprec.o)
 .debug_frame   0x00004108       0x5c c:/program files (x86)/atollic/truestudio for arm 7.0.1/armtools/bin/../lib/gcc/arm-atollic-eabi/5.3.1/../../../../arm-atollic-eabi/lib/armv7e-m/fpu\libc.a(lib_a-reent.o)
 .debug_frame   0x00004164       0x6c c:/program files (x86)/atollic/truestudio for arm 7.0.1/armtools/bin/../lib/gcc/arm-atollic-eabi/5.3.1/../../../../arm-atollic-eabi/lib/armv7e-m/fpu\libc.a(lib_a-svfiprintf.o)
 .debug_frame   0x000041d0       0x28 c:/program files (x86)/atollic/truestudio for arm 7.0.1/armtools/bin/../lib/gcc/arm-atollic-eabi/5.3.1/../../../../arm-atollic-eabi/lib/armv7e-m/fpu\libc.a(lib_a-callocr.o)
 .debug_frame   0x000041f8       0x28 c:/program files (x86)/atollic/truestudio for arm 7.0.1/armtools/bin/../lib/gcc/arm-atollic-eabi/5.3.1/../../../../arm-atollic-eabi/lib/armv7e-m/fpu\libc.a(lib_a-memmove.o)
 .debug_frame   0x00004220       0x4c c:/program files (x86)/atollic/truestudio for arm 7.0.1/armtools/bin/../lib/gcc/arm-atollic-eabi/5.3.1/../../../../arm-atollic-eabi/lib/armv7e-m/fpu\libc.a(lib_a-reallocr.o)
 .debug_frame   0x0000426c       0x2c c:/program files (x86)/atollic/truestudio for arm 7.0.1/armtools/bin/../lib/gcc/arm-atollic-eabi/5.3.1/armv7e-m/fpu\libgcc.a(_aeabi_uldivmod.o)
 .debug_frame   0x00004298       0x34 c:/program files (x86)/atollic/truestudio for arm 7.0.1/armtools/bin/../lib/gcc/arm-atollic-eabi/5.3.1/armv7e-m/fpu\libgcc.a(_udivmoddi4.o)
 .debug_frame   0x000042cc       0x20 c:/program files (x86)/atollic/truestudio for arm 7.0.1/armtools/bin/../lib/gcc/arm-atollic-eabi/5.3.1/../../../../arm-atollic-eabi/lib/armv7e-m/fpu\libnosys.a(sbrk.o)

Cross Reference Table

Symbol                                            File
ADC_IRQHandler                                    Drivers\CMSIS\Device\ST\STM32F4xx\Source\Templates\gcc\startup_stm32f446xx.o
AHBPrescTable                                     Src\system_stm32f4xx.o
                                                  Drivers\CMSIS\Device\ST\STM32F4xx\Source\Templates\system_stm32f4xx.o
APBAHBPrescTable                                  Drivers\STM32F4xx_HAL_Driver\Src\stm32f4xx_hal_rcc.o
APBPrescTable                                     Src\system_stm32f4xx.o
BusFault_Handler                                  Drivers\CMSIS\Device\ST\STM32F4xx\Source\Templates\gcc\startup_stm32f446xx.o
CAN1_RX0_IRQHandler                               Drivers\CMSIS\Device\ST\STM32F4xx\Source\Templates\gcc\startup_stm32f446xx.o
CAN1_RX1_IRQHandler                               Drivers\CMSIS\Device\ST\STM32F4xx\Source\Templates\gcc\startup_stm32f446xx.o
CAN1_SCE_IRQHandler                               Drivers\CMSIS\Device\ST\STM32F4xx\Source\Templates\gcc\startup_stm32f446xx.o
CAN1_TX_IRQHandler                                Drivers\CMSIS\Device\ST\STM32F4xx\Source\Templates\gcc\startup_stm32f446xx.o
CAN2_RX0_IRQHandler                               Drivers\CMSIS\Device\ST\STM32F4xx\Source\Templates\gcc\startup_stm32f446xx.o
CAN2_RX1_IRQHandler                               Drivers\CMSIS\Device\ST\STM32F4xx\Source\Templates\gcc\startup_stm32f446xx.o
CAN2_SCE_IRQHandler                               Drivers\CMSIS\Device\ST\STM32F4xx\Source\Templates\gcc\startup_stm32f446xx.o
CAN2_TX_IRQHandler                                Drivers\CMSIS\Device\ST\STM32F4xx\Source\Templates\gcc\startup_stm32f446xx.o
CEC_IRQHandler                                    Drivers\CMSIS\Device\ST\STM32F4xx\Source\Templates\gcc\startup_stm32f446xx.o
CaliBuf                                           Src\main.o
Caliave                                           Src\main.o
Conv_value                                        Src\main.o
DCMI_IRQHandler                                   Drivers\CMSIS\Device\ST\STM32F4xx\Source\Templates\gcc\startup_stm32f446xx.o
DMA1_Stream0_IRQHandler                           Src\stm32f4xx_it.o
                                                  Drivers\CMSIS\Device\ST\STM32F4xx\Source\Templates\gcc\startup_stm32f446xx.o
DMA1_Stream1_IRQHandler                           Drivers\CMSIS\Device\ST\STM32F4xx\Source\Templates\gcc\startup_stm32f446xx.o
DMA1_Stream2_IRQHandler                           Drivers\CMSIS\Device\ST\STM32F4xx\Source\Templates\gcc\startup_stm32f446xx.o
DMA1_Stream3_IRQHandler                           Drivers\CMSIS\Device\ST\STM32F4xx\Source\Templates\gcc\startup_stm32f446xx.o
DMA1_Stream4_IRQHandler                           Drivers\CMSIS\Device\ST\STM32F4xx\Source\Templates\gcc\startup_stm32f446xx.o
DMA1_Stream5_IRQHandler                           Drivers\CMSIS\Device\ST\STM32F4xx\Source\Templates\gcc\startup_stm32f446xx.o
DMA1_Stream6_IRQHandler                           Src\stm32f4xx_it.o
                                                  Drivers\CMSIS\Device\ST\STM32F4xx\Source\Templates\gcc\startup_stm32f446xx.o
DMA1_Stream7_IRQHandler                           Drivers\CMSIS\Device\ST\STM32F4xx\Source\Templates\gcc\startup_stm32f446xx.o
DMA2_Stream0_IRQHandler                           Drivers\CMSIS\Device\ST\STM32F4xx\Source\Templates\gcc\startup_stm32f446xx.o
DMA2_Stream1_IRQHandler                           Drivers\CMSIS\Device\ST\STM32F4xx\Source\Templates\gcc\startup_stm32f446xx.o
DMA2_Stream2_IRQHandler                           Drivers\CMSIS\Device\ST\STM32F4xx\Source\Templates\gcc\startup_stm32f446xx.o
DMA2_Stream3_IRQHandler                           Drivers\CMSIS\Device\ST\STM32F4xx\Source\Templates\gcc\startup_stm32f446xx.o
DMA2_Stream4_IRQHandler                           Drivers\CMSIS\Device\ST\STM32F4xx\Source\Templates\gcc\startup_stm32f446xx.o
DMA2_Stream5_IRQHandler                           Drivers\CMSIS\Device\ST\STM32F4xx\Source\Templates\gcc\startup_stm32f446xx.o
DMA2_Stream6_IRQHandler                           Drivers\CMSIS\Device\ST\STM32F4xx\Source\Templates\gcc\startup_stm32f446xx.o
DMA2_Stream7_IRQHandler                           Drivers\CMSIS\Device\ST\STM32F4xx\Source\Templates\gcc\startup_stm32f446xx.o
DebugMon_Handler                                  Drivers\CMSIS\Device\ST\STM32F4xx\Source\Templates\gcc\startup_stm32f446xx.o
Default_Handler                                   Drivers\CMSIS\Device\ST\STM32F4xx\Source\Templates\gcc\startup_stm32f446xx.o
EXTI0_IRQHandler                                  Drivers\CMSIS\Device\ST\STM32F4xx\Source\Templates\gcc\startup_stm32f446xx.o
EXTI15_10_IRQHandler                              Drivers\CMSIS\Device\ST\STM32F4xx\Source\Templates\gcc\startup_stm32f446xx.o
EXTI1_IRQHandler                                  Drivers\CMSIS\Device\ST\STM32F4xx\Source\Templates\gcc\startup_stm32f446xx.o
EXTI2_IRQHandler                                  Drivers\CMSIS\Device\ST\STM32F4xx\Source\Templates\gcc\startup_stm32f446xx.o
EXTI3_IRQHandler                                  Drivers\CMSIS\Device\ST\STM32F4xx\Source\Templates\gcc\startup_stm32f446xx.o
EXTI4_IRQHandler                                  Drivers\CMSIS\Device\ST\STM32F4xx\Source\Templates\gcc\startup_stm32f446xx.o
EXTI9_5_IRQHandler                                Drivers\CMSIS\Device\ST\STM32F4xx\Source\Templates\gcc\startup_stm32f446xx.o
Error_Handler                                     Src\main.o
                                                  Src\stm32f4xx_hal_msp.o
FLASH_Erase_Sector                                Drivers\STM32F4xx_HAL_Driver\Src\stm32f4xx_hal_flash_ex.o
                                                  Drivers\STM32F4xx_HAL_Driver\Src\stm32f4xx_hal_flash.o
FLASH_FlushCaches                                 Drivers\STM32F4xx_HAL_Driver\Src\stm32f4xx_hal_flash_ex.o
                                                  Drivers\STM32F4xx_HAL_Driver\Src\stm32f4xx_hal_flash.o
FLASH_IRQHandler                                  Drivers\CMSIS\Device\ST\STM32F4xx\Source\Templates\gcc\startup_stm32f446xx.o
FLASH_WaitForLastOperation                        Drivers\STM32F4xx_HAL_Driver\Src\stm32f4xx_hal_flash.o
                                                  Drivers\STM32F4xx_HAL_Driver\Src\stm32f4xx_hal_flash_ex.o
FMC_IRQHandler                                    Drivers\CMSIS\Device\ST\STM32F4xx\Source\Templates\gcc\startup_stm32f446xx.o
FMPI2C1_Error_IRQHandler                          Drivers\CMSIS\Device\ST\STM32F4xx\Source\Templates\gcc\startup_stm32f446xx.o
FMPI2C1_Event_IRQHandler                          Drivers\CMSIS\Device\ST\STM32F4xx\Source\Templates\gcc\startup_stm32f446xx.o
FPU_IRQHandler                                    Drivers\CMSIS\Device\ST\STM32F4xx\Source\Templates\gcc\startup_stm32f446xx.o
GPIOx                                             Src\tlcd.o
HAL_DBGMCU_DisableDBGSleepMode                    Drivers\STM32F4xx_HAL_Driver\Src\stm32f4xx_hal.o
HAL_DBGMCU_DisableDBGStandbyMode                  Drivers\STM32F4xx_HAL_Driver\Src\stm32f4xx_hal.o
HAL_DBGMCU_DisableDBGStopMode                     Drivers\STM32F4xx_HAL_Driver\Src\stm32f4xx_hal.o
HAL_DBGMCU_EnableDBGSleepMode                     Drivers\STM32F4xx_HAL_Driver\Src\stm32f4xx_hal.o
HAL_DBGMCU_EnableDBGStandbyMode                   Drivers\STM32F4xx_HAL_Driver\Src\stm32f4xx_hal.o
HAL_DBGMCU_EnableDBGStopMode                      Drivers\STM32F4xx_HAL_Driver\Src\stm32f4xx_hal.o
HAL_DMAEx_ChangeMemory                            Drivers\STM32F4xx_HAL_Driver\Src\stm32f4xx_hal_dma_ex.o
HAL_DMAEx_MultiBufferStart                        Drivers\STM32F4xx_HAL_Driver\Src\stm32f4xx_hal_dma_ex.o
HAL_DMAEx_MultiBufferStart_IT                     Drivers\STM32F4xx_HAL_Driver\Src\stm32f4xx_hal_dma_ex.o
HAL_DMA_Abort                                     Drivers\STM32F4xx_HAL_Driver\Src\stm32f4xx_hal_dma.o
                                                  Drivers\STM32F4xx_HAL_Driver\Src\stm32f4xx_hal_uart.o
                                                  Drivers\STM32F4xx_HAL_Driver\Src\stm32f4xx_hal_tim.o
HAL_DMA_Abort_IT                                  Drivers\STM32F4xx_HAL_Driver\Src\stm32f4xx_hal_dma.o
                                                  Drivers\STM32F4xx_HAL_Driver\Src\stm32f4xx_hal_uart.o
                                                  Drivers\STM32F4xx_HAL_Driver\Src\stm32f4xx_hal_i2c.o
HAL_DMA_DeInit                                    Drivers\STM32F4xx_HAL_Driver\Src\stm32f4xx_hal_dma.o
                                                  Src\stm32f4xx_hal_msp.o
HAL_DMA_GetError                                  Drivers\STM32F4xx_HAL_Driver\Src\stm32f4xx_hal_dma.o
HAL_DMA_GetState                                  Drivers\STM32F4xx_HAL_Driver\Src\stm32f4xx_hal_dma.o
HAL_DMA_IRQHandler                                Drivers\STM32F4xx_HAL_Driver\Src\stm32f4xx_hal_dma.o
                                                  Src\stm32f4xx_it.o
HAL_DMA_Init                                      Drivers\STM32F4xx_HAL_Driver\Src\stm32f4xx_hal_dma.o
                                                  Src\stm32f4xx_hal_msp.o
HAL_DMA_PollForTransfer                           Drivers\STM32F4xx_HAL_Driver\Src\stm32f4xx_hal_dma.o
HAL_DMA_RegisterCallback                          Drivers\STM32F4xx_HAL_Driver\Src\stm32f4xx_hal_dma.o
HAL_DMA_Start                                     Drivers\STM32F4xx_HAL_Driver\Src\stm32f4xx_hal_dma.o
HAL_DMA_Start_IT                                  Drivers\STM32F4xx_HAL_Driver\Src\stm32f4xx_hal_dma.o
                                                  Drivers\STM32F4xx_HAL_Driver\Src\stm32f4xx_hal_uart.o
                                                  Drivers\STM32F4xx_HAL_Driver\Src\stm32f4xx_hal_tim_ex.o
                                                  Drivers\STM32F4xx_HAL_Driver\Src\stm32f4xx_hal_tim.o
                                                  Drivers\STM32F4xx_HAL_Driver\Src\stm32f4xx_hal_i2c.o
HAL_DMA_UnRegisterCallback                        Drivers\STM32F4xx_HAL_Driver\Src\stm32f4xx_hal_dma.o
HAL_DeInit                                        Drivers\STM32F4xx_HAL_Driver\Src\stm32f4xx_hal.o
HAL_Delay                                         Drivers\STM32F4xx_HAL_Driver\Src\stm32f4xx_hal.o
                                                  Src\main.o
HAL_DisableCompensationCell                       Drivers\STM32F4xx_HAL_Driver\Src\stm32f4xx_hal.o
HAL_EnableCompensationCell                        Drivers\STM32F4xx_HAL_Driver\Src\stm32f4xx_hal.o
HAL_FLASHEx_AdvOBGetConfig                        Drivers\STM32F4xx_HAL_Driver\Src\stm32f4xx_hal_flash_ex.o
HAL_FLASHEx_AdvOBProgram                          Drivers\STM32F4xx_HAL_Driver\Src\stm32f4xx_hal_flash_ex.o
HAL_FLASHEx_DisableFlashSleepMode                 Drivers\STM32F4xx_HAL_Driver\Src\stm32f4xx_hal_flash_ramfunc.o
HAL_FLASHEx_EnableFlashSleepMode                  Drivers\STM32F4xx_HAL_Driver\Src\stm32f4xx_hal_flash_ramfunc.o
HAL_FLASHEx_Erase                                 Drivers\STM32F4xx_HAL_Driver\Src\stm32f4xx_hal_flash_ex.o
HAL_FLASHEx_Erase_IT                              Drivers\STM32F4xx_HAL_Driver\Src\stm32f4xx_hal_flash_ex.o
HAL_FLASHEx_OBGetConfig                           Drivers\STM32F4xx_HAL_Driver\Src\stm32f4xx_hal_flash_ex.o
HAL_FLASHEx_OBProgram                             Drivers\STM32F4xx_HAL_Driver\Src\stm32f4xx_hal_flash_ex.o
HAL_FLASHEx_OB_DeSelectPCROP                      Drivers\STM32F4xx_HAL_Driver\Src\stm32f4xx_hal_flash_ex.o
HAL_FLASHEx_OB_SelectPCROP                        Drivers\STM32F4xx_HAL_Driver\Src\stm32f4xx_hal_flash_ex.o
HAL_FLASHEx_StartFlashInterfaceClk                Drivers\STM32F4xx_HAL_Driver\Src\stm32f4xx_hal_flash_ramfunc.o
HAL_FLASHEx_StopFlashInterfaceClk                 Drivers\STM32F4xx_HAL_Driver\Src\stm32f4xx_hal_flash_ramfunc.o
HAL_FLASH_EndOfOperationCallback                  Drivers\STM32F4xx_HAL_Driver\Src\stm32f4xx_hal_flash.o
HAL_FLASH_GetError                                Drivers\STM32F4xx_HAL_Driver\Src\stm32f4xx_hal_flash.o
HAL_FLASH_IRQHandler                              Drivers\STM32F4xx_HAL_Driver\Src\stm32f4xx_hal_flash.o
HAL_FLASH_Lock                                    Drivers\STM32F4xx_HAL_Driver\Src\stm32f4xx_hal_flash.o
HAL_FLASH_OB_Launch                               Drivers\STM32F4xx_HAL_Driver\Src\stm32f4xx_hal_flash.o
HAL_FLASH_OB_Lock                                 Drivers\STM32F4xx_HAL_Driver\Src\stm32f4xx_hal_flash.o
HAL_FLASH_OB_Unlock                               Drivers\STM32F4xx_HAL_Driver\Src\stm32f4xx_hal_flash.o
HAL_FLASH_OperationErrorCallback                  Drivers\STM32F4xx_HAL_Driver\Src\stm32f4xx_hal_flash.o
HAL_FLASH_Program                                 Drivers\STM32F4xx_HAL_Driver\Src\stm32f4xx_hal_flash.o
HAL_FLASH_Program_IT                              Drivers\STM32F4xx_HAL_Driver\Src\stm32f4xx_hal_flash.o
HAL_FLASH_Unlock                                  Drivers\STM32F4xx_HAL_Driver\Src\stm32f4xx_hal_flash.o
HAL_GPIO_DeInit                                   Drivers\STM32F4xx_HAL_Driver\Src\stm32f4xx_hal_gpio.o
                                                  Src\stm32f4xx_hal_msp.o
HAL_GPIO_EXTI_Callback                            Drivers\STM32F4xx_HAL_Driver\Src\stm32f4xx_hal_gpio.o
HAL_GPIO_EXTI_IRQHandler                          Drivers\STM32F4xx_HAL_Driver\Src\stm32f4xx_hal_gpio.o
HAL_GPIO_Init                                     Drivers\STM32F4xx_HAL_Driver\Src\stm32f4xx_hal_gpio.o
                                                  Src\tlcd.o
                                                  Src\stm32f4xx_hal_msp.o
                                                  Src\main.o
                                                  Drivers\STM32F4xx_HAL_Driver\Src\stm32f4xx_hal_rcc.o
HAL_GPIO_LockPin                                  Drivers\STM32F4xx_HAL_Driver\Src\stm32f4xx_hal_gpio.o
HAL_GPIO_ReadPin                                  Drivers\STM32F4xx_HAL_Driver\Src\stm32f4xx_hal_gpio.o
HAL_GPIO_TogglePin                                Drivers\STM32F4xx_HAL_Driver\Src\stm32f4xx_hal_gpio.o
                                                  Src\main.o
HAL_GPIO_WritePin                                 Drivers\STM32F4xx_HAL_Driver\Src\stm32f4xx_hal_gpio.o
                                                  Src\tlcd.o
                                                  Src\main.o
HAL_GetDEVID                                      Drivers\STM32F4xx_HAL_Driver\Src\stm32f4xx_hal.o
HAL_GetHalVersion                                 Drivers\STM32F4xx_HAL_Driver\Src\stm32f4xx_hal.o
HAL_GetREVID                                      Drivers\STM32F4xx_HAL_Driver\Src\stm32f4xx_hal.o