Archive member included to satisfy reference by file (symbol)

c:/program files (x86)/atollic/truestudio for stm32 9.0.1/armtools/bin/../lib/gcc/arm-atollic-eabi/6.3.1/../../../../arm-atollic-eabi/lib/armv7-m\libc.a(lib_a-init.o)
                              startup\startup_stm32f103xb.o (__libc_init_array)
c:/program files (x86)/atollic/truestudio for stm32 9.0.1/armtools/bin/../lib/gcc/arm-atollic-eabi/6.3.1/../../../../arm-atollic-eabi/lib/armv7-m\libc.a(lib_a-memset.o)
                              Drivers\STM32F1xx_HAL_Driver\Src\stm32f1xx_hal_rcc.o (memset)
c:/program files (x86)/atollic/truestudio for stm32 9.0.1/armtools/bin/../lib/gcc/arm-atollic-eabi/6.3.1/../../../../arm-atollic-eabi/lib/armv7-m\libc.a(lib_a-sprintf.o)
                              Src\main.o (sprintf)
c:/program files (x86)/atollic/truestudio for stm32 9.0.1/armtools/bin/../lib/gcc/arm-atollic-eabi/6.3.1/../../../../arm-atollic-eabi/lib/armv7-m\libc.a(lib_a-strlen.o)
                              Src\main.o (strlen)
c:/program files (x86)/atollic/truestudio for stm32 9.0.1/armtools/bin/../lib/gcc/arm-atollic-eabi/6.3.1/../../../../arm-atollic-eabi/lib/armv7-m\libc.a(lib_a-svfprintf.o)
                              c:/program files (x86)/atollic/truestudio for stm32 9.0.1/armtools/bin/../lib/gcc/arm-atollic-eabi/6.3.1/../../../../arm-atollic-eabi/lib/armv7-m\libc.a(lib_a-sprintf.o) (_svfprintf_r)
c:/program files (x86)/atollic/truestudio for stm32 9.0.1/armtools/bin/../lib/gcc/arm-atollic-eabi/6.3.1/../../../../arm-atollic-eabi/lib/armv7-m\libc.a(lib_a-dtoa.o)
                              c:/program files (x86)/atollic/truestudio for stm32 9.0.1/armtools/bin/../lib/gcc/arm-atollic-eabi/6.3.1/../../../../arm-atollic-eabi/lib/armv7-m\libc.a(lib_a-svfprintf.o) (_dtoa_r)
c:/program files (x86)/atollic/truestudio for stm32 9.0.1/armtools/bin/../lib/gcc/arm-atollic-eabi/6.3.1/../../../../arm-atollic-eabi/lib/armv7-m\libc.a(lib_a-impure.o)
                              c:/program files (x86)/atollic/truestudio for stm32 9.0.1/armtools/bin/../lib/gcc/arm-atollic-eabi/6.3.1/../../../../arm-atollic-eabi/lib/armv7-m\libc.a(lib_a-sprintf.o) (_impure_ptr)
c:/program files (x86)/atollic/truestudio for stm32 9.0.1/armtools/bin/../lib/gcc/arm-atollic-eabi/6.3.1/../../../../arm-atollic-eabi/lib/armv7-m\libc.a(lib_a-localeconv.o)
                              c:/program files (x86)/atollic/truestudio for stm32 9.0.1/armtools/bin/../lib/gcc/arm-atollic-eabi/6.3.1/../../../../arm-atollic-eabi/lib/armv7-m\libc.a(lib_a-svfprintf.o) (_localeconv_r)
c:/program files (x86)/atollic/truestudio for stm32 9.0.1/armtools/bin/../lib/gcc/arm-atollic-eabi/6.3.1/../../../../arm-atollic-eabi/lib/armv7-m\libc.a(lib_a-malloc.o)
                              c:/program files (x86)/atollic/truestudio for stm32 9.0.1/armtools/bin/../lib/gcc/arm-atollic-eabi/6.3.1/../../../../arm-atollic-eabi/lib/armv7-m\libc.a(lib_a-dtoa.o) (malloc)
c:/program files (x86)/atollic/truestudio for stm32 9.0.1/armtools/bin/../lib/gcc/arm-atollic-eabi/6.3.1/../../../../arm-atollic-eabi/lib/armv7-m\libc.a(lib_a-mallocr.o)
                              c:/program files (x86)/atollic/truestudio for stm32 9.0.1/armtools/bin/../lib/gcc/arm-atollic-eabi/6.3.1/../../../../arm-atollic-eabi/lib/armv7-m\libc.a(lib_a-svfprintf.o) (_malloc_r)
c:/program files (x86)/atollic/truestudio for stm32 9.0.1/armtools/bin/../lib/gcc/arm-atollic-eabi/6.3.1/../../../../arm-atollic-eabi/lib/armv7-m\libc.a(lib_a-memchr-stub.o)
                              c:/program files (x86)/atollic/truestudio for stm32 9.0.1/armtools/bin/../lib/gcc/arm-atollic-eabi/6.3.1/../../../../arm-atollic-eabi/lib/armv7-m\libc.a(lib_a-svfprintf.o) (memchr)
c:/program files (x86)/atollic/truestudio for stm32 9.0.1/armtools/bin/../lib/gcc/arm-atollic-eabi/6.3.1/../../../../arm-atollic-eabi/lib/armv7-m\libc.a(lib_a-memcpy-stub.o)
                              c:/program files (x86)/atollic/truestudio for stm32 9.0.1/armtools/bin/../lib/gcc/arm-atollic-eabi/6.3.1/../../../../arm-atollic-eabi/lib/armv7-m\libc.a(lib_a-dtoa.o) (memcpy)
c:/program files (x86)/atollic/truestudio for stm32 9.0.1/armtools/bin/../lib/gcc/arm-atollic-eabi/6.3.1/../../../../arm-atollic-eabi/lib/armv7-m\libc.a(lib_a-mlock.o)
                              c:/program files (x86)/atollic/truestudio for stm32 9.0.1/armtools/bin/../lib/gcc/arm-atollic-eabi/6.3.1/../../../../arm-atollic-eabi/lib/armv7-m\libc.a(lib_a-mallocr.o) (__malloc_lock)
c:/program files (x86)/atollic/truestudio for stm32 9.0.1/armtools/bin/../lib/gcc/arm-atollic-eabi/6.3.1/../../../../arm-atollic-eabi/lib/armv7-m\libc.a(lib_a-mprec.o)
                              c:/program files (x86)/atollic/truestudio for stm32 9.0.1/armtools/bin/../lib/gcc/arm-atollic-eabi/6.3.1/../../../../arm-atollic-eabi/lib/armv7-m\libc.a(lib_a-dtoa.o) (_Balloc)
[...]
Memory Configuration

Name             Origin             Length             Attributes
RAM              0x20000000         0x00005000         xrw
FLASH            0x08000000         0x00010000         xr
*default*        0x00000000         0xffffffff

Linker script and memory map

LOAD c:/program files (x86)/atollic/truestudio for stm32 9.0.1/armtools/bin/../lib/gcc/arm-atollic-eabi/6.3.1/armv7-m/crti.o
LOAD c:/program files (x86)/atollic/truestudio for stm32 9.0.1/armtools/bin/../lib/gcc/arm-atollic-eabi/6.3.1/armv7-m/crtbegin.o
LOAD Drivers\STM32F1xx_HAL_Driver\Src\stm32f1xx_hal.o
LOAD Drivers\STM32F1xx_HAL_Driver\Src\stm32f1xx_hal_cortex.o
LOAD Drivers\STM32F1xx_HAL_Driver\Src\stm32f1xx_hal_dma.o
LOAD Drivers\STM32F1xx_HAL_Driver\Src\stm32f1xx_hal_flash.o
LOAD Drivers\STM32F1xx_HAL_Driver\Src\stm32f1xx_hal_flash_ex.o
LOAD Drivers\STM32F1xx_HAL_Driver\Src\stm32f1xx_hal_gpio.o
LOAD Drivers\STM32F1xx_HAL_Driver\Src\stm32f1xx_hal_gpio_ex.o
LOAD Drivers\STM32F1xx_HAL_Driver\Src\stm32f1xx_hal_i2c.o
LOAD Drivers\STM32F1xx_HAL_Driver\Src\stm32f1xx_hal_pwr.o
LOAD Drivers\STM32F1xx_HAL_Driver\Src\stm32f1xx_hal_rcc.o
LOAD Drivers\STM32F1xx_HAL_Driver\Src\stm32f1xx_hal_rcc_ex.o
LOAD Drivers\STM32F1xx_HAL_Driver\Src\stm32f1xx_hal_spi.o
LOAD Drivers\STM32F1xx_HAL_Driver\Src\stm32f1xx_hal_spi_ex.o
LOAD Drivers\STM32F1xx_HAL_Driver\Src\stm32f1xx_hal_tim.o
LOAD Drivers\STM32F1xx_HAL_Driver\Src\stm32f1xx_hal_tim_ex.o
LOAD Drivers\STM32F1xx_HAL_Driver\Src\stm32f1xx_hal_uart.o
LOAD Src\main.o
LOAD Src\stm32f1xx_hal_msp.o
LOAD Src\stm32f1xx_it.o
LOAD Src\system_stm32f1xx.o
LOAD Src\u8g\u8g_arm.o
LOAD Src\u8g\u8g_bitmap.o
LOAD Src\u8g\u8g_circle.o
LOAD Src\u8g\u8g_clip.o
LOAD Src\u8g\u8g_com_api.o
LOAD Src\u8g\u8g_com_api_16gr.o
LOAD Src\u8g\u8g_com_i2c.o
LOAD Src\u8g\u8g_com_io.o
LOAD Src\u8g\u8g_com_msp430_hw_spi.o
LOAD Src\u8g\u8g_com_null.o
LOAD Src\u8g\u8g_com_raspberrypi_hw_spi.o
LOAD Src\u8g\u8g_com_raspberrypi_ssd_i2c.o
LOAD Src\u8g\u8g_com_std_sw_spi.o
LOAD Src\u8g\u8g_cursor.o
LOAD Src\u8g\u8g_delay.o
LOAD Src\u8g\u8g_dev_a2_micro_printer.o
LOAD Src\u8g\u8g_dev_flipdisc_2x7.o
LOAD Src\u8g\u8g_dev_gprof.o
LOAD Src\u8g\u8g_dev_ht1632.o
LOAD Src\u8g\u8g_dev_ili9325d_320x240.o
LOAD Src\u8g\u8g_dev_ks0108_128x64.o
LOAD Src\u8g\u8g_dev_lc7981_160x80.o
LOAD Src\u8g\u8g_dev_lc7981_240x128.o
LOAD Src\u8g\u8g_dev_lc7981_240x64.o
LOAD Src\u8g\u8g_dev_lc7981_320x64.o
LOAD Src\u8g\u8g_dev_ld7032_60x32.o
LOAD Src\u8g\u8g_dev_null.o
LOAD Src\u8g\u8g_dev_pcd8544_84x48.o
LOAD Src\u8g\u8g_dev_pcf8812_96x65.o
LOAD Src\u8g\u8g_dev_sbn1661_122x32.o
LOAD Src\u8g\u8g_dev_ssd1306_128x32.o
LOAD Src\u8g\u8g_dev_ssd1306_128x64.o
LOAD Src\u8g\u8g_dev_ssd1306_64x48.o
LOAD Src\u8g\u8g_dev_ssd1309_128x64.o
LOAD Src\u8g\u8g_dev_ssd1322_nhd31oled_bw.o
LOAD Src\u8g\u8g_dev_ssd1322_nhd31oled_gr.o
LOAD Src\u8g\u8g_dev_ssd1325_nhd27oled_bw.o
LOAD Src\u8g\u8g_dev_ssd1325_nhd27oled_bw_new.o
LOAD Src\u8g\u8g_dev_ssd1325_nhd27oled_gr.o
LOAD Src\u8g\u8g_dev_ssd1325_nhd27oled_gr_new.o
LOAD Src\u8g\u8g_dev_ssd1327_96x96_gr.o
LOAD Src\u8g\u8g_dev_ssd1351_128x128.o
LOAD Src\u8g\u8g_dev_ssd1353_160x128.o
LOAD Src\u8g\u8g_dev_st7565_64128n.o
LOAD Src\u8g\u8g_dev_st7565_dogm128.o
LOAD Src\u8g\u8g_dev_st7565_dogm132.o
LOAD Src\u8g\u8g_dev_st7565_lm6059.o
LOAD Src\u8g\u8g_dev_st7565_lm6063.o
LOAD Src\u8g\u8g_dev_st7565_nhd_c12832.o
LOAD Src\u8g\u8g_dev_st7565_nhd_c12864.o
LOAD Src\u8g\u8g_dev_st7687_c144mvgd.o
LOAD Src\u8g\u8g_dev_st7920_128x64.o
LOAD Src\u8g\u8g_dev_st7920_192x32.o
LOAD Src\u8g\u8g_dev_st7920_202x32.o
LOAD Src\u8g\u8g_dev_t6963_128x128.o
LOAD Src\u8g\u8g_dev_t6963_128x64.o
LOAD Src\u8g\u8g_dev_t6963_240x128.o
LOAD Src\u8g\u8g_dev_t6963_240x64.o
LOAD Src\u8g\u8g_dev_tls8204_84x48.o
LOAD Src\u8g\u8g_dev_uc1601_c128032.o
LOAD Src\u8g\u8g_dev_uc1608_240x128.o
LOAD Src\u8g\u8g_dev_uc1608_240x64.o
LOAD Src\u8g\u8g_dev_uc1610_dogxl160.o
LOAD Src\u8g\u8g_dev_uc1611_dogm240.o
LOAD Src\u8g\u8g_dev_uc1611_dogxl240.o
LOAD Src\u8g\u8g_dev_uc1701_dogs102.o
LOAD Src\u8g\u8g_dev_uc1701_mini12864.o
LOAD Src\u8g\u8g_ellipse.o
LOAD Src\u8g\u8g_font.o
LOAD Src\u8g\u8g_font_data.o
LOAD Src\u8g\u8g_line.o
LOAD Src\u8g\u8g_ll_api.o
LOAD Src\u8g\u8g_page.o
LOAD Src\u8g\u8g_pb.o
LOAD Src\u8g\u8g_pb14v1.o
LOAD Src\u8g\u8g_pb16h1.o
LOAD Src\u8g\u8g_pb16h2.o
LOAD Src\u8g\u8g_pb16v1.o
LOAD Src\u8g\u8g_pb16v2.o
LOAD Src\u8g\u8g_pb32h1.o
LOAD Src\u8g\u8g_pb8h1.o
LOAD Src\u8g\u8g_pb8h1f.o
LOAD Src\u8g\u8g_pb8h2.o
LOAD Src\u8g\u8g_pb8h8.o
LOAD Src\u8g\u8g_pb8v1.o
LOAD Src\u8g\u8g_pb8v2.o
LOAD Src\u8g\u8g_pbxh16.o
LOAD Src\u8g\u8g_pbxh24.o
LOAD Src\u8g\u8g_polygon.o
LOAD Src\u8g\u8g_rect.o
LOAD Src\u8g\u8g_rot.o
LOAD Src\u8g\u8g_scale.o
LOAD Src\u8g\u8g_state.o
LOAD Src\u8g\u8g_u16toa.o
LOAD Src\u8g\u8g_u8toa.o
LOAD Src\u8g\u8g_virtual_screen.o
LOAD Src\userDelay.o
LOAD startup\startup_stm32f103xb.o
                0x00000080                malloc_getpagesize_P = 0x80
START GROUP
LOAD c:/program files (x86)/atollic/truestudio for stm32 9.0.1/armtools/bin/../lib/gcc/arm-atollic-eabi/6.3.1/../../../../arm-atollic-eabi/lib/armv7-m\libc.a
LOAD c:/program files (x86)/atollic/truestudio for stm32 9.0.1/armtools/bin/../lib/gcc/arm-atollic-eabi/6.3.1/../../../../arm-atollic-eabi/lib/armv7-m\libm.a
END GROUP
START GROUP
LOAD c:/program files (x86)/atollic/truestudio for stm32 9.0.1/armtools/bin/../lib/gcc/arm-atollic-eabi/6.3.1/armv7-m\libgcc.a
LOAD c:/program files (x86)/atollic/truestudio for stm32 9.0.1/armtools/bin/../lib/gcc/arm-atollic-eabi/6.3.1/../../../../arm-atollic-eabi/lib/armv7-m\libc.a
END GROUP
START GROUP
LOAD c:/program files (x86)/atollic/truestudio for stm32 9.0.1/armtools/bin/../lib/gcc/arm-atollic-eabi/6.3.1/armv7-m\libgcc.a
LOAD c:/program files (x86)/atollic/truestudio for stm32 9.0.1/armtools/bin/../lib/gcc/arm-atollic-eabi/6.3.1/../../../../arm-atollic-eabi/lib/armv7-m\libc.a
LOAD c:/program files (x86)/atollic/truestudio for stm32 9.0.1/armtools/bin/../lib/gcc/arm-atollic-eabi/6.3.1/../../../../arm-atollic-eabi/lib/armv7-m\libnosys.a
END GROUP
LOAD c:/program files (x86)/atollic/truestudio for stm32 9.0.1/armtools/bin/../lib/gcc/arm-atollic-eabi/6.3.1/armv7-m/crtend.o
LOAD c:/program files (x86)/atollic/truestudio for stm32 9.0.1/armtools/bin/../lib/gcc/arm-atollic-eabi/6.3.1/armv7-m/crtn.o
                0x20005000                _estack = 0x20005000
                0x00000200                _Min_Heap_Size = 0x200
                0x00000400                _Min_Stack_Size = 0x400

.isr_vector     0x08000000      0x10c
                0x08000000                . = ALIGN (0x4)
 *(.isr_vector)
 .isr_vector    0x08000000      0x10c startup\startup_stm32f103xb.o
                0x08000000                g_pfnVectors
                0x0800010c                . = ALIGN (0x4)

.text           0x08000110     0x63d0
                0x08000110                . = ALIGN (0x4)
 *(.text)
 .text          0x08000110       0x40 c:/program files (x86)/atollic/truestudio for stm32 9.0.1/armtools/bin/../lib/gcc/arm-atollic-eabi/6.3.1/armv7-m/crtbegin.o
 .text          0x08000150       0x10 c:/program files (x86)/atollic/truestudio for stm32 9.0.1/armtools/bin/../lib/gcc/arm-atollic-eabi/6.3.1/../../../../arm-atollic-eabi/lib/armv7-m\libc.a(lib_a-strlen.o)
                0x08000150                strlen
 .text          0x08000160      0x370 c:/program files (x86)/atollic/truestudio for stm32 9.0.1/armtools/bin/../lib/gcc/arm-atollic-eabi/6.3.1/armv7-m\libgcc.a(_arm_addsubdf3.o)
                0x08000160                __aeabi_drsub
                0x08000168                __aeabi_dsub
                0x08000168                __subdf3
                0x0800016c                __aeabi_dadd
                0x0800016c                __adddf3
                0x080003e4                __floatunsidf
                0x080003e4                __aeabi_ui2d
                0x08000404                __floatsidf
                0x08000404                __aeabi_i2d
                0x08000428                __aeabi_f2d
                0x08000428                __extendsfdf2
                0x08000464                __floatundidf
                0x08000464                __aeabi_ul2d
                0x08000474                __floatdidf
                0x08000474                __aeabi_l2d
 .text          0x080004d0      0x424 c:/program files (x86)/atollic/truestudio for stm32 9.0.1/armtools/bin/../lib/gcc/arm-atollic-eabi/6.3.1/armv7-m\libgcc.a(_arm_muldivdf3.o)
                0x080004d0                __aeabi_dmul
                0x080004d0                __muldf3
                0x08000724                __divdf3
                0x08000724                __aeabi_ddiv
 .text          0x080008f4      0x110 c:/program files (x86)/atollic/truestudio for stm32 9.0.1/armtools/bin/../lib/gcc/arm-atollic-eabi/6.3.1/armv7-m\libgcc.a(_arm_cmpdf2.o)
                0x080008f4                __gtdf2
                0x080008f4                __gedf2
                0x080008fc                __ltdf2
                0x080008fc                __ledf2
                0x08000904                __nedf2
                0x08000904                __eqdf2
                0x08000904                __cmpdf2
                0x08000980                __aeabi_cdrcmple
                0x08000990                __aeabi_cdcmpeq
                0x08000990                __aeabi_cdcmple
                0x080009a0                __aeabi_dcmpeq
                0x080009b4                __aeabi_dcmplt
                0x080009c8                __aeabi_dcmple
                0x080009dc                __aeabi_dcmpge
                0x080009f0                __aeabi_dcmpgt
 .text          0x08000a04       0x2c c:/program files (x86)/atollic/truestudio for stm32 9.0.1/armtools/bin/../lib/gcc/arm-atollic-eabi/6.3.1/armv7-m\libgcc.a(_arm_unorddf2.o)
                0x08000a04                __unorddf2
                0x08000a04                __aeabi_dcmpun
 .text          0x08000a30       0x50 c:/program files (x86)/atollic/truestudio for stm32 9.0.1/armtools/bin/../lib/gcc/arm-atollic-eabi/6.3.1/armv7-m\libgcc.a(_arm_fixdfsi.o)
                0x08000a30                __aeabi_d2iz
                0x08000a30                __fixdfsi
 .text          0x08000a80       0x30 c:/program files (x86)/atollic/truestudio for stm32 9.0.1/armtools/bin/../lib/gcc/arm-atollic-eabi/6.3.1/armv7-m\libgcc.a(_aeabi_uldivmod.o)
                0x08000a80                __aeabi_uldivmod
 .text          0x08000ab0      0x2dc c:/program files (x86)/atollic/truestudio for stm32 9.0.1/armtools/bin/../lib/gcc/arm-atollic-eabi/6.3.1/armv7-m\libgcc.a(_udivmoddi4.o)
                0x08000ab0                __udivmoddi4
 .text          0x08000d8c        0x4 c:/program files (x86)/atollic/truestudio for stm32 9.0.1/armtools/bin/../lib/gcc/arm-atollic-eabi/6.3.1/armv7-m\libgcc.a(_dvmd_tls.o)
                0x08000d8c                __aeabi_idiv0
                0x08000d8c                __aeabi_ldiv0
 *(.text*)
 .text.HAL_InitTick
                0x08000d90       0x48 Drivers\STM32F1xx_HAL_Driver\Src\stm32f1xx_hal.o
                0x08000d90                HAL_InitTick
 .text.HAL_Init
                0x08000dd8       0x24 Drivers\STM32F1xx_HAL_Driver\Src\stm32f1xx_hal.o
                0x08000dd8                HAL_Init
 .text.HAL_IncTick
                0x08000dfc       0x18 Drivers\STM32F1xx_HAL_Driver\Src\stm32f1xx_hal.o
                0x08000dfc                HAL_IncTick
 .text.HAL_GetTick
                0x08000e14        0xc Drivers\STM32F1xx_HAL_Driver\Src\stm32f1xx_hal.o
                0x08000e14                HAL_GetTick
 .text.HAL_Delay
                0x08000e20       0x24 Drivers\STM32F1xx_HAL_Driver\Src\stm32f1xx_hal.o
                0x08000e20                HAL_Delay
 .text.HAL_NVIC_SetPriorityGrouping
                0x08000e44       0x24 Drivers\STM32F1xx_HAL_Driver\Src\stm32f1xx_hal_cortex.o
                0x08000e44                HAL_NVIC_SetPriorityGrouping
 .text.HAL_NVIC_SetPriority
                0x08000e68       0x68 Drivers\STM32F1xx_HAL_Driver\Src\stm32f1xx_hal_cortex.o
                0x08000e68                HAL_NVIC_SetPriority
 .text.HAL_NVIC_EnableIRQ
                0x08000ed0       0x18 Drivers\STM32F1xx_HAL_Driver\Src\stm32f1xx_hal_cortex.o
                0x08000ed0                HAL_NVIC_EnableIRQ
 .text.HAL_SYSTICK_Config
                0x08000ee8       0x2c Drivers\STM32F1xx_HAL_Driver\Src\stm32f1xx_hal_cortex.o
                0x08000ee8                HAL_SYSTICK_Config
 .text.HAL_SYSTICK_CLKSourceConfig
                0x08000f14       0x18 Drivers\STM32F1xx_HAL_Driver\Src\stm32f1xx_hal_cortex.o
                0x08000f14                HAL_SYSTICK_CLKSourceConfig
 .text.HAL_SYSTICK_Callback
                0x08000f2c        0x2 Drivers\STM32F1xx_HAL_Driver\Src\stm32f1xx_hal_cortex.o
                0x08000f2c                HAL_SYSTICK_Callback
 .text.HAL_SYSTICK_IRQHandler
                0x08000f2e        0x8 Drivers\STM32F1xx_HAL_Driver\Src\stm32f1xx_hal_cortex.o
                0x08000f2e                HAL_SYSTICK_IRQHandler
 *fill*         0x08000f36        0x2 
 .text.HAL_GPIO_Init
                0x08000f38      0x1c0 Drivers\STM32F1xx_HAL_Driver\Src\stm32f1xx_hal_gpio.o
                0x08000f38                HAL_GPIO_Init
 .text.HAL_GPIO_WritePin
                0x080010f8        0xa Drivers\STM32F1xx_HAL_Driver\Src\stm32f1xx_hal_gpio.o
                0x080010f8                HAL_GPIO_WritePin
 .text.HAL_GPIO_TogglePin
                0x08001102        0x8 Drivers\STM32F1xx_HAL_Driver\Src\stm32f1xx_hal_gpio.o
                0x08001102                HAL_GPIO_TogglePin
 .text.I2C_IsAcknowledgeFailed
                0x0800110a       0x2a Drivers\STM32F1xx_HAL_Driver\Src\stm32f1xx_hal_i2c.o
 .text.I2C_WaitOnMasterAddressFlagUntilTimeout
                0x08001134       0x80 Drivers\STM32F1xx_HAL_Driver\Src\stm32f1xx_hal_i2c.o
 .text.I2C_WaitOnFlagUntilTimeout
                0x080011b4       0x5c Drivers\STM32F1xx_HAL_Driver\Src\stm32f1xx_hal_i2c.o
 .text.I2C_WaitOnTXEFlagUntilTimeout
                0x08001210       0x4c Drivers\STM32F1xx_HAL_Driver\Src\stm32f1xx_hal_i2c.o
 .text.I2C_WaitOnRXNEFlagUntilTimeout
                0x0800125c       0x5a Drivers\STM32F1xx_HAL_Driver\Src\stm32f1xx_hal_i2c.o
 .text.I2C_WaitOnBTFFlagUntilTimeout
                0x080012b6       0x4c Drivers\STM32F1xx_HAL_Driver\Src\stm32f1xx_hal_i2c.o
 *fill*         0x08001302        0x2 
 .text.HAL_I2C_Init
                0x08001304      0x100 Drivers\STM32F1xx_HAL_Driver\Src\stm32f1xx_hal_i2c.o
                0x08001304                HAL_I2C_Init
 .text.HAL_I2C_Master_Transmit
                0x08001404      0x1ac Drivers\STM32F1xx_HAL_Driver\Src\stm32f1xx_hal_i2c.o
                0x08001404                HAL_I2C_Master_Transmit
 .text.HAL_I2C_Master_Receive
                0x080015b0      0x304 Drivers\STM32F1xx_HAL_Driver\Src\stm32f1xx_hal_i2c.o
                0x080015b0                HAL_I2C_Master_Receive
 .text.HAL_RCC_OscConfig
                0x080018b4      0x318 Drivers\STM32F1xx_HAL_Driver\Src\stm32f1xx_hal_rcc.o
                0x080018b4                HAL_RCC_OscConfig
 .text.HAL_RCC_GetSysClockFreq
                0x08001bcc       0x78 Drivers\STM32F1xx_HAL_Driver\Src\stm32f1xx_hal_rcc.o
                0x08001bcc                HAL_RCC_GetSysClockFreq
 .text.HAL_RCC_ClockConfig
                0x08001c44      0x148 Drivers\STM32F1xx_HAL_Driver\Src\stm32f1xx_hal_rcc.o
                0x08001c44                HAL_RCC_ClockConfig
 .text.HAL_RCC_GetHCLKFreq
                0x08001d8c        0xc Drivers\STM32F1xx_HAL_Driver\Src\stm32f1xx_hal_rcc.o
                0x08001d8c                HAL_RCC_GetHCLKFreq
 .text.HAL_RCC_GetPCLK1Freq
                0x08001d98       0x20 Drivers\STM32F1xx_HAL_Driver\Src\stm32f1xx_hal_rcc.o
                0x08001d98                HAL_RCC_GetPCLK1Freq
 .text.HAL_RCC_GetPCLK2Freq
                0x08001db8       0x20 Drivers\STM32F1xx_HAL_Driver\Src\stm32f1xx_hal_rcc.o
                0x08001db8                HAL_RCC_GetPCLK2Freq
 .text.SPI_WaitFlagStateUntilTimeout
                0x08001dd8       0x8e Drivers\STM32F1xx_HAL_Driver\Src\stm32f1xx_hal_spi.o
 .text.SPI_CheckFlag_BSY
                0x08001e66       0x20 Drivers\STM32F1xx_HAL_Driver\Src\stm32f1xx_hal_spi.o
 .text.HAL_SPI_Transmit
                0x08001e86      0x152 Drivers\STM32F1xx_HAL_Driver\Src\stm32f1xx_hal_spi.o
                0x08001e86                HAL_SPI_Transmit
 .text.HAL_SPI_GetState
                0x08001fd8        0x6 Drivers\STM32F1xx_HAL_Driver\Src\stm32f1xx_hal_spi.o
                0x08001fd8                HAL_SPI_GetState
 .text.HAL_SPI_Init
                0x08001fde       0x76 Drivers\STM32F1xx_HAL_Driver\Src\stm32f1xx_hal_spi_ex.o
                0x08001fde                HAL_SPI_Init
 .text.HAL_TIM_Base_Start_IT
                0x08002054       0x16 Drivers\STM32F1xx_HAL_Driver\Src\stm32f1xx_hal_tim.o
                0x08002054                HAL_TIM_Base_Start_IT
 .text.HAL_TIM_ConfigClockSource
                0x0800206a      0x172 Drivers\STM32F1xx_HAL_Driver\Src\stm32f1xx_hal_tim.o
                0x0800206a                HAL_TIM_ConfigClockSource
 .text.HAL_TIM_OC_DelayElapsedCallback
                0x080021dc        0x2 Drivers\STM32F1xx_HAL_Driver\Src\stm32f1xx_hal_tim.o
                0x080021dc                HAL_TIM_OC_DelayElapsedCallback
 .text.HAL_TIM_IC_CaptureCallback
                0x080021de        0x2 Drivers\STM32F1xx_HAL_Driver\Src\stm32f1xx_hal_tim.o
                0x080021de                HAL_TIM_IC_CaptureCallback
 .text.HAL_TIM_PWM_PulseFinishedCallback
                0x080021e0        0x2 Drivers\STM32F1xx_HAL_Driver\Src\stm32f1xx_hal_tim.o
                0x080021e0                HAL_TIM_PWM_PulseFinishedCallback
 .text.HAL_TIM_TriggerCallback
                0x080021e2        0x2 Drivers\STM32F1xx_HAL_Driver\Src\stm32f1xx_hal_tim.o
                0x080021e2                HAL_TIM_TriggerCallback
 .text.HAL_TIM_IRQHandler
                0x080021e4      0x144 Drivers\STM32F1xx_HAL_Driver\Src\stm32f1xx_hal_tim.o
                0x080021e4                HAL_TIM_IRQHandler
 .text.TIM_Base_SetConfig
                0x08002328       0x70 Drivers\STM32F1xx_HAL_Driver\Src\stm32f1xx_hal_tim.o
                0x08002328                TIM_Base_SetConfig
 .text.HAL_TIM_Base_Init
                0x08002398       0x34 Drivers\STM32F1xx_HAL_Driver\Src\stm32f1xx_hal_tim.o
                0x08002398                HAL_TIM_Base_Init
 .text.HAL_TIMEx_MasterConfigSynchronization
                0x080023cc       0x44 Drivers\STM32F1xx_HAL_Driver\Src\stm32f1xx_hal_tim_ex.o
                0x080023cc                HAL_TIMEx_MasterConfigSynchronization
 .text.HAL_TIMEx_CommutationCallback
                0x08002410        0x2 Drivers\STM32F1xx_HAL_Driver\Src\stm32f1xx_hal_tim_ex.o
                0x08002410                HAL_TIMEx_CommutationCallback
 .text.HAL_TIMEx_BreakCallback
                0x08002412        0x2 Drivers\STM32F1xx_HAL_Driver\Src\stm32f1xx_hal_tim_ex.o
                0x08002412                HAL_TIMEx_BreakCallback
 .text.UART_SetConfig
                0x08002414      0x13c Drivers\STM32F1xx_HAL_Driver\Src\stm32f1xx_hal_uart.o
 .text.UART_WaitOnFlagUntilTimeout.constprop.3
                0x08002550       0x50 Drivers\STM32F1xx_HAL_Driver\Src\stm32f1xx_hal_uart.o
 .text.HAL_UART_Init
                0x080025a0       0x5c Drivers\STM32F1xx_HAL_Driver\Src\stm32f1xx_hal_uart.o
                0x080025a0                HAL_UART_Init
 .text.HAL_UART_Transmit
                0x080025fc       0xb8 Drivers\STM32F1xx_HAL_Driver\Src\stm32f1xx_hal_uart.o
                0x080025fc                HAL_UART_Transmit
 *fill*         0x080026b4        0x4 
 .text.HAL_TIM_PeriodElapsedCallback
                0x080026b8      0x1c4 Src\main.o
                0x080026b8                HAL_TIM_PeriodElapsedCallback
 .text.SystemClock_Config
                0x0800287c       0x6e Src\main.o
                0x0800287c                SystemClock_Config
 *fill*         0x080028ea        0x2 
 .text.startup.main
                0x080028ec      0x240 Src\main.o
                0x080028ec                main
 .text.HAL_MspInit
                0x08002b2c       0xa0 Src\stm32f1xx_hal_msp.o
                0x08002b2c                HAL_MspInit
 .text.HAL_I2C_MspInit
                0x08002bcc       0x44 Src\stm32f1xx_hal_msp.o
                0x08002bcc                HAL_I2C_MspInit
 .text.HAL_SPI_MspInit
                0x08002c10       0x44 Src\stm32f1xx_hal_msp.o
                0x08002c10                HAL_SPI_MspInit
 .text.HAL_TIM_Base_MspInit
                0x08002c54       0x68 Src\stm32f1xx_hal_msp.o
                0x08002c54                HAL_TIM_Base_MspInit
 .text.HAL_UART_MspInit
                0x08002cbc       0x54 Src\stm32f1xx_hal_msp.o
                0x08002cbc                HAL_UART_MspInit
 .text.NMI_Handler
                0x08002d10        0x2 Src\stm32f1xx_it.o
                0x08002d10                NMI_Handler
 .text.HardFault_Handler
                0x08002d12        0x2 Src\stm32f1xx_it.o
                0x08002d12                HardFault_Handler
 .text.MemManage_Handler
                0x08002d14        0x2 Src\stm32f1xx_it.o
                0x08002d14                MemManage_Handler
 .text.BusFault_Handler
                0x08002d16        0x2 Src\stm32f1xx_it.o
                0x08002d16                BusFault_Handler
 .text.UsageFault_Handler
                0x08002d18        0x2 Src\stm32f1xx_it.o
                0x08002d18                UsageFault_Handler
 .text.SVC_Handler
                0x08002d1a        0x2 Src\stm32f1xx_it.o
                0x08002d1a                SVC_Handler
 .text.DebugMon_Handler
                0x08002d1c        0x2 Src\stm32f1xx_it.o
                0x08002d1c                DebugMon_Handler
 .text.PendSV_Handler
                0x08002d1e        0x2 Src\stm32f1xx_it.o
                0x08002d1e                PendSV_Handler
 .text.SysTick_Handler
                0x08002d20        0xe Src\stm32f1xx_it.o
                0x08002d20                SysTick_Handler
 *fill*         0x08002d2e        0x2 
 .text.TIM2_IRQHandler
                0x08002d30        0xc Src\stm32f1xx_it.o
                0x08002d30                TIM2_IRQHandler
 .text.TIM3_IRQHandler
                0x08002d3c        0xc Src\stm32f1xx_it.o
                0x08002d3c                TIM3_IRQHandler
 .text.SystemInit
                0x08002d48       0x4c Src\system_stm32f1xx.o
                0x08002d48                SystemInit
 .text.u8g_Delay
                0x08002d94        0x4 Src\u8g\u8g_arm.o
                0x08002d94                u8g_Delay
 .text.u8g_MicroDelay
                0x08002d98        0x6 Src\u8g\u8g_arm.o
                0x08002d98                u8g_MicroDelay
 .text.u8g_10MicroDelay
                0x08002d9e        0x6 Src\u8g\u8g_arm.o
                0x08002d9e                u8g_10MicroDelay
 .text.u8g_com_hw_spi_fn
                0x08002da4       0xbc Src\u8g\u8g_arm.o
                0x08002da4                u8g_com_hw_spi_fn
 .text.u8g_IsBBXIntersection
                0x08002e60       0x52 Src\u8g\u8g_clip.o
                0x08002e60                u8g_IsBBXIntersection
 .text.u8g_InitCom
                0x08002eb2        0xe Src\u8g\u8g_com_api.o
                0x08002eb2                u8g_InitCom
 .text.u8g_SetChipSelect
                0x08002ec0        0xe Src\u8g\u8g_com_api.o
                0x08002ec0                u8g_SetChipSelect
 .text.u8g_SetResetLow
                0x08002ece       0x10 Src\u8g\u8g_com_api.o
                0x08002ece                u8g_SetResetLow
 .text.u8g_SetResetHigh
                0x08002ede       0x10 Src\u8g\u8g_com_api.o
                0x08002ede                u8g_SetResetHigh
 .text.u8g_SetAddress
                0x08002eee        0xe Src\u8g\u8g_com_api.o
                0x08002eee                u8g_SetAddress
 .text.u8g_WriteByte
                0x08002efc        0xe Src\u8g\u8g_com_api.o
                0x08002efc                u8g_WriteByte
 .text.u8g_WriteSequence
                0x08002f0a        0xc Src\u8g\u8g_com_api.o
                0x08002f0a                u8g_WriteSequence
 .text.u8g_WriteEscSeqP
                0x08002f16       0x8a Src\u8g\u8g_com_api.o
                0x08002f16                u8g_WriteEscSeqP
 .text.u8g_com_null_fn
                0x08002fa0        0x4 Src\u8g\u8g_com_null.o
                0x08002fa0                u8g_com_null_fn
 .text.u8g_dev_sh1106_128x64_fn
                0x08002fa4       0xa4 Src\u8g\u8g_dev_ssd1306_128x64.o
                0x08002fa4                u8g_dev_sh1106_128x64_fn
 .text.u8g_font_get_word
                0x08003048        0xe Src\u8g\u8g_font.o
 .text.u8g_font_calc_vref_font
                0x08003056        0x4 Src\u8g\u8g_font.o
                0x08003056                u8g_font_calc_vref_font
 .text.u8g_font_GetFormat.isra.0
                0x0800305a        0x2 Src\u8g\u8g_font.o
 .text.u8g_font_GetFontGlyphStructureSize.isra.1
                0x0800305c       0x14 Src\u8g\u8g_font.o
 .text.u8g_font_GetEncoding65Pos
                0x08003070        0x6 Src\u8g\u8g_font.o
                0x08003070                u8g_font_GetEncoding65Pos
 .text.u8g_font_GetEncoding97Pos
                0x08003076        0x6 Src\u8g\u8g_font.o
                0x08003076                u8g_font_GetEncoding97Pos
 .text.u8g_font_GetFontStartEncoding
                0x0800307c        0x4 Src\u8g\u8g_font.o
                0x0800307c                u8g_font_GetFontStartEncoding
 .text.u8g_font_GetFontEndEncoding
                0x08003080        0x4 Src\u8g\u8g_font.o
                0x08003080                u8g_font_GetFontEndEncoding
 .text.u8g_GetGlyph
                0x08003084       0xe2 Src\u8g\u8g_font.o
                0x08003084                u8g_GetGlyph
 .text.u8g_draw_glyph
                0x08003166       0xae Src\u8g\u8g_font.o
                0x08003166                u8g_draw_glyph
 .text.u8g_DrawStr
                0x08003214       0x3a Src\u8g\u8g_font.o
                0x08003214                u8g_DrawStr
 *fill*         0x0800324e        0x2 
 .text.u8g_SetFontPosBaseline
                0x08003250        0xc Src\u8g\u8g_font.o
                0x08003250                u8g_SetFontPosBaseline
 .text.u8g_call_dev_fn
                0x0800325c        0xa Src\u8g\u8g_ll_api.o
                0x0800325c                u8g_call_dev_fn
 .text.u8g_InitLL
                0x08003266       0x2a Src\u8g\u8g_ll_api.o
                0x08003266                u8g_InitLL
 .text.u8g_FirstPageLL
                0x08003290       0x36 Src\u8g\u8g_ll_api.o
                0x08003290                u8g_FirstPageLL
 .text.u8g_NextPageLL
                0x080032c6       0x3a Src\u8g\u8g_ll_api.o
                0x080032c6                u8g_NextPageLL
 .text.u8g_GetWidthLL
                0x08003300       0x16 Src\u8g\u8g_ll_api.o
                0x08003300                u8g_GetWidthLL
 .text.u8g_GetHeightLL
                0x08003316       0x16 Src\u8g\u8g_ll_api.o
                0x08003316                u8g_GetHeightLL
 .text.u8g_GetModeLL
                0x0800332c        0x8 Src\u8g\u8g_ll_api.o
                0x0800332c                u8g_GetModeLL
 .text.u8g_UpdateDimension
                0x08003334       0x32 Src\u8g\u8g_ll_api.o
                0x08003334                u8g_UpdateDimension
 .text.u8g_Begin
                0x08003366       0x16 Src\u8g\u8g_ll_api.o
                0x08003366                u8g_Begin
 .text.u8g_InitComFn
                0x0800337c       0x54 Src\u8g\u8g_ll_api.o
                0x0800337c                u8g_InitComFn
 .text.u8g_FirstPage
                0x080033d0        0x6 Src\u8g\u8g_ll_api.o
                0x080033d0                u8g_FirstPage
 .text.u8g_NextPage
                0x080033d6       0x16 Src\u8g\u8g_ll_api.o
                0x080033d6                u8g_NextPage
 .text.u8g_Draw8Pixel
                0x080033ec       0x26 Src\u8g\u8g_ll_api.o
                0x080033ec                u8g_Draw8Pixel
 .text.u8g_page_First
                0x08003412        0xe Src\u8g\u8g_page.o
                0x08003412                u8g_page_First
 .text.u8g_page_Next
                0x08003420       0x32 Src\u8g\u8g_page.o
                0x08003420                u8g_page_Next
 .text.u8g_pb_Clear
                0x08003452       0x12 Src\u8g\u8g_pb.o
                0x08003452                u8g_pb_Clear
 .text.u8g_pb_IsYIntersection
                0x08003464       0x2a Src\u8g\u8g_pb.o
                0x08003464                u8g_pb_IsYIntersection
 .text.u8g_pb_GetPageBox
                0x0800348e       0x14 Src\u8g\u8g_pb.o
                0x0800348e                u8g_pb_GetPageBox
 .text.u8g_pb_Is8PixelVisible
                0x080034a2       0x26 Src\u8g\u8g_pb.o
                0x080034a2                u8g_pb_Is8PixelVisible
 .text.u8g_pb_WriteBuffer
                0x080034c8       0x12 Src\u8g\u8g_pb.o
                0x080034c8                u8g_pb_WriteBuffer
 .text.u8g_pb8v1_set_pixel
                0x080034da       0x22 Src\u8g\u8g_pb8v1.o
                0x080034da                u8g_pb8v1_set_pixel
 .text.u8g_pb8v1_SetPixel
                0x080034fc       0x26 Src\u8g\u8g_pb8v1.o
                0x080034fc                u8g_pb8v1_SetPixel
 .text.u8g_pb8v1_Set8PixelOpt2
                0x08003522       0x56 Src\u8g\u8g_pb8v1.o
                0x08003522                u8g_pb8v1_Set8PixelOpt2
 .text.u8g_dev_pb8v1_base_fn
                0x08003578       0x78 Src\u8g\u8g_pb8v1.o
                0x08003578                u8g_dev_pb8v1_base_fn
 .text.u8g_state_dummy_cb
                0x080035f0        0x2 Src\u8g\u8g_state.o
                0x080035f0                u8g_state_dummy_cb
 .text.delay_us
                0x080035f2       0x12 Src\userDelay.o
                0x080035f2                delay_us
 .text.delay_ms
                0x08003604       0x16 Src\userDelay.o
                0x08003604                delay_ms
 *fill*         0x0800361a        0x2 
 .text.Reset_Handler
                0x0800361c       0x48 startup\startup_stm32f103xb.o
                0x0800361c                Reset_Handler
 .text.Default_Handler
                0x08003664        0x2 startup\startup_stm32f103xb.o
                0x08003664                RTC_Alarm_IRQHandler
                0x08003664                EXTI2_IRQHandler
                0x08003664                TIM1_CC_IRQHandler
                0x08003664                PVD_IRQHandler
                0x08003664                EXTI3_IRQHandler
                0x08003664                EXTI0_IRQHandler
                0x08003664                I2C2_EV_IRQHandler
                0x08003664                ADC1_2_IRQHandler
                0x08003664                SPI1_IRQHandler
                0x08003664                TAMPER_IRQHandler
                0x08003664                DMA1_Channel4_IRQHandler
                0x08003664                USART3_IRQHandler
                0x08003664                RTC_IRQHandler
                0x08003664                DMA1_Channel7_IRQHandler
                0x08003664                CAN1_RX1_IRQHandler
                0x08003664                TIM4_IRQHandler
                0x08003664                I2C1_EV_IRQHandler
                0x08003664                DMA1_Channel6_IRQHandler
                0x08003664                RCC_IRQHandler
                0x08003664                TIM1_TRG_COM_IRQHandler
                0x08003664                DMA1_Channel1_IRQHandler
                0x08003664                Default_Handler
                0x08003664                EXTI15_10_IRQHandler
                0x08003664                EXTI9_5_IRQHandler
                0x08003664                SPI2_IRQHandler
                0x08003664                DMA1_Channel5_IRQHandler
                0x08003664                EXTI4_IRQHandler
                0x08003664                USB_LP_CAN1_RX0_IRQHandler
                0x08003664                USB_HP_CAN1_TX_IRQHandler
                0x08003664                DMA1_Channel3_IRQHandler
                0x08003664                TIM1_UP_IRQHandler
                0x08003664                WWDG_IRQHandler
                0x08003664                TIM1_BRK_IRQHandler
                0x08003664                EXTI1_IRQHandler
                0x08003664                USART2_IRQHandler
                0x08003664                I2C2_ER_IRQHandler
                0x08003664                DMA1_Channel2_IRQHandler
                0x08003664                CAN1_SCE_IRQHandler
                0x08003664                FLASH_IRQHandler
                0x08003664                USART1_IRQHandler
                0x08003664                I2C1_ER_IRQHandler
                0x08003664                USBWakeUp_IRQHandler
 *fill*         0x08003666        0x2 
 .text.__libc_init_array
                0x08003668       0x48 c:/program files (x86)/atollic/truestudio for stm32 9.0.1/armtools/bin/../lib/gcc/arm-atollic-eabi/6.3.1/../../../../arm-atollic-eabi/lib/armv7-m\libc.a(lib_a-init.o)
                0x08003668                __libc_init_array
 .text.memset   0x080036b0       0x10 c:/program files (x86)/atollic/truestudio for stm32 9.0.1/armtools/bin/../lib/gcc/arm-atollic-eabi/6.3.1/../../../../arm-atollic-eabi/lib/armv7-m\libc.a(lib_a-memset.o)
                0x080036b0                memset
 .text.sprintf  0x080036c0       0x48 c:/program files (x86)/atollic/truestudio for stm32 9.0.1/armtools/bin/../lib/gcc/arm-atollic-eabi/6.3.1/../../../../arm-atollic-eabi/lib/armv7-m\libc.a(lib_a-sprintf.o)
                0x080036c0                sprintf
 .text._svfprintf_r
                0x08003708      0xfa0 c:/program files (x86)/atollic/truestudio for stm32 9.0.1/armtools/bin/../lib/gcc/arm-atollic-eabi/6.3.1/../../../../arm-atollic-eabi/lib/armv7-m\libc.a(lib_a-svfprintf.o)
                0x08003708                _svfprintf_r
 .text.quorem   0x080046a8      0x118 c:/program files (x86)/atollic/truestudio for stm32 9.0.1/armtools/bin/../lib/gcc/arm-atollic-eabi/6.3.1/../../../../arm-atollic-eabi/lib/armv7-m\libc.a(lib_a-dtoa.o)
 .text._dtoa_r  0x080047c0      0xba8 c:/program files (x86)/atollic/truestudio for stm32 9.0.1/armtools/bin/../lib/gcc/arm-atollic-eabi/6.3.1/../../../../arm-atollic-eabi/lib/armv7-m\libc.a(lib_a-dtoa.o)
                0x080047c0                _dtoa_r
 .text._localeconv_r
                0x08005368       0x1c c:/program files (x86)/atollic/truestudio for stm32 9.0.1/armtools/bin/../lib/gcc/arm-atollic-eabi/6.3.1/../../../../arm-atollic-eabi/lib/armv7-m\libc.a(lib_a-localeconv.o)
                0x08005368                _localeconv_r
 .text.malloc   0x08005384       0x10 c:/program files (x86)/atollic/truestudio for stm32 9.0.1/armtools/bin/../lib/gcc/arm-atollic-eabi/6.3.1/../../../../arm-atollic-eabi/lib/armv7-m\libc.a(lib_a-malloc.o)
                0x08005384                malloc
 .text._malloc_r
                0x08005394      0x418 c:/program files (x86)/atollic/truestudio for stm32 9.0.1/armtools/bin/../lib/gcc/arm-atollic-eabi/6.3.1/../../../../arm-atollic-eabi/lib/armv7-m\libc.a(lib_a-mallocr.o)
                0x08005394                _malloc_r
 .text.memchr   0x080057ac       0x1c c:/program files (x86)/atollic/truestudio for stm32 9.0.1/armtools/bin/../lib/gcc/arm-atollic-eabi/6.3.1/../../../../arm-atollic-eabi/lib/armv7-m\libc.a(lib_a-memchr-stub.o)
                0x080057ac                memchr
 .text.memcpy   0x080057c8       0x16 c:/program files (x86)/atollic/truestudio for stm32 9.0.1/armtools/bin/../lib/gcc/arm-atollic-eabi/6.3.1/../../../../arm-atollic-eabi/lib/armv7-m\libc.a(lib_a-memcpy-stub.o)
                0x080057c8                memcpy
 *fill*         0x080057de        0x2 
 .text.__malloc_lock
                0x080057e0        0xc c:/program files (x86)/atollic/truestudio for stm32 9.0.1/armtools/bin/../lib/gcc/arm-atollic-eabi/6.3.1/../../../../arm-atollic-eabi/lib/armv7-m\libc.a(lib_a-mlock.o)
                0x080057e0                __malloc_lock
 .text.__malloc_unlock
                0x080057ec        0xc c:/program files (x86)/atollic/truestudio for stm32 9.0.1/armtools/bin/../lib/gcc/arm-atollic-eabi/6.3.1/../../../../arm-atollic-eabi/lib/armv7-m\libc.a(lib_a-mlock.o)
                0x080057ec                __malloc_unlock
 .text._Balloc  0x080057f8       0x68 c:/program files (x86)/atollic/truestudio for stm32 9.0.1/armtools/bin/../lib/gcc/arm-atollic-eabi/6.3.1/../../../../arm-atollic-eabi/lib/armv7-m\libc.a(lib_a-mprec.o)
                0x080057f8                _Balloc
 .text._Bfree   0x08005860       0x2e c:/program files (x86)/atollic/truestudio for stm32 9.0.1/armtools/bin/../lib/gcc/arm-atollic-eabi/6.3.1/../../../../arm-atollic-eabi/lib/armv7-m\libc.a(lib_a-mprec.o)
                0x08005860                _Bfree
 .text.__multadd
                0x0800588e       0x76 c:/program files (x86)/atollic/truestudio for stm32 9.0.1/armtools/bin/../lib/gcc/arm-atollic-eabi/6.3.1/../../../../arm-atollic-eabi/lib/armv7-m\libc.a(lib_a-mprec.o)
                0x0800588e                __multadd
 .text.__hi0bits
                0x08005904       0x3e c:/program files (x86)/atollic/truestudio for stm32 9.0.1/armtools/bin/../lib/gcc/arm-atollic-eabi/6.3.1/../../../../arm-atollic-eabi/lib/armv7-m\libc.a(lib_a-mprec.o)
                0x08005904                __hi0bits
 .text.__lo0bits
                0x08005942       0x5e c:/program files (x86)/atollic/truestudio for stm32 9.0.1/armtools/bin/../lib/gcc/arm-atollic-eabi/6.3.1/../../../../arm-atollic-eabi/lib/armv7-m\libc.a(lib_a-mprec.o)
                0x08005942                __lo0bits
 .text.__i2b    0x080059a0       0x12 c:/program files (x86)/atollic/truestudio for stm32 9.0.1/armtools/bin/../lib/gcc/arm-atollic-eabi/6.3.1/../../../../arm-atollic-eabi/lib/armv7-m\libc.a(lib_a-mprec.o)
                0x080059a0                __i2b
 .text.__multiply
                0x080059b2      0x118 c:/program files (x86)/atollic/truestudio for stm32 9.0.1/armtools/bin/../lib/gcc/arm-atollic-eabi/6.3.1/../../../../arm-atollic-eabi/lib/armv7-m\libc.a(lib_a-mprec.o)
                0x080059b2                __multiply
 *fill*         0x08005aca        0x2 
 .text.__pow5mult
                0x08005acc       0x9c c:/program files (x86)/atollic/truestudio for stm32 9.0.1/armtools/bin/../lib/gcc/arm-atollic-eabi/6.3.1/../../../../arm-atollic-eabi/lib/armv7-m\libc.a(lib_a-mprec.o)
                0x08005acc                __pow5mult
 .text.__lshift
                0x08005b68       0xa2 c:/program files (x86)/atollic/truestudio for stm32 9.0.1/armtools/bin/../lib/gcc/arm-atollic-eabi/6.3.1/../../../../arm-atollic-eabi/lib/armv7-m\libc.a(lib_a-mprec.o)
                0x08005b68                __lshift
 .text.__mcmp   0x08005c0a       0x34 c:/program files (x86)/atollic/truestudio for stm32 9.0.1/armtools/bin/../lib/gcc/arm-atollic-eabi/6.3.1/../../../../arm-atollic-eabi/lib/armv7-m\libc.a(lib_a-mprec.o)
                0x08005c0a                __mcmp
 .text.__mdiff  0x08005c3e       0xbe c:/program files (x86)/atollic/truestudio for stm32 9.0.1/armtools/bin/../lib/gcc/arm-atollic-eabi/6.3.1/../../../../arm-atollic-eabi/lib/armv7-m\libc.a(lib_a-mprec.o)
                0x08005c3e                __mdiff
 .text.__d2b    0x08005cfc       0x9e c:/program files (x86)/atollic/truestudio for stm32 9.0.1/armtools/bin/../lib/gcc/arm-atollic-eabi/6.3.1/../../../../arm-atollic-eabi/lib/armv7-m\libc.a(lib_a-mprec.o)
                0x08005cfc                __d2b
 *fill*         0x08005d9a        0x2 
 .text._sbrk_r  0x08005d9c       0x20 c:/program files (x86)/atollic/truestudio for stm32 9.0.1/armtools/bin/../lib/gcc/arm-atollic-eabi/6.3.1/../../../../arm-atollic-eabi/lib/armv7-m\libc.a(lib_a-sbrkr.o)
                0x08005d9c                _sbrk_r
 .text.__ssprint_r
                0x08005dbc       0xf4 c:/program files (x86)/atollic/truestudio for stm32 9.0.1/armtools/bin/../lib/gcc/arm-atollic-eabi/6.3.1/../../../../arm-atollic-eabi/lib/armv7-m\libc.a(lib_a-svfiprintf.o)
                0x08005dbc                __ssprint_r
 .text._calloc_r
                0x08005eb0       0x5a c:/program files (x86)/atollic/truestudio for stm32 9.0.1/armtools/bin/../lib/gcc/arm-atollic-eabi/6.3.1/../../../../arm-atollic-eabi/lib/armv7-m\libc.a(lib_a-callocr.o)
                0x08005eb0                _calloc_r
 *fill*         0x08005f0a        0x2 
 .text._malloc_trim_r
                0x08005f0c       0xac c:/program files (x86)/atollic/truestudio for stm32 9.0.1/armtools/bin/../lib/gcc/arm-atollic-eabi/6.3.1/../../../../arm-atollic-eabi/lib/armv7-m\libc.a(lib_a-freer.o)
                0x08005f0c                _malloc_trim_r
 .text._free_r  0x08005fb8      0x178 c:/program files (x86)/atollic/truestudio for stm32 9.0.1/armtools/bin/../lib/gcc/arm-atollic-eabi/6.3.1/../../../../arm-atollic-eabi/lib/armv7-m\libc.a(lib_a-freer.o)
                0x08005fb8                _free_r
 .text.__retarget_lock_acquire_recursive
                0x08006130        0x2 c:/program files (x86)/atollic/truestudio for stm32 9.0.1/armtools/bin/../lib/gcc/arm-atollic-eabi/6.3.1/../../../../arm-atollic-eabi/lib/armv7-m\libc.a(lib_a-lock.o)
                0x08006130                __retarget_lock_acquire_recursive
 .text.__retarget_lock_release_recursive
                0x08006132        0x2 c:/program files (x86)/atollic/truestudio for stm32 9.0.1/armtools/bin/../lib/gcc/arm-atollic-eabi/6.3.1/../../../../arm-atollic-eabi/lib/armv7-m\libc.a(lib_a-lock.o)
                0x08006132                __retarget_lock_release_recursive
 .text.__ascii_mbtowc
                0x08006134       0x24 c:/program files (x86)/atollic/truestudio for stm32 9.0.1/armtools/bin/../lib/gcc/arm-atollic-eabi/6.3.1/../../../../arm-atollic-eabi/lib/armv7-m\libc.a(lib_a-mbtowc_r.o)
                0x08006134                __ascii_mbtowc
 .text.memmove  0x08006158       0x34 c:/program files (x86)/atollic/truestudio for stm32 9.0.1/armtools/bin/../lib/gcc/arm-atollic-eabi/6.3.1/../../../../arm-atollic-eabi/lib/armv7-m\libc.a(lib_a-memmove.o)
                0x08006158                memmove
 .text._realloc_r
                0x0800618c      0x304 c:/program files (x86)/atollic/truestudio for stm32 9.0.1/armtools/bin/../lib/gcc/arm-atollic-eabi/6.3.1/../../../../arm-atollic-eabi/lib/armv7-m\libc.a(lib_a-reallocr.o)
                0x0800618c                _realloc_r
 .text.__ascii_wctomb
                0x08006490       0x1a c:/program files (x86)/atollic/truestudio for stm32 9.0.1/armtools/bin/../lib/gcc/arm-atollic-eabi/6.3.1/../../../../arm-atollic-eabi/lib/armv7-m\libc.a(lib_a-wctomb_r.o)
                0x08006490                __ascii_wctomb
 *fill*         0x080064aa        0x2 
 .text._sbrk    0x080064ac       0x1c c:/program files (x86)/atollic/truestudio for stm32 9.0.1/armtools/bin/../lib/gcc/arm-atollic-eabi/6.3.1/../../../../arm-atollic-eabi/lib/armv7-m\libnosys.a(sbrk.o)
                0x080064ac                _sbrk
 *(.glue_7)
 .glue_7        0x080064c8        0x0 linker stubs
 *(.glue_7t)
 .glue_7t       0x080064c8        0x0 linker stubs
 *(.eh_frame)
 .eh_frame      0x080064c8        0x0 c:/program files (x86)/atollic/truestudio for stm32 9.0.1/armtools/bin/../lib/gcc/arm-atollic-eabi/6.3.1/armv7-m/crtbegin.o
 *(.init)
 .init          0x080064c8        0x4 c:/program files (x86)/atollic/truestudio for stm32 9.0.1/armtools/bin/../lib/gcc/arm-atollic-eabi/6.3.1/armv7-m/crti.o
                0x080064c8                _init
 .init          0x080064cc        0x8 c:/program files (x86)/atollic/truestudio for stm32 9.0.1/armtools/bin/../lib/gcc/arm-atollic-eabi/6.3.1/armv7-m/crtn.o
 *(.fini)
 .fini          0x080064d4        0x4 c:/program files (x86)/atollic/truestudio for stm32 9.0.1/armtools/bin/../lib/gcc/arm-atollic-eabi/6.3.1/armv7-m/crti.o
                0x080064d4                _fini
 .fini          0x080064d8        0x8 c:/program files (x86)/atollic/truestudio for stm32 9.0.1/armtools/bin/../lib/gcc/arm-atollic-eabi/6.3.1/armv7-m/crtn.o
                0x080064e0                . = ALIGN (0x4)
                0x080064e0                _etext = .

.vfp11_veneer   0x080064e0        0x0
 .vfp11_veneer  0x080064e0        0x0 linker stubs

.v4_bx          0x080064e0        0x0
 .v4_bx         0x080064e0        0x0 linker stubs

.iplt           0x080064e0        0x0
 .iplt          0x080064e0        0x0 c:/program files (x86)/atollic/truestudio for stm32 9.0.1/armtools/bin/../lib/gcc/arm-atollic-eabi/6.3.1/armv7-m/crtbegin.o

.rodata         0x080064e0     0x3e08
                0x080064e0                . = ALIGN (0x4)
 *(.rodata)
 .rodata        0x080064e0       0x10 Drivers\STM32F1xx_HAL_Driver\Src\stm32f1xx_hal_rcc.o
 *(.rodata*)
 .rodata.HAL_TIM_PeriodElapsedCallback.str1.1
                0x080064f0       0x16 Src\main.o
 .rodata.main.str1.1
                0x08006506        0xd Src\main.o
 .rodata.AHBPrescTable
                0x08006513       0x10 Src\system_stm32f1xx.o
                0x08006513                AHBPrescTable
 .rodata.APBPrescTable
                0x08006523        0x8 Src\system_stm32f1xx.o
                0x08006523                APBPrescTable
 .rodata.u8g_dev_sh1106_128x64_data_start
                0x0800652b        0x8 Src\u8g\u8g_dev_ssd1306_128x64.o
 .rodata.u8g_dev_ssd1306_128x64_adafruit3_init_seq
                0x08006533       0x26 Src\u8g\u8g_dev_ssd1306_128x64.o
 .rodata.u8g_dev_ssd13xx_sleep_off
                0x08006559        0xb Src\u8g\u8g_dev_ssd1306_128x64.o
 .rodata.u8g_dev_ssd13xx_sleep_on
                0x08006564        0x9 Src\u8g\u8g_dev_ssd1306_128x64.o
 .rodata.u8g_font_profont22
                0x0800656d     0x1936 Src\u8g\u8g_font_data.o
                0x0800656d                u8g_font_profont22
 .rodata.u8g_font_profont29
                0x08007ea3     0x21da Src\u8g\u8g_font_data.o
                0x08007ea3                u8g_font_profont29
 .rodata._svfprintf_r.str1.1
                0x0800a07d       0x34 c:/program files (x86)/atollic/truestudio for stm32 9.0.1/armtools/bin/../lib/gcc/arm-atollic-eabi/6.3.1/../../../../arm-atollic-eabi/lib/armv7-m\libc.a(lib_a-svfprintf.o)
 .rodata.blanks.7236
                0x0800a0b1       0x10 c:/program files (x86)/atollic/truestudio for stm32 9.0.1/armtools/bin/../lib/gcc/arm-atollic-eabi/6.3.1/../../../../arm-atollic-eabi/lib/armv7-m\libc.a(lib_a-svfprintf.o)
 .rodata.zeroes.7237
                0x0800a0c1       0x10 c:/program files (x86)/atollic/truestudio for stm32 9.0.1/armtools/bin/../lib/gcc/arm-atollic-eabi/6.3.1/../../../../arm-atollic-eabi/lib/armv7-m\libc.a(lib_a-svfprintf.o)
 .rodata._dtoa_r.str1.1
                0x0800a0d1        0xd c:/program files (x86)/atollic/truestudio for stm32 9.0.1/armtools/bin/../lib/gcc/arm-atollic-eabi/6.3.1/../../../../arm-atollic-eabi/lib/armv7-m\libc.a(lib_a-dtoa.o)
                                  0xf (size before relaxing)
 *fill*         0x0800a0de        0x2 
 .rodata.__mprec_bigtens
                0x0800a0e0       0x28 c:/program files (x86)/atollic/truestudio for stm32 9.0.1/armtools/bin/../lib/gcc/arm-atollic-eabi/6.3.1/../../../../arm-atollic-eabi/lib/armv7-m\libc.a(lib_a-mprec.o)
                0x0800a0e0                __mprec_bigtens
 .rodata.__mprec_tens
                0x0800a108       0xc8 c:/program files (x86)/atollic/truestudio for stm32 9.0.1/armtools/bin/../lib/gcc/arm-atollic-eabi/6.3.1/../../../../arm-atollic-eabi/lib/armv7-m\libc.a(lib_a-mprec.o)
                0x0800a108                __mprec_tens
 .rodata.p05.6073
                0x0800a1d0        0xc c:/program files (x86)/atollic/truestudio for stm32 9.0.1/armtools/bin/../lib/gcc/arm-atollic-eabi/6.3.1/../../../../arm-atollic-eabi/lib/armv7-m\libc.a(lib_a-mprec.o)
 .rodata._setlocale_r.str1.1
                0x0800a1dc        0x8 c:/program files (x86)/atollic/truestudio for stm32 9.0.1/armtools/bin/../lib/gcc/arm-atollic-eabi/6.3.1/../../../../arm-atollic-eabi/lib/armv7-m\libc.a(lib_a-locale.o)
                                  0x9 (size before relaxing)
 .rodata.str1.1
                0x0800a1e4        0x8 c:/program files (x86)/atollic/truestudio for stm32 9.0.1/armtools/bin/../lib/gcc/arm-atollic-eabi/6.3.1/../../../../arm-atollic-eabi/lib/armv7-m\libc.a(lib_a-locale.o)
                                  0x2 (size before relaxing)
 .rodata._ctype_
                0x0800a1e4      0x101 c:/program files (x86)/atollic/truestudio for stm32 9.0.1/armtools/bin/../lib/gcc/arm-atollic-eabi/6.3.1/../../../../arm-atollic-eabi/lib/armv7-m\libc.a(lib_a-ctype_.o)
                0x0800a1e4                _ctype_
                0x0800a2e8                . = ALIGN (0x4)
 *fill*         0x0800a2e5        0x3 

.ARM.extab
 *(.ARM.extab* .gnu.linkonce.armextab.*)

.ARM            0x0800a2e8        0x8
                0x0800a2e8                __exidx_start = .
 *(.ARM.exidx*)
 .ARM.exidx     0x0800a2e8        0x8 c:/program files (x86)/atollic/truestudio for stm32 9.0.1/armtools/bin/../lib/gcc/arm-atollic-eabi/6.3.1/armv7-m\libgcc.a(_udivmoddi4.o)
                0x0800a2f0                __exidx_end = .

.rel.dyn        0x0800a2f0        0x0
 .rel.iplt      0x0800a2f0        0x0 c:/program files (x86)/atollic/truestudio for stm32 9.0.1/armtools/bin/../lib/gcc/arm-atollic-eabi/6.3.1/armv7-m/crtbegin.o

.preinit_array  0x0800a2f0        0x0
                0x0800a2f0                PROVIDE (__preinit_array_start, .)
 *(.preinit_array*)
                0x0800a2f0                PROVIDE (__preinit_array_end, .)

.init_array     0x0800a2f0        0x4
                0x0800a2f0                PROVIDE (__init_array_start, .)
 *(SORT(.init_array.*))
 *(.init_array*)
 .init_array    0x0800a2f0        0x4 c:/program files (x86)/atollic/truestudio for stm32 9.0.1/armtools/bin/../lib/gcc/arm-atollic-eabi/6.3.1/armv7-m/crtbegin.o
                0x0800a2f4                PROVIDE (__init_array_end, .)

.fini_array     0x0800a2f4        0x4
                [!provide]                PROVIDE (__fini_array_start, .)
 *(SORT(.fini_array.*))
 *(.fini_array*)
 .fini_array    0x0800a2f4        0x4 c:/program files (x86)/atollic/truestudio for stm32 9.0.1/armtools/bin/../lib/gcc/arm-atollic-eabi/6.3.1/armv7-m/crtbegin.o
                [!provide]                PROVIDE (__fini_array_end, .)
                0x0800a2f8                _sidata = LOADADDR (.data)

.data           0x20000000      0x694 load address 0x0800a2f8
                0x20000000                . = ALIGN (0x4)
                0x20000000                _sdata = .
 *(.data)
 *(.data*)
 .data.uwTickFreq
                0x20000000        0x1 Drivers\STM32F1xx_HAL_Driver\Src\stm32f1xx_hal.o
                0x20000000                uwTickFreq
 *fill*         0x20000001        0x3 
 .data.uwTickPrio
                0x20000004        0x4 Drivers\STM32F1xx_HAL_Driver\Src\stm32f1xx_hal.o
                0x20000004                uwTickPrio
 .data.SystemCoreClock
                0x20000008        0x4 Src\system_stm32f1xx.o
                0x20000008                SystemCoreClock
 .data.u8g_dev_sh1106_128x64_hw_spi
                0x2000000c        0xc Src\u8g\u8g_dev_ssd1306_128x64.o
                0x2000000c                u8g_dev_sh1106_128x64_hw_spi
 .data.u8g_dev_sh1106_128x64_hw_spi_pb
                0x20000018        0xc Src\u8g\u8g_dev_ssd1306_128x64.o
                0x20000018                u8g_dev_sh1106_128x64_hw_spi_pb
 .data._impure_ptr
                0x20000024        0x4 c:/program files (x86)/atollic/truestudio for stm32 9.0.1/armtools/bin/../lib/gcc/arm-atollic-eabi/6.3.1/../../../../arm-atollic-eabi/lib/armv7-m\libc.a(lib_a-impure.o)
                0x20000024                _impure_ptr
 .data.impure_data
                0x20000028       0xf0 c:/program files (x86)/atollic/truestudio for stm32 9.0.1/armtools/bin/../lib/gcc/arm-atollic-eabi/6.3.1/../../../../arm-atollic-eabi/lib/armv7-m\libc.a(lib_a-impure.o)
 .data.__malloc_av_
                0x20000118      0x408 c:/program files (x86)/atollic/truestudio for stm32 9.0.1/armtools/bin/../lib/gcc/arm-atollic-eabi/6.3.1/../../../../arm-atollic-eabi/lib/armv7-m\libc.a(lib_a-mallocr.o)
                0x20000118                __malloc_av_
 .data.__malloc_sbrk_base
                0x20000520        0x4 c:/program files (x86)/atollic/truestudio for stm32 9.0.1/armtools/bin/../lib/gcc/arm-atollic-eabi/6.3.1/../../../../arm-atollic-eabi/lib/armv7-m\libc.a(lib_a-mallocr.o)
                0x20000520                __malloc_sbrk_base
 .data.__malloc_trim_threshold
                0x20000524        0x4 c:/program files (x86)/atollic/truestudio for stm32 9.0.1/armtools/bin/../lib/gcc/arm-atollic-eabi/6.3.1/../../../../arm-atollic-eabi/lib/armv7-m\libc.a(lib_a-mallocr.o)
                0x20000524                __malloc_trim_threshold
 .data.__global_locale
                0x20000528      0x16c c:/program files (x86)/atollic/truestudio for stm32 9.0.1/armtools/bin/../lib/gcc/arm-atollic-eabi/6.3.1/../../../../arm-atollic-eabi/lib/armv7-m\libc.a(lib_a-locale.o)
                0x20000528                __global_locale
                0x20000694                . = ALIGN (0x4)
                0x20000694                _edata = .

.igot.plt       0x20000694        0x0 load address 0x0800a98c
 .igot.plt      0x20000694        0x0 c:/program files (x86)/atollic/truestudio for stm32 9.0.1/armtools/bin/../lib/gcc/arm-atollic-eabi/6.3.1/armv7-m/crtbegin.o
                0x20000694                . = ALIGN (0x4)

.bss            0x20000698      0x2e0 load address 0x0800a98c
                0x20000698                _sbss = .
                0x20000698                __bss_start__ = _sbss
 *(.bss)
 .bss           0x20000698       0x1c c:/program files (x86)/atollic/truestudio for stm32 9.0.1/armtools/bin/../lib/gcc/arm-atollic-eabi/6.3.1/armv7-m/crtbegin.o
 *(.bss*)
 .bss.count     0x200006b4        0x1 Src\main.o
                0x200006b4                count
 .bss.u8g_dev_sh1106_128x64_hw_spi_buf
                0x200006b5       0x80 Src\u8g\u8g_dev_ssd1306_128x64.o
                0x200006b5                u8g_dev_sh1106_128x64_hw_spi_buf
 *fill*         0x20000735        0x3 
 .bss.__malloc_current_mallinfo
                0x20000738       0x28 c:/program files (x86)/atollic/truestudio for stm32 9.0.1/armtools/bin/../lib/gcc/arm-atollic-eabi/6.3.1/../../../../arm-atollic-eabi/lib/armv7-m\libc.a(lib_a-mallocr.o)
                0x20000738                __malloc_current_mallinfo
 .bss.__malloc_max_sbrked_mem
                0x20000760        0x4 c:/program files (x86)/atollic/truestudio for stm32 9.0.1/armtools/bin/../lib/gcc/arm-atollic-eabi/6.3.1/../../../../arm-atollic-eabi/lib/armv7-m\libc.a(lib_a-mallocr.o)
                0x20000760                __malloc_max_sbrked_mem
 .bss.__malloc_max_total_mem
                0x20000764        0x4 c:/program files (x86)/atollic/truestudio for stm32 9.0.1/armtools/bin/../lib/gcc/arm-atollic-eabi/6.3.1/../../../../arm-atollic-eabi/lib/armv7-m\libc.a(lib_a-mallocr.o)
                0x20000764                __malloc_max_total_mem
 .bss.__malloc_top_pad
                0x20000768        0x4 c:/program files (x86)/atollic/truestudio for stm32 9.0.1/armtools/bin/../lib/gcc/arm-atollic-eabi/6.3.1/../../../../arm-atollic-eabi/lib/armv7-m\libc.a(lib_a-mallocr.o)
                0x20000768                __malloc_top_pad
 .bss.heap_end.4116
                0x2000076c        0x4 c:/program files (x86)/atollic/truestudio for stm32 9.0.1/armtools/bin/../lib/gcc/arm-atollic-eabi/6.3.1/../../../../arm-atollic-eabi/lib/armv7-m\libnosys.a(sbrk.o)
 *(COMMON)
 COMMON         0x20000770        0x4 Drivers\STM32F1xx_HAL_Driver\Src\stm32f1xx_hal.o
                0x20000770                uwTick
 *fill*         0x20000774        0x4 
 COMMON         0x20000778      0x1f2 Src\main.o
                0x20000778                humi
                0x2000077c                u8g
                0x200007b8                hi2c1
                0x2000080c                temp
                0x20000810                htim3
                0x20000850                Fhumi
                0x20000858                Rx_I2C_Data
                0x20000860                Ftemp
                0x20000868                prtData2
                0x2000087c                hspi1
                0x200008d4                htim2
                0x20000914                huart2
                0x20000954                Tx_I2C_Data
                0x20000956                prtData1
 COMMON         0x2000096a        0x9 c:/program files (x86)/atollic/truestudio for stm32 9.0.1/armtools/bin/../lib/gcc/arm-atollic-eabi/6.3.1/../../../../arm-atollic-eabi/lib/armv7-m\libc.a(lib_a-lock.o)
                0x2000096a                __lock___atexit_recursive_mutex
                0x2000096b                __lock___arc4random_mutex
                0x2000096c                __lock___env_recursive_mutex
                0x2000096d                __lock___sinit_recursive_mutex
                0x2000096e                __lock___malloc_recursive_mutex
                0x2000096f                __lock___at_quick_exit_mutex
                0x20000970                __lock___dd_hash_mutex
                0x20000971                __lock___tz_mutex
                0x20000972                __lock___sfp_recursive_mutex
 *fill*         0x20000973        0x1 
 COMMON         0x20000974        0x4 c:/program files (x86)/atollic/truestudio for stm32 9.0.1/armtools/bin/../lib/gcc/arm-atollic-eabi/6.3.1/../../../../arm-atollic-eabi/lib/armv7-m\libc.a(lib_a-reent.o)
                0x20000974                errno
                0x20000978                . = ALIGN (0x4)
                0x20000978                _ebss = .
                0x20000978                __bss_end__ = _ebss

._user_heap_stack
                0x20000978      0x600 load address 0x0800a98c
                0x20000978                . = ALIGN (0x4)
                0x20000978                PROVIDE (end, .)
                [!provide]                PROVIDE (_end, .)
                0x20000b78                . = (. + _Min_Heap_Size)
 *fill*         0x20000978      0x200 
                0x20000f78                . = (. + _Min_Stack_Size)
 *fill*         0x20000b78      0x400 
                0x20000f78                . = ALIGN (0x4)

/DISCARD/
 libc.a(*)
 libm.a(*)
 libgcc.a(*)

.ARM.attributes
                0x00000000       0x29
 *(.ARM.attributes)
 .ARM.attributes
                0x00000000       0x1d c:/program files (x86)/atollic/truestudio for stm32 9.0.1/armtools/bin/../lib/gcc/arm-atollic-eabi/6.3.1/armv7-m/crti.o
 .ARM.attributes
                0x0000001d       0x2d c:/program files (x86)/atollic/truestudio for stm32 9.0.1/armtools/bin/../lib/gcc/arm-atollic-eabi/6.3.1/armv7-m/crtbegin.o
 .ARM.attributes
                0x0000004a       0x33 Drivers\STM32F1xx_HAL_Driver\Src\stm32f1xx_hal.o
 .ARM.attributes
                0x0000007d       0x33 Drivers\STM32F1xx_HAL_Driver\Src\stm32f1xx_hal_cortex.o
 .ARM.attributes
                0x000000b0       0x33 Drivers\STM32F1xx_HAL_Driver\Src\stm32f1xx_hal_gpio.o
 .ARM.attributes
                0x000000e3       0x33 Drivers\STM32F1xx_HAL_Driver\Src\stm32f1xx_hal_i2c.o
 .ARM.attributes
                0x00000116       0x33 Drivers\STM32F1xx_HAL_Driver\Src\stm32f1xx_hal_rcc.o
 .ARM.attributes
                0x00000149       0x33 Drivers\STM32F1xx_HAL_Driver\Src\stm32f1xx_hal_spi.o
 .ARM.attributes
                0x0000017c       0x33 Drivers\STM32F1xx_HAL_Driver\Src\stm32f1xx_hal_spi_ex.o
 .ARM.attributes
                0x000001af       0x33 Drivers\STM32F1xx_HAL_Driver\Src\stm32f1xx_hal_tim.o
 .ARM.attributes
                0x000001e2       0x33 Drivers\STM32F1xx_HAL_Driver\Src\stm32f1xx_hal_tim_ex.o
 .ARM.attributes
                0x00000215       0x33 Drivers\STM32F1xx_HAL_Driver\Src\stm32f1xx_hal_uart.o
 .ARM.attributes
                0x00000248       0x33 Src\main.o
 .ARM.attributes
                0x0000027b       0x33 Src\stm32f1xx_hal_msp.o
 .ARM.attributes
                0x000002ae       0x33 Src\stm32f1xx_it.o
 .ARM.attributes
                0x000002e1       0x33 Src\system_stm32f1xx.o
 .ARM.attributes
                0x00000314       0x33 Src\u8g\u8g_arm.o
 .ARM.attributes
                0x00000347       0x33 Src\u8g\u8g_clip.o
 .ARM.attributes
                0x0000037a       0x33 Src\u8g\u8g_com_api.o
 .ARM.attributes
                0x000003ad       0x33 Src\u8g\u8g_com_null.o
 .ARM.attributes
                0x000003e0       0x33 Src\u8g\u8g_dev_ssd1306_128x64.o
 .ARM.attributes
                0x00000413       0x33 Src\u8g\u8g_font.o
 .ARM.attributes
                0x00000446       0x33 Src\u8g\u8g_font_data.o
 .ARM.attributes
                0x00000479       0x33 Src\u8g\u8g_ll_api.o
 .ARM.attributes
                0x000004ac       0x33 Src\u8g\u8g_page.o
 .ARM.attributes
                0x000004df       0x33 Src\u8g\u8g_pb.o
 .ARM.attributes
                0x00000512       0x33 Src\u8g\u8g_pb8v1.o
 .ARM.attributes
                0x00000545       0x33 Src\u8g\u8g_state.o
 .ARM.attributes
                0x00000578       0x33 Src\userDelay.o
 .ARM.attributes
                0x000005ab       0x21 startup\startup_stm32f103xb.o
 .ARM.attributes
                0x000005cc       0x2d c:/program files (x86)/atollic/truestudio for stm32 9.0.1/armtools/bin/../lib/gcc/arm-atollic-eabi/6.3.1/../../../../arm-atollic-eabi/lib/armv7-m\libc.a(lib_a-init.o)
 .ARM.attributes
                0x000005f9       0x2d c:/program files (x86)/atollic/truestudio for stm32 9.0.1/armtools/bin/../lib/gcc/arm-atollic-eabi/6.3.1/../../../../arm-atollic-eabi/lib/armv7-m\libc.a(lib_a-memset.o)
 .ARM.attributes
                0x00000626       0x2d c:/program files (x86)/atollic/truestudio for stm32 9.0.1/armtools/bin/../lib/gcc/arm-atollic-eabi/6.3.1/../../../../arm-atollic-eabi/lib/armv7-m\libc.a(lib_a-sprintf.o)
 .ARM.attributes
                0x00000653       0x17 c:/program files (x86)/atollic/truestudio for stm32 9.0.1/armtools/bin/../lib/gcc/arm-atollic-eabi/6.3.1/../../../../arm-atollic-eabi/lib/armv7-m\libc.a(lib_a-strlen.o)
 .ARM.attributes
                0x0000066a       0x2d c:/program files (x86)/atollic/truestudio for stm32 9.0.1/armtools/bin/../lib/gcc/arm-atollic-eabi/6.3.1/../../../../arm-atollic-eabi/lib/armv7-m\libc.a(lib_a-svfprintf.o)
 .ARM.attributes
                0x00000697       0x2d c:/program files (x86)/atollic/truestudio for stm32 9.0.1/armtools/bin/../lib/gcc/arm-atollic-eabi/6.3.1/../../../../arm-atollic-eabi/lib/armv7-m\libc.a(lib_a-dtoa.o)
 .ARM.attributes
                0x000006c4       0x2d c:/program files (x86)/atollic/truestudio for stm32 9.0.1/armtools/bin/../lib/gcc/arm-atollic-eabi/6.3.1/../../../../arm-atollic-eabi/lib/armv7-m\libc.a(lib_a-impure.o)
 .ARM.attributes
                0x000006f1       0x2d c:/program files (x86)/atollic/truestudio for stm32 9.0.1/armtools/bin/../lib/gcc/arm-atollic-eabi/6.3.1/../../../../arm-atollic-eabi/lib/armv7-m\libc.a(lib_a-localeconv.o)
 .ARM.attributes
                0x0000071e       0x2d c:/program files (x86)/atollic/truestudio for stm32 9.0.1/armtools/bin/../lib/gcc/arm-atollic-eabi/6.3.1/../../../../arm-atollic-eabi/lib/armv7-m\libc.a(lib_a-malloc.o)
 .ARM.attributes
                0x0000074b       0x2d c:/program files (x86)/atollic/truestudio for stm32 9.0.1/armtools/bin/../lib/gcc/arm-atollic-eabi/6.3.1/../../../../arm-atollic-eabi/lib/armv7-m\libc.a(lib_a-mallocr.o)
 .ARM.attributes
                0x00000778       0x2d c:/program files (x86)/atollic/truestudio for stm32 9.0.1/armtools/bin/../lib/gcc/arm-atollic-eabi/6.3.1/../../../../arm-atollic-eabi/lib/armv7-m\libc.a(lib_a-memchr-stub.o)
 .ARM.attributes
                0x000007a5       0x2d c:/program files (x86)/atollic/truestudio for stm32 9.0.1/armtools/bin/../lib/gcc/arm-atollic-eabi/6.3.1/../../../../arm-atollic-eabi/lib/armv7-m\libc.a(lib_a-memcpy-stub.o)
 .ARM.attributes
                0x000007d2       0x2d c:/program files (x86)/atollic/truestudio for stm32 9.0.1/armtools/bin/../lib/gcc/arm-atollic-eabi/6.3.1/../../../../arm-atollic-eabi/lib/armv7-m\libc.a(lib_a-mlock.o)
 .ARM.attributes
                0x000007ff       0x2d c:/program files (x86)/atollic/truestudio for stm32 9.0.1/armtools/bin/../lib/gcc/arm-atollic-eabi/6.3.1/../../../../arm-atollic-eabi/lib/armv7-m\libc.a(lib_a-mprec.o)
 .ARM.attributes
                0x0000082c       0x2d c:/program files (x86)/atollic/truestudio for stm32 9.0.1/armtools/bin/../lib/gcc/arm-atollic-eabi/6.3.1/../../../../arm-atollic-eabi/lib/armv7-m\libc.a(lib_a-sbrkr.o)
 .ARM.attributes
                0x00000859       0x2d c:/program files (x86)/atollic/truestudio for stm32 9.0.1/armtools/bin/../lib/gcc/arm-atollic-eabi/6.3.1/../../../../arm-atollic-eabi/lib/armv7-m\libc.a(lib_a-svfiprintf.o)
 .ARM.attributes
                0x00000886       0x2d c:/program files (x86)/atollic/truestudio for stm32 9.0.1/armtools/bin/../lib/gcc/arm-atollic-eabi/6.3.1/../../../../arm-atollic-eabi/lib/armv7-m\libc.a(lib_a-callocr.o)
 .ARM.attributes
                0x000008b3       0x2d c:/program files (x86)/atollic/truestudio for stm32 9.0.1/armtools/bin/../lib/gcc/arm-atollic-eabi/6.3.1/../../../../arm-atollic-eabi/lib/armv7-m\libc.a(lib_a-freer.o)
 .ARM.attributes
                0x000008e0       0x2d c:/program files (x86)/atollic/truestudio for stm32 9.0.1/armtools/bin/../lib/gcc/arm-atollic-eabi/6.3.1/../../../../arm-atollic-eabi/lib/armv7-m\libc.a(lib_a-locale.o)
 .ARM.attributes
                0x0000090d       0x2d c:/program files (x86)/atollic/truestudio for stm32 9.0.1/armtools/bin/../lib/gcc/arm-atollic-eabi/6.3.1/../../../../arm-atollic-eabi/lib/armv7-m\libc.a(lib_a-lock.o)
 .ARM.attributes
                0x0000093a       0x2d c:/program files (x86)/atollic/truestudio for stm32 9.0.1/armtools/bin/../lib/gcc/arm-atollic-eabi/6.3.1/../../../../arm-atollic-eabi/lib/armv7-m\libc.a(lib_a-mbtowc_r.o)
 .ARM.attributes
                0x00000967       0x2d c:/program files (x86)/atollic/truestudio for stm32 9.0.1/armtools/bin/../lib/gcc/arm-atollic-eabi/6.3.1/../../../../arm-atollic-eabi/lib/armv7-m\libc.a(lib_a-memmove.o)
 .ARM.attributes
                0x00000994       0x2d c:/program files (x86)/atollic/truestudio for stm32 9.0.1/armtools/bin/../lib/gcc/arm-atollic-eabi/6.3.1/../../../../arm-atollic-eabi/lib/armv7-m\libc.a(lib_a-reallocr.o)
 .ARM.attributes
                0x000009c1       0x2d c:/program files (x86)/atollic/truestudio for stm32 9.0.1/armtools/bin/../lib/gcc/arm-atollic-eabi/6.3.1/../../../../arm-atollic-eabi/lib/armv7-m\libc.a(lib_a-reent.o)
 .ARM.attributes
                0x000009ee       0x2d c:/program files (x86)/atollic/truestudio for stm32 9.0.1/armtools/bin/../lib/gcc/arm-atollic-eabi/6.3.1/../../../../arm-atollic-eabi/lib/armv7-m\libc.a(lib_a-wctomb_r.o)
 .ARM.attributes
                0x00000a1b       0x2d c:/program files (x86)/atollic/truestudio for stm32 9.0.1/armtools/bin/../lib/gcc/arm-atollic-eabi/6.3.1/../../../../arm-atollic-eabi/lib/armv7-m\libc.a(lib_a-ctype_.o)
 .ARM.attributes
                0x00000a48       0x1d c:/program files (x86)/atollic/truestudio for stm32 9.0.1/armtools/bin/../lib/gcc/arm-atollic-eabi/6.3.1/armv7-m\libgcc.a(_arm_addsubdf3.o)
 .ARM.attributes
                0x00000a65       0x1d c:/program files (x86)/atollic/truestudio for stm32 9.0.1/armtools/bin/../lib/gcc/arm-atollic-eabi/6.3.1/armv7-m\libgcc.a(_arm_muldivdf3.o)
 .ARM.attributes
                0x00000a82       0x1d c:/program files (x86)/atollic/truestudio for stm32 9.0.1/armtools/bin/../lib/gcc/arm-atollic-eabi/6.3.1/armv7-m\libgcc.a(_arm_cmpdf2.o)
 .ARM.attributes
                0x00000a9f       0x1d c:/program files (x86)/atollic/truestudio for stm32 9.0.1/armtools/bin/../lib/gcc/arm-atollic-eabi/6.3.1/armv7-m\libgcc.a(_arm_unorddf2.o)
 .ARM.attributes
                0x00000abc       0x1d c:/program files (x86)/atollic/truestudio for stm32 9.0.1/armtools/bin/../lib/gcc/arm-atollic-eabi/6.3.1/armv7-m\libgcc.a(_arm_fixdfsi.o)
 .ARM.attributes
                0x00000ad9       0x1d c:/program files (x86)/atollic/truestudio for stm32 9.0.1/armtools/bin/../lib/gcc/arm-atollic-eabi/6.3.1/armv7-m\libgcc.a(_aeabi_uldivmod.o)
 .ARM.attributes
                0x00000af6       0x2d c:/program files (x86)/atollic/truestudio for stm32 9.0.1/armtools/bin/../lib/gcc/arm-atollic-eabi/6.3.1/armv7-m\libgcc.a(_udivmoddi4.o)
 .ARM.attributes
                0x00000b23       0x1d c:/program files (x86)/atollic/truestudio for stm32 9.0.1/armtools/bin/../lib/gcc/arm-atollic-eabi/6.3.1/armv7-m\libgcc.a(_dvmd_tls.o)
 .ARM.attributes
                0x00000b40       0x2d c:/program files (x86)/atollic/truestudio for stm32 9.0.1/armtools/bin/../lib/gcc/arm-atollic-eabi/6.3.1/../../../../arm-atollic-eabi/lib/armv7-m\libnosys.a(sbrk.o)
 .ARM.attributes
                0x00000b6d       0x1d c:/program files (x86)/atollic/truestudio for stm32 9.0.1/armtools/bin/../lib/gcc/arm-atollic-eabi/6.3.1/armv7-m/crtn.o
OUTPUT(STM32F103_BLACK_Tgl.elf elf32-littlearm)

.debug_info     0x00000000    0x39bb5
 .debug_info    0x00000000      0xfba Drivers\STM32F1xx_HAL_Driver\Src\stm32f1xx_hal.o
 .debug_info    0x00000fba     0x1463 Drivers\STM32F1xx_HAL_Driver\Src\stm32f1xx_hal_cortex.o
 .debug_info    0x0000241d      0xe7c Drivers\STM32F1xx_HAL_Driver\Src\stm32f1xx_hal_gpio.o
 .debug_info    0x00003299     0x38a4 Drivers\STM32F1xx_HAL_Driver\Src\stm32f1xx_hal_i2c.o
 .debug_info    0x00006b3d     0x11f7 Drivers\STM32F1xx_HAL_Driver\Src\stm32f1xx_hal_rcc.o
 .debug_info    0x00007d34     0x2318 Drivers\STM32F1xx_HAL_Driver\Src\stm32f1xx_hal_spi.o
 .debug_info    0x0000a04c      0xe1b Drivers\STM32F1xx_HAL_Driver\Src\stm32f1xx_hal_spi_ex.o
 .debug_info    0x0000ae67     0x3b73 Drivers\STM32F1xx_HAL_Driver\Src\stm32f1xx_hal_tim.o
 .debug_info    0x0000e9da     0x1943 Drivers\STM32F1xx_HAL_Driver\Src\stm32f1xx_hal_tim_ex.o
 .debug_info    0x0001031d     0x1e00 Drivers\STM32F1xx_HAL_Driver\Src\stm32f1xx_hal_uart.o
 .debug_info    0x0001211d     0x41bb Src\main.o
 .debug_info    0x000162d8     0x1bdd Src\stm32f1xx_hal_msp.o
 .debug_info    0x00017eb5      0xebb Src\stm32f1xx_it.o
 .debug_info    0x00018d70      0xc07 Src\system_stm32f1xx.o
 .debug_info    0x00019977     0x2fd9 Src\u8g\u8g_arm.o
 .debug_info    0x0001c950     0x2113 Src\u8g\u8g_clip.o
 .debug_info    0x0001ea63     0x2487 Src\u8g\u8g_com_api.o
 .debug_info    0x00020eea     0x2058 Src\u8g\u8g_com_null.o
 .debug_info    0x00022f42     0x2d38 Src\u8g\u8g_dev_ssd1306_128x64.o
 .debug_info    0x00025c7a     0x455d Src\u8g\u8g_font.o
 .debug_info    0x0002a1d7     0x36c4 Src\u8g\u8g_font_data.o
 .debug_info    0x0002d89b     0x303a Src\u8g\u8g_ll_api.o
 .debug_info    0x000308d5     0x210c Src\u8g\u8g_page.o
 .debug_info    0x000329e1     0x23d0 Src\u8g\u8g_pb.o
 .debug_info    0x00034db1     0x2bfb Src\u8g\u8g_pb8v1.o
 .debug_info    0x000379ac     0x2095 Src\u8g\u8g_state.o
 .debug_info    0x00039a41       0xe6 Src\userDelay.o
 .debug_info    0x00039b27       0x8e startup\startup_stm32f103xb.o

.debug_abbrev   0x00000000     0x43d8
 .debug_abbrev  0x00000000      0x308 Drivers\STM32F1xx_HAL_Driver\Src\stm32f1xx_hal.o
 .debug_abbrev  0x00000308      0x399 Drivers\STM32F1xx_HAL_Driver\Src\stm32f1xx_hal_cortex.o
 .debug_abbrev  0x000006a1      0x268 Drivers\STM32F1xx_HAL_Driver\Src\stm32f1xx_hal_gpio.o
 .debug_abbrev  0x00000909      0x3c1 Drivers\STM32F1xx_HAL_Driver\Src\stm32f1xx_hal_i2c.o
 .debug_abbrev  0x00000cca      0x367 Drivers\STM32F1xx_HAL_Driver\Src\stm32f1xx_hal_rcc.o
 .debug_abbrev  0x00001031      0x39b Drivers\STM32F1xx_HAL_Driver\Src\stm32f1xx_hal_spi.o
 .debug_abbrev  0x000013cc      0x1d8 Drivers\STM32F1xx_HAL_Driver\Src\stm32f1xx_hal_spi_ex.o
 .debug_abbrev  0x000015a4      0x3bb Drivers\STM32F1xx_HAL_Driver\Src\stm32f1xx_hal_tim.o
 .debug_abbrev  0x0000195f      0x30d Drivers\STM32F1xx_HAL_Driver\Src\stm32f1xx_hal_tim_ex.o
 .debug_abbrev  0x00001c6c      0x364 Drivers\STM32F1xx_HAL_Driver\Src\stm32f1xx_hal_uart.o
 .debug_abbrev  0x00001fd0      0x361 Src\main.o
 .debug_abbrev  0x00002331      0x28e Src\stm32f1xx_hal_msp.o
 .debug_abbrev  0x000025bf      0x220 Src\stm32f1xx_it.o
 .debug_abbrev  0x000027df      0x1eb Src\system_stm32f1xx.o
 .debug_abbrev  0x000029ca      0x24b Src\u8g\u8g_arm.o
 .debug_abbrev  0x00002c15      0x188 Src\u8g\u8g_clip.o
 .debug_abbrev  0x00002d9d      0x195 Src\u8g\u8g_com_api.o
 .debug_abbrev  0x00002f32      0x138 Src\u8g\u8g_com_null.o
 .debug_abbrev  0x0000306a      0x1fa Src\u8g\u8g_dev_ssd1306_128x64.o
 .debug_abbrev  0x00003264      0x459 Src\u8g\u8g_font.o
 .debug_abbrev  0x000036bd      0x13f Src\u8g\u8g_font_data.o
 .debug_abbrev  0x000037fc      0x389 Src\u8g\u8g_ll_api.o
 .debug_abbrev  0x00003b85      0x1a4 Src\u8g\u8g_page.o
 .debug_abbrev  0x00003d29      0x231 Src\u8g\u8g_pb.o
 .debug_abbrev  0x00003f5a      0x240 Src\u8g\u8g_pb8v1.o
 .debug_abbrev  0x0000419a      0x18e Src\u8g\u8g_state.o
 .debug_abbrev  0x00004328       0x9e Src\userDelay.o
 .debug_abbrev  0x000043c6       0x12 startup\startup_stm32f103xb.o

.debug_loc      0x00000000     0xf097
 .debug_loc     0x00000000      0x11b Drivers\STM32F1xx_HAL_Driver\Src\stm32f1xx_hal.o
 .debug_loc     0x0000011b      0x46b Drivers\STM32F1xx_HAL_Driver\Src\stm32f1xx_hal_cortex.o
 .debug_loc     0x00000586      0x36a Drivers\STM32F1xx_HAL_Driver\Src\stm32f1xx_hal_gpio.o
 .debug_loc     0x000008f0     0x2bdf Drivers\STM32F1xx_HAL_Driver\Src\stm32f1xx_hal_i2c.o
 .debug_loc     0x000034cf      0x4c3 Drivers\STM32F1xx_HAL_Driver\Src\stm32f1xx_hal_rcc.o
 .debug_loc     0x00003992     0x1525 Drivers\STM32F1xx_HAL_Driver\Src\stm32f1xx_hal_spi.o
 .debug_loc     0x00004eb7       0x34 Drivers\STM32F1xx_HAL_Driver\Src\stm32f1xx_hal_spi_ex.o
 .debug_loc     0x00004eeb     0x300c Drivers\STM32F1xx_HAL_Driver\Src\stm32f1xx_hal_tim.o
 .debug_loc     0x00007ef7      0x822 Drivers\STM32F1xx_HAL_Driver\Src\stm32f1xx_hal_tim_ex.o
 .debug_loc     0x00008719     0x1311 Drivers\STM32F1xx_HAL_Driver\Src\stm32f1xx_hal_uart.o
 .debug_loc     0x00009a2a       0x53 Src\main.o
 .debug_loc     0x00009a7d      0x166 Src\stm32f1xx_hal_msp.o
 .debug_loc     0x00009be3       0xcd Src\system_stm32f1xx.o
 .debug_loc     0x00009cb0      0x184 Src\u8g\u8g_arm.o
 .debug_loc     0x00009e34      0x209 Src\u8g\u8g_clip.o
 .debug_loc     0x0000a03d      0x47f Src\u8g\u8g_com_api.o
 .debug_loc     0x0000a4bc       0x21 Src\u8g\u8g_com_null.o
 .debug_loc     0x0000a4dd      0x77b Src\u8g\u8g_dev_ssd1306_128x64.o
 .debug_loc     0x0000ac58     0x2895 Src\u8g\u8g_font.o
 .debug_loc     0x0000d4ed     0x10a5 Src\u8g\u8g_ll_api.o
 .debug_loc     0x0000e592       0xa7 Src\u8g\u8g_page.o
 .debug_loc     0x0000e639      0x4aa Src\u8g\u8g_pb.o
 .debug_loc     0x0000eae3      0x4f3 Src\u8g\u8g_pb8v1.o
 .debug_loc     0x0000efd6       0x42 Src\u8g\u8g_state.o
 .debug_loc     0x0000f018       0x7f Src\userDelay.o

.debug_aranges  0x00000000     0x1130
 .debug_aranges
                0x00000000       0xc8 Drivers\STM32F1xx_HAL_Driver\Src\stm32f1xx_hal.o
 .debug_aranges
                0x000000c8       0x90 Drivers\STM32F1xx_HAL_Driver\Src\stm32f1xx_hal_cortex.o
 .debug_aranges
                0x00000158       0x58 Drivers\STM32F1xx_HAL_Driver\Src\stm32f1xx_hal_gpio.o
 .debug_aranges
                0x000001b0      0x190 Drivers\STM32F1xx_HAL_Driver\Src\stm32f1xx_hal_i2c.o
 .debug_aranges
                0x00000340       0x88 Drivers\STM32F1xx_HAL_Driver\Src\stm32f1xx_hal_rcc.o
 .debug_aranges
                0x000003c8      0x188 Drivers\STM32F1xx_HAL_Driver\Src\stm32f1xx_hal_spi.o
 .debug_aranges
                0x00000550       0x20 Drivers\STM32F1xx_HAL_Driver\Src\stm32f1xx_hal_spi_ex.o
 .debug_aranges
                0x00000570      0x250 Drivers\STM32F1xx_HAL_Driver\Src\stm32f1xx_hal_tim.o
 .debug_aranges
                0x000007c0       0xe8 Drivers\STM32F1xx_HAL_Driver\Src\stm32f1xx_hal_tim_ex.o
 .debug_aranges
                0x000008a8      0x170 Drivers\STM32F1xx_HAL_Driver\Src\stm32f1xx_hal_uart.o
 .debug_aranges
                0x00000a18       0x38 Src\main.o
 .debug_aranges
                0x00000a50       0x60 Src\stm32f1xx_hal_msp.o
 .debug_aranges
                0x00000ab0       0x58 Src\stm32f1xx_it.o
 .debug_aranges
                0x00000b08       0x28 Src\system_stm32f1xx.o
 .debug_aranges
                0x00000b30       0x38 Src\u8g\u8g_arm.o
 .debug_aranges
                0x00000b68       0x20 Src\u8g\u8g_clip.o
 .debug_aranges
                0x00000b88       0x68 Src\u8g\u8g_com_api.o
 .debug_aranges
                0x00000bf0       0x20 Src\u8g\u8g_com_null.o
 .debug_aranges
                0x00000c10       0x40 Src\u8g\u8g_dev_ssd1306_128x64.o
 .debug_aranges
                0x00000c50      0x250 Src\u8g\u8g_font.o
 .debug_aranges
                0x00000ea0       0x18 Src\u8g\u8g_font_data.o
 .debug_aranges
                0x00000eb8      0x138 Src\u8g\u8g_ll_api.o
 .debug_aranges
                0x00000ff0       0x30 Src\u8g\u8g_page.o
 .debug_aranges
                0x00001020       0x50 Src\u8g\u8g_pb.o
 .debug_aranges
                0x00001070       0x48 Src\u8g\u8g_pb8v1.o
 .debug_aranges
                0x000010b8       0x28 Src\u8g\u8g_state.o
 .debug_aranges
                0x000010e0       0x28 Src\userDelay.o
 .debug_aranges
                0x00001108       0x28 startup\startup_stm32f103xb.o

.debug_ranges   0x00000000     0x1888
 .debug_ranges  0x00000000       0xb8 Drivers\STM32F1xx_HAL_Driver\Src\stm32f1xx_hal.o
 .debug_ranges  0x000000b8      0x128 Drivers\STM32F1xx_HAL_Driver\Src\stm32f1xx_hal_cortex.o
 .debug_ranges  0x000001e0       0x60 Drivers\STM32F1xx_HAL_Driver\Src\stm32f1xx_hal_gpio.o
 .debug_ranges  0x00000240      0x438 Drivers\STM32F1xx_HAL_Driver\Src\stm32f1xx_hal_i2c.o
 .debug_ranges  0x00000678       0xa0 Drivers\STM32F1xx_HAL_Driver\Src\stm32f1xx_hal_rcc.o
 .debug_ranges  0x00000718      0x1d8 Drivers\STM32F1xx_HAL_Driver\Src\stm32f1xx_hal_spi.o
 .debug_ranges  0x000008f0       0x10 Drivers\STM32F1xx_HAL_Driver\Src\stm32f1xx_hal_spi_ex.o
 .debug_ranges  0x00000900      0x340 Drivers\STM32F1xx_HAL_Driver\Src\stm32f1xx_hal_tim.o
 .debug_ranges  0x00000c40       0xd8 Drivers\STM32F1xx_HAL_Driver\Src\stm32f1xx_hal_tim_ex.o
 .debug_ranges  0x00000d18      0x190 Drivers\STM32F1xx_HAL_Driver\Src\stm32f1xx_hal_uart.o
 .debug_ranges  0x00000ea8       0xb8 Src\main.o
 .debug_ranges  0x00000f60      0x100 Src\stm32f1xx_hal_msp.o
 .debug_ranges  0x00001060       0x48 Src\stm32f1xx_it.o
 .debug_ranges  0x000010a8       0x18 Src\system_stm32f1xx.o
 .debug_ranges  0x000010c0       0x28 Src\u8g\u8g_arm.o
 .debug_ranges  0x000010e8       0x68 Src\u8g\u8g_clip.o
 .debug_ranges  0x00001150       0x58 Src\u8g\u8g_com_api.o
 .debug_ranges  0x000011a8       0x10 Src\u8g\u8g_com_null.o
 .debug_ranges  0x000011b8       0x30 Src\u8g\u8g_dev_ssd1306_128x64.o
 .debug_ranges  0x000011e8      0x408 Src\u8g\u8g_font.o
 .debug_ranges  0x000015f0      0x188 Src\u8g\u8g_ll_api.o
 .debug_ranges  0x00001778       0x20 Src\u8g\u8g_page.o
 .debug_ranges  0x00001798       0x68 Src\u8g\u8g_pb.o
 .debug_ranges  0x00001800       0x38 Src\u8g\u8g_pb8v1.o
 .debug_ranges  0x00001838       0x18 Src\u8g\u8g_state.o
 .debug_ranges  0x00001850       0x18 Src\userDelay.o
 .debug_ranges  0x00001868       0x20 startup\startup_stm32f103xb.o

.debug_line     0x00000000     0x932c
 .debug_line    0x00000000      0x45f Drivers\STM32F1xx_HAL_Driver\Src\stm32f1xx_hal.o
 .debug_line    0x0000045f      0x432 Drivers\STM32F1xx_HAL_Driver\Src\stm32f1xx_hal_cortex.o
 .debug_line    0x00000891      0x44b Drivers\STM32F1xx_HAL_Driver\Src\stm32f1xx_hal_gpio.o
 .debug_line    0x00000cdc     0x1a8b Drivers\STM32F1xx_HAL_Driver\Src\stm32f1xx_hal_i2c.o
 .debug_line    0x00002767      0x633 Drivers\STM32F1xx_HAL_Driver\Src\stm32f1xx_hal_rcc.o
 .debug_line    0x00002d9a      0xbeb Drivers\STM32F1xx_HAL_Driver\Src\stm32f1xx_hal_spi.o
 .debug_line    0x00003985      0x2f2 Drivers\STM32F1xx_HAL_Driver\Src\stm32f1xx_hal_spi_ex.o
 .debug_line    0x00003c77     0x114c Drivers\STM32F1xx_HAL_Driver\Src\stm32f1xx_hal_tim.o
 .debug_line    0x00004dc3      0x6ee Drivers\STM32F1xx_HAL_Driver\Src\stm32f1xx_hal_tim_ex.o
 .debug_line    0x000054b1      0xc45 Drivers\STM32F1xx_HAL_Driver\Src\stm32f1xx_hal_uart.o
 .debug_line    0x000060f6      0x58f Src\main.o
 .debug_line    0x00006685      0x434 Src\stm32f1xx_hal_msp.o
 .debug_line    0x00006ab9      0x349 Src\stm32f1xx_it.o
 .debug_line    0x00006e02      0x288 Src\system_stm32f1xx.o
 .debug_line    0x0000708a      0x33f Src\u8g\u8g_arm.o
 .debug_line    0x000073c9      0x171 Src\u8g\u8g_clip.o
 .debug_line    0x0000753a      0x210 Src\u8g\u8g_com_api.o
 .debug_line    0x0000774a      0x141 Src\u8g\u8g_com_null.o
 .debug_line    0x0000788b      0x20e Src\u8g\u8g_dev_ssd1306_128x64.o
 .debug_line    0x00007a99      0x9e6 Src\u8g\u8g_font.o
 .debug_line    0x0000847f      0x130 Src\u8g\u8g_font_data.o
 .debug_line    0x000085af      0x480 Src\u8g\u8g_ll_api.o
 .debug_line    0x00008a2f      0x175 Src\u8g\u8g_page.o
 .debug_line    0x00008ba4      0x1f3 Src\u8g\u8g_pb.o
 .debug_line    0x00008d97      0x27e Src\u8g\u8g_pb8v1.o
 .debug_line    0x00009015      0x14d Src\u8g\u8g_state.o
 .debug_line    0x00009162      0x14d Src\userDelay.o
 .debug_line    0x000092af       0x7d startup\startup_stm32f103xb.o

.debug_str      0x00000000     0x8bad
 .debug_str     0x00000000      0xbc6 Drivers\STM32F1xx_HAL_Driver\Src\stm32f1xx_hal.o
                                0xc84 (size before relaxing)
 .debug_str     0x00000bc6      0x2e1 Drivers\STM32F1xx_HAL_Driver\Src\stm32f1xx_hal_cortex.o
                                0xd32 (size before relaxing)
 .debug_str     0x00000ea7      0x1cb Drivers\STM32F1xx_HAL_Driver\Src\stm32f1xx_hal_gpio.o
                                0x89f (size before relaxing)
 .debug_str     0x00001072      0xc39 Drivers\STM32F1xx_HAL_Driver\Src\stm32f1xx_hal_i2c.o
                               0x1335 (size before relaxing)
 .debug_str     0x00001cab      0x306 Drivers\STM32F1xx_HAL_Driver\Src\stm32f1xx_hal_rcc.o
                                0xa7d (size before relaxing)
 .debug_str     0x00001fb1      0x6a0 Drivers\STM32F1xx_HAL_Driver\Src\stm32f1xx_hal_spi.o
                                0xf72 (size before relaxing)
 .debug_str     0x00002651       0x3b Drivers\STM32F1xx_HAL_Driver\Src\stm32f1xx_hal_spi_ex.o
                                0xa5a (size before relaxing)
 .debug_str     0x0000268c      0xf0d Drivers\STM32F1xx_HAL_Driver\Src\stm32f1xx_hal_tim.o
                               0x17ce (size before relaxing)
 .debug_str     0x00003599      0x4f1 Drivers\STM32F1xx_HAL_Driver\Src\stm32f1xx_hal_tim_ex.o
                               0x1070 (size before relaxing)
 .debug_str     0x00003a8a      0x675 Drivers\STM32F1xx_HAL_Driver\Src\stm32f1xx_hal_uart.o
                                0xfe7 (size before relaxing)
 .debug_str     0x000040ff     0x368c Src\main.o
                               0x4d59 (size before relaxing)
 .debug_str     0x0000778b       0x25 Src\stm32f1xx_hal_msp.o
                               0x1432 (size before relaxing)
 .debug_str     0x000077b0       0xc6 Src\stm32f1xx_it.o
                                0xad2 (size before relaxing)
 .debug_str     0x00007876       0x4d Src\system_stm32f1xx.o
                                0x708 (size before relaxing)
 .debug_str     0x000078c3       0x6a Src\u8g\u8g_arm.o
                               0x404f (size before relaxing)
 .debug_str     0x0000792d       0x4e Src\u8g\u8g_clip.o
                               0x3790 (size before relaxing)
 .debug_str     0x0000797b       0xd8 Src\u8g\u8g_com_api.o
                               0x3832 (size before relaxing)
 .debug_str     0x00007a53       0x2a Src\u8g\u8g_com_null.o
                               0x377c (size before relaxing)
 .debug_str     0x00007a7d      0x53d Src\u8g\u8g_dev_ssd1306_128x64.o
                               0x3cf6 (size before relaxing)
 .debug_str     0x00007fba      0x745 Src\u8g\u8g_font.o
                               0x3ef4 (size before relaxing)
 .debug_str     0x000086ff       0x57 Src\u8g\u8g_font_data.o
                               0x3799 (size before relaxing)
 .debug_str     0x00008756      0x279 Src\u8g\u8g_ll_api.o
                               0x3a41 (size before relaxing)
 .debug_str     0x000089cf       0x41 Src\u8g\u8g_page.o
                               0x37c8 (size before relaxing)
 .debug_str     0x00008a10       0xa9 Src\u8g\u8g_pb.o
                               0x387a (size before relaxing)
 .debug_str     0x00008ab9       0x88 Src\u8g\u8g_pb8v1.o
                               0x3cb1 (size before relaxing)
 .debug_str     0x00008b41       0x59 Src\u8g\u8g_state.o
                               0x379b (size before relaxing)
 .debug_str     0x00008b9a       0x13 Src\userDelay.o
                                0x1b0 (size before relaxing)

.comment        0x00000000       0x7c
 .comment       0x00000000       0x7c Drivers\STM32F1xx_HAL_Driver\Src\stm32f1xx_hal.o
                                 0x7d (size before relaxing)
 .comment       0x0000007c       0x7d Drivers\STM32F1xx_HAL_Driver\Src\stm32f1xx_hal_cortex.o
 .comment       0x0000007c       0x7d Drivers\STM32F1xx_HAL_Driver\Src\stm32f1xx_hal_gpio.o
 .comment       0x0000007c       0x7d Drivers\STM32F1xx_HAL_Driver\Src\stm32f1xx_hal_i2c.o
 .comment       0x0000007c       0x7d Drivers\STM32F1xx_HAL_Driver\Src\stm32f1xx_hal_rcc.o
 .comment       0x0000007c       0x7d Drivers\STM32F1xx_HAL_Driver\Src\stm32f1xx_hal_spi.o
 .comment       0x0000007c       0x7d Drivers\STM32F1xx_HAL_Driver\Src\stm32f1xx_hal_spi_ex.o
 .comment       0x0000007c       0x7d Drivers\STM32F1xx_HAL_Driver\Src\stm32f1xx_hal_tim.o
 .comment       0x0000007c       0x7d Drivers\STM32F1xx_HAL_Driver\Src\stm32f1xx_hal_tim_ex.o
 .comment       0x0000007c       0x7d Drivers\STM32F1xx_HAL_Driver\Src\stm32f1xx_hal_uart.o
 .comment       0x0000007c       0x7d Src\main.o
 .comment       0x0000007c       0x7d Src\stm32f1xx_hal_msp.o
 .comment       0x0000007c       0x7d Src\stm32f1xx_it.o
 .comment       0x0000007c       0x7d Src\system_stm32f1xx.o
 .comment       0x0000007c       0x7d Src\u8g\u8g_arm.o
 .comment       0x0000007c       0x7d Src\u8g\u8g_clip.o
 .comment       0x0000007c       0x7d Src\u8g\u8g_com_api.o
 .comment       0x0000007c       0x7d Src\u8g\u8g_com_null.o
 .comment       0x0000007c       0x7d Src\u8g\u8g_dev_ssd1306_128x64.o
 .comment       0x0000007c       0x7d Src\u8g\u8g_font.o
 .comment       0x0000007c       0x7d Src\u8g\u8g_font_data.o
 .comment       0x0000007c       0x7d Src\u8g\u8g_ll_api.o
 .comment       0x0000007c       0x7d Src\u8g\u8g_page.o
 .comment       0x0000007c       0x7d Src\u8g\u8g_pb.o
 .comment       0x0000007c       0x7d Src\u8g\u8g_pb8v1.o
 .comment       0x0000007c       0x7d Src\u8g\u8g_state.o
 .comment       0x0000007c       0x7d Src\userDelay.o

.debug_frame    0x00000000     0x3e08
 .debug_frame   0x00000000      0x1b0 Drivers\STM32F1xx_HAL_Driver\Src\stm32f1xx_hal.o
 .debug_frame   0x000001b0      0x120 Drivers\STM32F1xx_HAL_Driver\Src\stm32f1xx_hal_cortex.o
 .debug_frame   0x000002d0       0xd4 Drivers\STM32F1xx_HAL_Driver\Src\stm32f1xx_hal_gpio.o
 .debug_frame   0x000003a4      0x684 Drivers\STM32F1xx_HAL_Driver\Src\stm32f1xx_hal_i2c.o
 .debug_frame   0x00000a28      0x150 Drivers\STM32F1xx_HAL_Driver\Src\stm32f1xx_hal_rcc.o
 .debug_frame   0x00000b78      0x570 Drivers\STM32F1xx_HAL_Driver\Src\stm32f1xx_hal_spi.o
 .debug_frame   0x000010e8       0x28 Drivers\STM32F1xx_HAL_Driver\Src\stm32f1xx_hal_spi_ex.o
 .debug_frame   0x00001110      0x854 Drivers\STM32F1xx_HAL_Driver\Src\stm32f1xx_hal_tim.o
 .debug_frame   0x00001964      0x320 Drivers\STM32F1xx_HAL_Driver\Src\stm32f1xx_hal_tim_ex.o
 .debug_frame   0x00001c84      0x4a0 Drivers\STM32F1xx_HAL_Driver\Src\stm32f1xx_hal_uart.o
 .debug_frame   0x00002124       0x88 Src\main.o
 .debug_frame   0x000021ac       0xd0 Src\stm32f1xx_hal_msp.o
 .debug_frame   0x0000227c       0xcc Src\stm32f1xx_it.o
 .debug_frame   0x00002348       0x30 Src\system_stm32f1xx.o
 .debug_frame   0x00002378       0x60 Src\u8g\u8g_arm.o
 .debug_frame   0x000023d8       0x2c Src\u8g\u8g_clip.o
 .debug_frame   0x00002404      0x12c Src\u8g\u8g_com_api.o
 .debug_frame   0x00002530       0x20 Src\u8g\u8g_com_null.o
 .debug_frame   0x00002550       0xec Src\u8g\u8g_dev_ssd1306_128x64.o
 .debug_frame   0x0000263c      0x754 Src\u8g\u8g_font.o
 .debug_frame   0x00002d90      0x378 Src\u8g\u8g_ll_api.o
 .debug_frame   0x00003108       0x48 Src\u8g\u8g_page.o
 .debug_frame   0x00003150       0xa0 Src\u8g\u8g_pb.o
 .debug_frame   0x000031f0       0xb0 Src\u8g\u8g_pb8v1.o
 .debug_frame   0x000032a0       0x40 Src\u8g\u8g_state.o
 .debug_frame   0x000032e0       0x38 Src\userDelay.o
 .debug_frame   0x00003318       0x2c c:/program files (x86)/atollic/truestudio for stm32 9.0.1/armtools/bin/../lib/gcc/arm-atollic-eabi/6.3.1/../../../../arm-atollic-eabi/lib/armv7-m\libc.a(lib_a-init.o)
 .debug_frame   0x00003344       0x20 c:/program files (x86)/atollic/truestudio for stm32 9.0.1/armtools/bin/../lib/gcc/arm-atollic-eabi/6.3.1/../../../../arm-atollic-eabi/lib/armv7-m\libc.a(lib_a-memset.o)
 .debug_frame   0x00003364       0x70 c:/program files (x86)/atollic/truestudio for stm32 9.0.1/armtools/bin/../lib/gcc/arm-atollic-eabi/6.3.1/../../../../arm-atollic-eabi/lib/armv7-m\libc.a(lib_a-sprintf.o)
 .debug_frame   0x000033d4       0x40 c:/program files (x86)/atollic/truestudio for stm32 9.0.1/armtools/bin/../lib/gcc/arm-atollic-eabi/6.3.1/../../../../arm-atollic-eabi/lib/armv7-m\libc.a(lib_a-svfprintf.o)
 .debug_frame   0x00003414       0x6c c:/program files (x86)/atollic/truestudio for stm32 9.0.1/armtools/bin/../lib/gcc/arm-atollic-eabi/6.3.1/../../../../arm-atollic-eabi/lib/armv7-m\libc.a(lib_a-dtoa.o)
 .debug_frame   0x00003480       0x40 c:/program files (x86)/atollic/truestudio for stm32 9.0.1/armtools/bin/../lib/gcc/arm-atollic-eabi/6.3.1/../../../../arm-atollic-eabi/lib/armv7-m\libc.a(lib_a-localeconv.o)
 .debug_frame   0x000034c0       0x30 c:/program files (x86)/atollic/truestudio for stm32 9.0.1/armtools/bin/../lib/gcc/arm-atollic-eabi/6.3.1/../../../../arm-atollic-eabi/lib/armv7-m\libc.a(lib_a-malloc.o)
 .debug_frame   0x000034f0       0x40 c:/program files (x86)/atollic/truestudio for stm32 9.0.1/armtools/bin/../lib/gcc/arm-atollic-eabi/6.3.1/../../../../arm-atollic-eabi/lib/armv7-m\libc.a(lib_a-mallocr.o)
 .debug_frame   0x00003530       0x28 c:/program files (x86)/atollic/truestudio for stm32 9.0.1/armtools/bin/../lib/gcc/arm-atollic-eabi/6.3.1/../../../../arm-atollic-eabi/lib/armv7-m\libc.a(lib_a-memchr-stub.o)
 .debug_frame   0x00003558       0x28 c:/program files (x86)/atollic/truestudio for stm32 9.0.1/armtools/bin/../lib/gcc/arm-atollic-eabi/6.3.1/../../../../arm-atollic-eabi/lib/armv7-m\libc.a(lib_a-memcpy-stub.o)
 .debug_frame   0x00003580       0x30 c:/program files (x86)/atollic/truestudio for stm32 9.0.1/armtools/bin/../lib/gcc/arm-atollic-eabi/6.3.1/../../../../arm-atollic-eabi/lib/armv7-m\libc.a(lib_a-mlock.o)
 .debug_frame   0x000035b0      0x244 c:/program files (x86)/atollic/truestudio for stm32 9.0.1/armtools/bin/../lib/gcc/arm-atollic-eabi/6.3.1/../../../../arm-atollic-eabi/lib/armv7-m\libc.a(lib_a-mprec.o)
 .debug_frame   0x000037f4       0x2c c:/program files (x86)/atollic/truestudio for stm32 9.0.1/armtools/bin/../lib/gcc/arm-atollic-eabi/6.3.1/../../../../arm-atollic-eabi/lib/armv7-m\libc.a(lib_a-sbrkr.o)
 .debug_frame   0x00003820       0x6c c:/program files (x86)/atollic/truestudio for stm32 9.0.1/armtools/bin/../lib/gcc/arm-atollic-eabi/6.3.1/../../../../arm-atollic-eabi/lib/armv7-m\libc.a(lib_a-svfiprintf.o)
 .debug_frame   0x0000388c       0x28 c:/program files (x86)/atollic/truestudio for stm32 9.0.1/armtools/bin/../lib/gcc/arm-atollic-eabi/6.3.1/../../../../arm-atollic-eabi/lib/armv7-m\libc.a(lib_a-callocr.o)
 .debug_frame   0x000038b4       0x60 c:/program files (x86)/atollic/truestudio for stm32 9.0.1/armtools/bin/../lib/gcc/arm-atollic-eabi/6.3.1/../../../../arm-atollic-eabi/lib/armv7-m\libc.a(lib_a-freer.o)
 .debug_frame   0x00003914       0x68 c:/program files (x86)/atollic/truestudio for stm32 9.0.1/armtools/bin/../lib/gcc/arm-atollic-eabi/6.3.1/../../../../arm-atollic-eabi/lib/armv7-m\libc.a(lib_a-locale.o)
 .debug_frame   0x0000397c       0xb0 c:/program files (x86)/atollic/truestudio for stm32 9.0.1/armtools/bin/../lib/gcc/arm-atollic-eabi/6.3.1/../../../../arm-atollic-eabi/lib/armv7-m\libc.a(lib_a-lock.o)
 .debug_frame   0x00003a2c       0x48 c:/program files (x86)/atollic/truestudio for stm32 9.0.1/armtools/bin/../lib/gcc/arm-atollic-eabi/6.3.1/../../../../arm-atollic-eabi/lib/armv7-m\libc.a(lib_a-mbtowc_r.o)
 .debug_frame   0x00003a74       0x28 c:/program files (x86)/atollic/truestudio for stm32 9.0.1/armtools/bin/../lib/gcc/arm-atollic-eabi/6.3.1/../../../../arm-atollic-eabi/lib/armv7-m\libc.a(lib_a-memmove.o)
 .debug_frame   0x00003a9c       0x50 c:/program files (x86)/atollic/truestudio for stm32 9.0.1/armtools/bin/../lib/gcc/arm-atollic-eabi/6.3.1/../../../../arm-atollic-eabi/lib/armv7-m\libc.a(lib_a-reallocr.o)
 .debug_frame   0x00003aec       0x5c c:/program files (x86)/atollic/truestudio for stm32 9.0.1/armtools/bin/../lib/gcc/arm-atollic-eabi/6.3.1/../../../../arm-atollic-eabi/lib/armv7-m\libc.a(lib_a-reent.o)
 .debug_frame   0x00003b48       0x3c c:/program files (x86)/atollic/truestudio for stm32 9.0.1/armtools/bin/../lib/gcc/arm-atollic-eabi/6.3.1/../../../../arm-atollic-eabi/lib/armv7-m\libc.a(lib_a-wctomb_r.o)
 .debug_frame   0x00003b84       0xac c:/program files (x86)/atollic/truestudio for stm32 9.0.1/armtools/bin/../lib/gcc/arm-atollic-eabi/6.3.1/armv7-m\libgcc.a(_arm_addsubdf3.o)
 .debug_frame   0x00003c30       0x50 c:/program files (x86)/atollic/truestudio for stm32 9.0.1/armtools/bin/../lib/gcc/arm-atollic-eabi/6.3.1/armv7-m\libgcc.a(_arm_muldivdf3.o)
 .debug_frame   0x00003c80       0xc4 c:/program files (x86)/atollic/truestudio for stm32 9.0.1/armtools/bin/../lib/gcc/arm-atollic-eabi/6.3.1/armv7-m\libgcc.a(_arm_cmpdf2.o)
 .debug_frame   0x00003d44       0x20 c:/program files (x86)/atollic/truestudio for stm32 9.0.1/armtools/bin/../lib/gcc/arm-atollic-eabi/6.3.1/armv7-m\libgcc.a(_arm_unorddf2.o)
 .debug_frame   0x00003d64       0x24 c:/program files (x86)/atollic/truestudio for stm32 9.0.1/armtools/bin/../lib/gcc/arm-atollic-eabi/6.3.1/armv7-m\libgcc.a(_arm_fixdfsi.o)