00:38:24 **** Rebuild of configuration Debug for project CZY1 ****
Info: Internal Builder is used for build
arm-atollic-eabi-gcc -c -mthumb -mcpu=cortex-m0plus -std=gnu11 -D__weak=__attribute__((weak)) -D__packed=__attribute__((__packed__)) -DUSE_HAL_DRIVER -DSTM32L072xx -I../Inc -I../Drivers/STM32L0xx_HAL_Driver/Inc -I../Drivers/STM32L0xx_HAL_Driver/Inc/Legacy -I../Drivers/CMSIS/Device/ST/STM32L0xx/Include -I../Drivers/CMSIS/Include -Os -ffunction-sections -fdata-sections -g -fstack-usage -Wall -o Drivers\STM32L0xx_HAL_Driver\Src\stm32l0xx_hal_rcc_ex.o ..\Drivers\STM32L0xx_HAL_Driver\Src\stm32l0xx_hal_rcc_ex.c 
arm-atollic-eabi-gcc -c -mthumb -mcpu=cortex-m0plus -std=gnu11 -D__weak=__attribute__((weak)) -D__packed=__attribute__((__packed__)) -DUSE_HAL_DRIVER -DSTM32L072xx -I../Inc -I../Drivers/STM32L0xx_HAL_Driver/Inc -I../Drivers/STM32L0xx_HAL_Driver/Inc/Legacy -I../Drivers/CMSIS/Device/ST/STM32L0xx/Include -I../Drivers/CMSIS/Include -Os -ffunction-sections -fdata-sections -g -fstack-usage -Wall -o Drivers\STM32L0xx_HAL_Driver\Src\stm32l0xx_hal_uart_ex.o ..\Drivers\STM32L0xx_HAL_Driver\Src\stm32l0xx_hal_uart_ex.c 
arm-atollic-eabi-gcc -c -mthumb -mcpu=cortex-m0plus -std=gnu11 -D__weak=__attribute__((weak)) -D__packed=__attribute__((__packed__)) -DUSE_HAL_DRIVER -DSTM32L072xx -I../Inc -I../Drivers/STM32L0xx_HAL_Driver/Inc -I../Drivers/STM32L0xx_HAL_Driver/Inc/Legacy -I../Drivers/CMSIS/Device/ST/STM32L0xx/Include -I../Drivers/CMSIS/Include -Os -ffunction-sections -fdata-sections -g -fstack-usage -Wall -o Drivers\STM32L0xx_HAL_Driver\Src\stm32l0xx_hal_flash.o ..\Drivers\STM32L0xx_HAL_Driver\Src\stm32l0xx_hal_flash.c 
arm-atollic-eabi-gcc -c -mthumb -mcpu=cortex-m0plus -std=gnu11 -D__weak=__attribute__((weak)) -D__packed=__attribute__((__packed__)) -DUSE_HAL_DRIVER -DSTM32L072xx -I../Inc -I../Drivers/STM32L0xx_HAL_Driver/Inc -I../Drivers/STM32L0xx_HAL_Driver/Inc/Legacy -I../Drivers/CMSIS/Device/ST/STM32L0xx/Include -I../Drivers/CMSIS/Include -Os -ffunction-sections -fdata-sections -g -fstack-usage -Wall -o Drivers\STM32L0xx_HAL_Driver\Src\stm32l0xx_hal_uart.o ..\Drivers\STM32L0xx_HAL_Driver\Src\stm32l0xx_hal_uart.c 
arm-atollic-eabi-gcc -c -mthumb -mcpu=cortex-m0plus -std=gnu11 -D__weak=__attribute__((weak)) -D__packed=__attribute__((__packed__)) -DUSE_HAL_DRIVER -DSTM32L072xx -I../Inc -I../Drivers/STM32L0xx_HAL_Driver/Inc -I../Drivers/STM32L0xx_HAL_Driver/Inc/Legacy -I../Drivers/CMSIS/Device/ST/STM32L0xx/Include -I../Drivers/CMSIS/Include -Os -ffunction-sections -fdata-sections -g -fstack-usage -Wall -o Drivers\STM32L0xx_HAL_Driver\Src\stm32l0xx_hal_cortex.o ..\Drivers\STM32L0xx_HAL_Driver\Src\stm32l0xx_hal_cortex.c 
arm-atollic-eabi-gcc -c -mthumb -mcpu=cortex-m0plus -std=gnu11 -D__weak=__attribute__((weak)) -D__packed=__attribute__((__packed__)) -DUSE_HAL_DRIVER -DSTM32L072xx -I../Inc -I../Drivers/STM32L0xx_HAL_Driver/Inc -I../Drivers/STM32L0xx_HAL_Driver/Inc/Legacy -I../Drivers/CMSIS/Device/ST/STM32L0xx/Include -I../Drivers/CMSIS/Include -Os -ffunction-sections -fdata-sections -g -fstack-usage -Wall -o Drivers\STM32L0xx_HAL_Driver\Src\stm32l0xx_hal_i2c.o ..\Drivers\STM32L0xx_HAL_Driver\Src\stm32l0xx_hal_i2c.c 
arm-atollic-eabi-gcc -c -mthumb -mcpu=cortex-m0plus -std=gnu11 -D__weak=__attribute__((weak)) -D__packed=__attribute__((__packed__)) -DUSE_HAL_DRIVER -DSTM32L072xx -I../Inc -I../Drivers/STM32L0xx_HAL_Driver/Inc -I../Drivers/STM32L0xx_HAL_Driver/Inc/Legacy -I../Drivers/CMSIS/Device/ST/STM32L0xx/Include -I../Drivers/CMSIS/Include -Os -ffunction-sections -fdata-sections -g -fstack-usage -Wall -o Src\stm32l0xx_it.o ..\Src\stm32l0xx_it.c 
arm-atollic-eabi-gcc -c -mthumb -mcpu=cortex-m0plus -std=gnu11 -D__weak=__attribute__((weak)) -D__packed=__attribute__((__packed__)) -DUSE_HAL_DRIVER -DSTM32L072xx -I../Inc -I../Drivers/STM32L0xx_HAL_Driver/Inc -I../Drivers/STM32L0xx_HAL_Driver/Inc/Legacy -I../Drivers/CMSIS/Device/ST/STM32L0xx/Include -I../Drivers/CMSIS/Include -Os -ffunction-sections -fdata-sections -g -fstack-usage -Wall -o Drivers\STM32L0xx_HAL_Driver\Src\stm32l0xx_hal_tim.o ..\Drivers\STM32L0xx_HAL_Driver\Src\stm32l0xx_hal_tim.c 
arm-atollic-eabi-gcc -c -mthumb -mcpu=cortex-m0plus -std=gnu11 -D__weak=__attribute__((weak)) -D__packed=__attribute__((__packed__)) -DUSE_HAL_DRIVER -DSTM32L072xx -I../Inc -I../Drivers/STM32L0xx_HAL_Driver/Inc -I../Drivers/STM32L0xx_HAL_Driver/Inc/Legacy -I../Drivers/CMSIS/Device/ST/STM32L0xx/Include -I../Drivers/CMSIS/Include -Os -ffunction-sections -fdata-sections -g -fstack-usage -Wall -o Drivers\STM32L0xx_HAL_Driver\Src\stm32l0xx_hal_flash_ramfunc.o ..\Drivers\STM32L0xx_HAL_Driver\Src\stm32l0xx_hal_flash_ramfunc.c 
arm-atollic-eabi-gcc -c -mthumb -mcpu=cortex-m0plus -std=gnu11 -D__weak=__attribute__((weak)) -D__packed=__attribute__((__packed__)) -DUSE_HAL_DRIVER -DSTM32L072xx -I../Inc -I../Drivers/STM32L0xx_HAL_Driver/Inc -I../Drivers/STM32L0xx_HAL_Driver/Inc/Legacy -I../Drivers/CMSIS/Device/ST/STM32L0xx/Include -I../Drivers/CMSIS/Include -Os -ffunction-sections -fdata-sections -g -fstack-usage -Wall -o Src\main.o ..\Src\main.c 
arm-atollic-eabi-gcc -c -mthumb -mcpu=cortex-m0plus -std=gnu11 -D__weak=__attribute__((weak)) -D__packed=__attribute__((__packed__)) -DUSE_HAL_DRIVER -DSTM32L072xx -I../Inc -I../Drivers/STM32L0xx_HAL_Driver/Inc -I../Drivers/STM32L0xx_HAL_Driver/Inc/Legacy -I../Drivers/CMSIS/Device/ST/STM32L0xx/Include -I../Drivers/CMSIS/Include -Os -ffunction-sections -fdata-sections -g -fstack-usage -Wall -o Drivers\STM32L0xx_HAL_Driver\Src\stm32l0xx_hal_pwr_ex.o ..\Drivers\STM32L0xx_HAL_Driver\Src\stm32l0xx_hal_pwr_ex.c 
arm-atollic-eabi-gcc -c -mthumb -mcpu=cortex-m0plus -std=gnu11 -D__weak=__attribute__((weak)) -D__packed=__attribute__((__packed__)) -DUSE_HAL_DRIVER -DSTM32L072xx -I../Inc -I../Drivers/STM32L0xx_HAL_Driver/Inc -I../Drivers/STM32L0xx_HAL_Driver/Inc/Legacy -I../Drivers/CMSIS/Device/ST/STM32L0xx/Include -I../Drivers/CMSIS/Include -Os -ffunction-sections -fdata-sections -g -fstack-usage -Wall -o Src\stm32l0xx_hal_msp.o ..\Src\stm32l0xx_hal_msp.c 
arm-atollic-eabi-gcc -c -mthumb -mcpu=cortex-m0plus -std=gnu11 -D__weak=__attribute__((weak)) -D__packed=__attribute__((__packed__)) -DUSE_HAL_DRIVER -DSTM32L072xx -I../Inc -I../Drivers/STM32L0xx_HAL_Driver/Inc -I../Drivers/STM32L0xx_HAL_Driver/Inc/Legacy -I../Drivers/CMSIS/Device/ST/STM32L0xx/Include -I../Drivers/CMSIS/Include -Os -ffunction-sections -fdata-sections -g -fstack-usage -Wall -o Drivers\STM32L0xx_HAL_Driver\Src\stm32l0xx_hal_flash_ex.o ..\Drivers\STM32L0xx_HAL_Driver\Src\stm32l0xx_hal_flash_ex.c 
arm-atollic-eabi-gcc -c -mthumb -mcpu=cortex-m0plus -std=gnu11 -D__weak=__attribute__((weak)) -D__packed=__attribute__((__packed__)) -DUSE_HAL_DRIVER -DSTM32L072xx -I../Inc -I../Drivers/STM32L0xx_HAL_Driver/Inc -I../Drivers/STM32L0xx_HAL_Driver/Inc/Legacy -I../Drivers/CMSIS/Device/ST/STM32L0xx/Include -I../Drivers/CMSIS/Include -Os -ffunction-sections -fdata-sections -g -fstack-usage -Wall -o Drivers\STM32L0xx_HAL_Driver\Src\stm32l0xx_hal.o ..\Drivers\STM32L0xx_HAL_Driver\Src\stm32l0xx_hal.c 
arm-atollic-eabi-gcc -c -mthumb -mcpu=cortex-m0plus -std=gnu11 -D__weak=__attribute__((weak)) -D__packed=__attribute__((__packed__)) -DUSE_HAL_DRIVER -DSTM32L072xx -I../Inc -I../Drivers/STM32L0xx_HAL_Driver/Inc -I../Drivers/STM32L0xx_HAL_Driver/Inc/Legacy -I../Drivers/CMSIS/Device/ST/STM32L0xx/Include -I../Drivers/CMSIS/Include -Os -ffunction-sections -fdata-sections -g -fstack-usage -Wall -o Src\system_stm32l0xx.o ..\Src\system_stm32l0xx.c 
arm-atollic-eabi-gcc -c -mthumb -mcpu=cortex-m0plus -std=gnu11 -D__weak=__attribute__((weak)) -D__packed=__attribute__((__packed__)) -DUSE_HAL_DRIVER -DSTM32L072xx -I../Inc -I../Drivers/STM32L0xx_HAL_Driver/Inc -I../Drivers/STM32L0xx_HAL_Driver/Inc/Legacy -I../Drivers/CMSIS/Device/ST/STM32L0xx/Include -I../Drivers/CMSIS/Include -Os -ffunction-sections -fdata-sections -g -fstack-usage -Wall -o Drivers\STM32L0xx_HAL_Driver\Src\stm32l0xx_hal_rcc.o ..\Drivers\STM32L0xx_HAL_Driver\Src\stm32l0xx_hal_rcc.c 
arm-atollic-eabi-gcc -c -mthumb -mcpu=cortex-m0plus -std=gnu11 -D__weak=__attribute__((weak)) -D__packed=__attribute__((__packed__)) -DUSE_HAL_DRIVER -DSTM32L072xx -I../Inc -I../Drivers/STM32L0xx_HAL_Driver/Inc -I../Drivers/STM32L0xx_HAL_Driver/Inc/Legacy -I../Drivers/CMSIS/Device/ST/STM32L0xx/Include -I../Drivers/CMSIS/Include -Os -ffunction-sections -fdata-sections -g -fstack-usage -Wall -o Drivers\STM32L0xx_HAL_Driver\Src\stm32l0xx_hal_dma.o ..\Drivers\STM32L0xx_HAL_Driver\Src\stm32l0xx_hal_dma.c 
arm-atollic-eabi-gcc -c -mthumb -mcpu=cortex-m0plus -g -Wa,--no-warn -x assembler-with-cpp -o startup\startup_stm32l072xx.o ..\startup\startup_stm32l072xx.s 
arm-atollic-eabi-gcc -c -mthumb -mcpu=cortex-m0plus -std=gnu11 -D__weak=__attribute__((weak)) -D__packed=__attribute__((__packed__)) -DUSE_HAL_DRIVER -DSTM32L072xx -I../Inc -I../Drivers/STM32L0xx_HAL_Driver/Inc -I../Drivers/STM32L0xx_HAL_Driver/Inc/Legacy -I../Drivers/CMSIS/Device/ST/STM32L0xx/Include -I../Drivers/CMSIS/Include -Os -ffunction-sections -fdata-sections -g -fstack-usage -Wall -o Drivers\STM32L0xx_HAL_Driver\Src\stm32l0xx_hal_pwr.o ..\Drivers\STM32L0xx_HAL_Driver\Src\stm32l0xx_hal_pwr.c 
arm-atollic-eabi-gcc -c -mthumb -mcpu=cortex-m0plus -std=gnu11 -D__weak=__attribute__((weak)) -D__packed=__attribute__((__packed__)) -DUSE_HAL_DRIVER -DSTM32L072xx -I../Inc -I../Drivers/STM32L0xx_HAL_Driver/Inc -I../Drivers/STM32L0xx_HAL_Driver/Inc/Legacy -I../Drivers/CMSIS/Device/ST/STM32L0xx/Include -I../Drivers/CMSIS/Include -Os -ffunction-sections -fdata-sections -g -fstack-usage -Wall -o Drivers\STM32L0xx_HAL_Driver\Src\stm32l0xx_hal_i2c_ex.o ..\Drivers\STM32L0xx_HAL_Driver\Src\stm32l0xx_hal_i2c_ex.c 
arm-atollic-eabi-gcc -c -mthumb -mcpu=cortex-m0plus -std=gnu11 -D__weak=__attribute__((weak)) -D__packed=__attribute__((__packed__)) -DUSE_HAL_DRIVER -DSTM32L072xx -I../Inc -I../Drivers/STM32L0xx_HAL_Driver/Inc -I../Drivers/STM32L0xx_HAL_Driver/Inc/Legacy -I../Drivers/CMSIS/Device/ST/STM32L0xx/Include -I../Drivers/CMSIS/Include -Os -ffunction-sections -fdata-sections -g -fstack-usage -Wall -o Drivers\STM32L0xx_HAL_Driver\Src\stm32l0xx_hal_gpio.o ..\Drivers\STM32L0xx_HAL_Driver\Src\stm32l0xx_hal_gpio.c 
arm-atollic-eabi-gcc -c -mthumb -mcpu=cortex-m0plus -std=gnu11 -D__weak=__attribute__((weak)) -D__packed=__attribute__((__packed__)) -DUSE_HAL_DRIVER -DSTM32L072xx -I../Inc -I../Drivers/STM32L0xx_HAL_Driver/Inc -I../Drivers/STM32L0xx_HAL_Driver/Inc/Legacy -I../Drivers/CMSIS/Device/ST/STM32L0xx/Include -I../Drivers/CMSIS/Include -Os -ffunction-sections -fdata-sections -g -fstack-usage -Wall -o Drivers\STM32L0xx_HAL_Driver\Src\stm32l0xx_hal_tim_ex.o ..\Drivers\STM32L0xx_HAL_Driver\Src\stm32l0xx_hal_tim_ex.c 
arm-atollic-eabi-gcc -o CZY1.elf Drivers\STM32L0xx_HAL_Driver\Src\stm32l0xx_hal.o Drivers\STM32L0xx_HAL_Driver\Src\stm32l0xx_hal_cortex.o Drivers\STM32L0xx_HAL_Driver\Src\stm32l0xx_hal_dma.o Drivers\STM32L0xx_HAL_Driver\Src\stm32l0xx_hal_flash.o Drivers\STM32L0xx_HAL_Driver\Src\stm32l0xx_hal_flash_ex.o Drivers\STM32L0xx_HAL_Driver\Src\stm32l0xx_hal_flash_ramfunc.o Drivers\STM32L0xx_HAL_Driver\Src\stm32l0xx_hal_gpio.o Drivers\STM32L0xx_HAL_Driver\Src\stm32l0xx_hal_i2c.o Drivers\STM32L0xx_HAL_Driver\Src\stm32l0xx_hal_i2c_ex.o Drivers\STM32L0xx_HAL_Driver\Src\stm32l0xx_hal_pwr.o Drivers\STM32L0xx_HAL_Driver\Src\stm32l0xx_hal_pwr_ex.o Drivers\STM32L0xx_HAL_Driver\Src\stm32l0xx_hal_rcc.o Drivers\STM32L0xx_HAL_Driver\Src\stm32l0xx_hal_rcc_ex.o Drivers\STM32L0xx_HAL_Driver\Src\stm32l0xx_hal_tim.o Drivers\STM32L0xx_HAL_Driver\Src\stm32l0xx_hal_tim_ex.o Drivers\STM32L0xx_HAL_Driver\Src\stm32l0xx_hal_uart.o Drivers\STM32L0xx_HAL_Driver\Src\stm32l0xx_hal_uart_ex.o Src\main.o Src\stm32l0xx_hal_msp.o Src\stm32l0xx_it.o Src\system_stm32l0xx.o startup\startup_stm32l072xx.o -mthumb -mcpu=cortex-m0plus -T../STM32L072CZ_FLASH.ld -Wl,--start-group -lc -lm -Wl,--end-group -specs=nano.specs -specs=nosys.specs -static -Wl,-Map=CZY1.map -Wl,--gc-sections -Wl,--defsym=malloc_getpagesize_P=0x80 
C:\Program Files (x86)\Atollic\TrueSTUDIO for ARM 7.1.0\ide\jre\bin\java -jar C:\Program Files (x86)\Atollic\TrueSTUDIO for ARM 7.1.0\Tools\arm-atollic-reports.jar sizeinfo list C:\Users\sohae\Desktop\STM32F446RET6_HAL\CZY1\Debug\CZY1.elf 
Generate build reports...
Print size information
   text	   data	    bss	    dec	    hex	filename
   7420	     12	   1680	   9112	   2398	C:\Users\sohae\Desktop\STM32F446RET6_HAL\CZY1\Debug\CZY1.elf
Print size information done
Generate listing file
Output sent to: C:\Users\sohae\Desktop\STM32F446RET6_HAL\CZY1\Debug\CZY1.list
Generate listing file done
Generate build reports done

00:38:49 Build Finished (took 25s.117ms)

