11:29:44 **** Incremental Build of configuration Debug for project L151_Code_Conv ****
Info: Internal Builder is used for build
arm-atollic-eabi-gcc -c -mthumb -mcpu=cortex-m3 -std=gnu11 -D__weak=__attribute__((weak)) -D__packed=__attribute__((__packed__)) -DUSE_HAL_DRIVER -DSTM32L151xB -I../Inc -I../Drivers/STM32L1xx_HAL_Driver/Inc -I../Drivers/STM32L1xx_HAL_Driver/Inc/Legacy -I../Drivers/CMSIS/Device/ST/STM32L1xx/Include -I../Drivers/CMSIS/Include -Os -ffunction-sections -fdata-sections -g -fstack-usage -Wall -o Src\main.o ..\Src\main.c 
..\Src\main.c: In function 'Huminity0AdcGet':
..\Src\main.c:113:9: warning: 'getHu0Value' may be used uninitialized in this function [-Wmaybe-uninitialized]
  return (uint8_t)getHu0Value;
         ^~~~~~~~~~~~~~~~~~~~
..\Src\main.c: In function 'Huminity1AdcGet':
..\Src\main.c:142:9: warning: 'getHu0Value' may be used uninitialized in this function [-Wmaybe-uninitialized]
  return (uint8_t)getHu0Value;
         ^~~~~~~~~~~~~~~~~~~~
arm-atollic-eabi-gcc -o L151_Code_Conv.elf Drivers\STM32L1xx_HAL_Driver\Src\stm32l1xx_hal.o Drivers\STM32L1xx_HAL_Driver\Src\stm32l1xx_hal_adc.o Drivers\STM32L1xx_HAL_Driver\Src\stm32l1xx_hal_adc_ex.o Drivers\STM32L1xx_HAL_Driver\Src\stm32l1xx_hal_cortex.o Drivers\STM32L1xx_HAL_Driver\Src\stm32l1xx_hal_dma.o Drivers\STM32L1xx_HAL_Driver\Src\stm32l1xx_hal_flash.o Drivers\STM32L1xx_HAL_Driver\Src\stm32l1xx_hal_flash_ex.o Drivers\STM32L1xx_HAL_Driver\Src\stm32l1xx_hal_flash_ramfunc.o Drivers\STM32L1xx_HAL_Driver\Src\stm32l1xx_hal_gpio.o Drivers\STM32L1xx_HAL_Driver\Src\stm32l1xx_hal_pwr.o Drivers\STM32L1xx_HAL_Driver\Src\stm32l1xx_hal_pwr_ex.o Drivers\STM32L1xx_HAL_Driver\Src\stm32l1xx_hal_rcc.o Drivers\STM32L1xx_HAL_Driver\Src\stm32l1xx_hal_rcc_ex.o Drivers\STM32L1xx_HAL_Driver\Src\stm32l1xx_hal_rtc.o Drivers\STM32L1xx_HAL_Driver\Src\stm32l1xx_hal_rtc_ex.o Drivers\STM32L1xx_HAL_Driver\Src\stm32l1xx_hal_tim.o Drivers\STM32L1xx_HAL_Driver\Src\stm32l1xx_hal_tim_ex.o Drivers\STM32L1xx_HAL_Driver\Src\stm32l1xx_hal_uart.o Src\main.o Src\stm32l1xx_hal_msp.o Src\stm32l1xx_it.o Src\system_stm32l1xx.o startup\startup_stm32l151xb.o -mthumb -mcpu=cortex-m3 -T../STM32L151CB_FLASH.ld -specs=nosys.specs -static -Wl,-Map=L151_Code_Conv.map -Wl,--gc-sections -Wl,--defsym=malloc_getpagesize_P=0x80 -Wl,--start-group -lc -lm -Wl,--end-group 
C:\Program Files (x86)\Atollic\TrueSTUDIO for STM32 9.0.1\ide\jre\bin\java -jar C:\Program Files (x86)\Atollic\TrueSTUDIO for STM32 9.0.1\Tools\arm-atollic-reports.jar sizeinfo list L151_Code_Conv.elf 
Generate build reports...
Print size information
   text	   data	    bss	    dec	    hex	filename
   7660	     12	   1756	   9428	   24d4	L151_Code_Conv.elf
Print size information done
Generate listing file
Output sent to: L151_Code_Conv.list
Generate listing file done
Generate build reports done
arm-atollic-eabi-objcopy.exe -O ihex L151_Code_Conv.elf L151_Code_Conv.hex 

11:29:45 Build Finished (took 1s.704ms)

