09:53:28 **** Incremental Build of configuration Debug for project L432KC_RNG_TEST_FLASHWRITE ****
Info: Internal Builder is used for build
arm-atollic-eabi-gcc -c -mthumb -mcpu=cortex-m4 -mfloat-abi=hard -mfpu=fpv4-sp-d16 -std=gnu11 -D__weak=__attribute__((weak)) -D__packed=__attribute__((__packed__)) -DUSE_HAL_DRIVER -DSTM32L432xx -DARM_MATH_CM4 -I../Inc -I../Drivers/STM32L4xx_HAL_Driver/Inc -I../Drivers/STM32L4xx_HAL_Driver/Inc/Legacy -I../Drivers/CMSIS/Device/ST/STM32L4xx/Include -I../Drivers/CMSIS/Include -Os -ffunction-sections -fdata-sections -g -fstack-usage -Wall -o Src\main.o ..\Src\main.c 
..\Src\main.c: In function 'main':
..\Src\main.c:243:20: warning: format '%lx' expects argument of type 'long unsigned int', but argument 3 has type 'uint64_t {aka volatile long long unsigned int}' [-Wformat=]
    printf("%lx : %lx\r\n",USER_DATA1,*(__IO uint64_t *)USER_DATA1);
                    ^
..\Src\main.c:244:20: warning: format '%lx' expects argument of type 'long unsigned int', but argument 3 has type 'uint64_t {aka volatile long long unsigned int}' [-Wformat=]
    printf("%lx : %lx\r\n",USER_DATA2,*(__IO uint64_t *)USER_DATA2);
                    ^
..\Src\main.c:245:13: warning: format '%x' expects argument of type 'unsigned int', but argument 2 has type 'long unsigned int' [-Wformat=]
    printf("%x : %x\r\n",USER_DATA3,*(__IO uint64_t *)USER_DATA3);
             ^
..\Src\main.c:245:18: warning: format '%x' expects argument of type 'unsigned int', but argument 3 has type 'uint64_t {aka volatile long long unsigned int}' [-Wformat=]
    printf("%x : %x\r\n",USER_DATA3,*(__IO uint64_t *)USER_DATA3);
                  ^
..\Src\main.c:246:13: warning: format '%x' expects argument of type 'unsigned int', but argument 2 has type 'long unsigned int' [-Wformat=]
    printf("%x : %x\r\n",USER_DATA4,*(__IO uint64_t *)USER_DATA4);
             ^
..\Src\main.c:246:18: warning: format '%x' expects argument of type 'unsigned int', but argument 3 has type 'uint64_t {aka volatile long long unsigned int}' [-Wformat=]
    printf("%x : %x\r\n",USER_DATA4,*(__IO uint64_t *)USER_DATA4);
                  ^
arm-atollic-eabi-gcc -o L432KC_RNG_TEST_FLASHWRITE.elf Drivers\STM32L4xx_HAL_Driver\Src\stm32l4xx_hal.o Drivers\STM32L4xx_HAL_Driver\Src\stm32l4xx_hal_cortex.o Drivers\STM32L4xx_HAL_Driver\Src\stm32l4xx_hal_dma.o Drivers\STM32L4xx_HAL_Driver\Src\stm32l4xx_hal_dma_ex.o Drivers\STM32L4xx_HAL_Driver\Src\stm32l4xx_hal_flash.o Drivers\STM32L4xx_HAL_Driver\Src\stm32l4xx_hal_flash_ex.o Drivers\STM32L4xx_HAL_Driver\Src\stm32l4xx_hal_flash_ramfunc.o Drivers\STM32L4xx_HAL_Driver\Src\stm32l4xx_hal_gpio.o Drivers\STM32L4xx_HAL_Driver\Src\stm32l4xx_hal_i2c.o Drivers\STM32L4xx_HAL_Driver\Src\stm32l4xx_hal_i2c_ex.o Drivers\STM32L4xx_HAL_Driver\Src\stm32l4xx_hal_pwr.o Drivers\STM32L4xx_HAL_Driver\Src\stm32l4xx_hal_pwr_ex.o Drivers\STM32L4xx_HAL_Driver\Src\stm32l4xx_hal_rcc.o Drivers\STM32L4xx_HAL_Driver\Src\stm32l4xx_hal_rcc_ex.o Drivers\STM32L4xx_HAL_Driver\Src\stm32l4xx_hal_rng.o Drivers\STM32L4xx_HAL_Driver\Src\stm32l4xx_hal_tim.o Drivers\STM32L4xx_HAL_Driver\Src\stm32l4xx_hal_tim_ex.o Drivers\STM32L4xx_HAL_Driver\Src\stm32l4xx_hal_uart.o Drivers\STM32L4xx_HAL_Driver\Src\stm32l4xx_hal_uart_ex.o Src\main.o Src\stm32l4xx_hal_msp.o Src\stm32l4xx_it.o Src\system_stm32l4xx.o startup\startup_stm32l432xx.o -larm_cortexM4lf_math -mthumb -mcpu=cortex-m4 -mfloat-abi=hard -mfpu=fpv4-sp-d16 -T../STM32L432KC_FLASH.ld -specs=nosys.specs -static -LC:\Users\sohaenglee\STM32Cube\Repository\STM32Cube_FW_L4_V1.13.0\Drivers\CMSIS\Lib\GCC -u _printf_float -Wl,-Map=L432KC_RNG_TEST_FLASHWRITE.map -Wl,--gc-sections -Wl,--defsym=malloc_getpagesize_P=0x80 -Wl,--start-group -lc -lm -Wl,--end-group 
C:\Program Files (x86)\Atollic\TrueSTUDIO for STM32 9.1.0\ide\jre\bin\java -jar C:\Program Files (x86)\Atollic\TrueSTUDIO for STM32 9.1.0\Tools\arm-atollic-reports.jar sizeinfo list L432KC_RNG_TEST_FLASHWRITE.elf 
Generate build reports...
Print size information
   text	   data	    bss	    dec	    hex	filename
  34904	   1692	   1900	  38496	   9660	L432KC_RNG_TEST_FLASHWRITE.elf
Print size information done
Generate listing file
Output sent to: L432KC_RNG_TEST_FLASHWRITE.list
Generate listing file done
Generate build reports done
arm-atollic-eabi-objcopy.exe -O ihex L432KC_RNG_TEST_FLASHWRITE.elf L432KC_RNG_TEST_FLASHWRITE.hex 

09:53:31 Build Finished (took 2s.198ms)

