01:37:26 **** Incremental Build of configuration Debug for project STM32F103_BLUE_LCD ****
Info: Internal Builder is used for build
arm-atollic-eabi-gcc -c -mthumb -mcpu=cortex-m3 -std=gnu11 -D__weak=__attribute__((weak)) -D__packed=__attribute__((__packed__)) -DUSE_HAL_DRIVER -DSTM32F103xB -I../Inc -I../Drivers/STM32F1xx_HAL_Driver/Inc -I../Drivers/STM32F1xx_HAL_Driver/Inc/Legacy -I../Drivers/CMSIS/Device/ST/STM32F1xx/Include -I../Drivers/CMSIS/Include -Os -ffunction-sections -fdata-sections -g -fstack-usage -Wall -o Src\main.o ..\Src\main.c 
arm-atollic-eabi-gcc -o STM32F103_BLUE_LCD.elf Drivers\STM32F1xx_HAL_Driver\Src\stm32f1xx_hal.o Drivers\STM32F1xx_HAL_Driver\Src\stm32f1xx_hal_adc.o Drivers\STM32F1xx_HAL_Driver\Src\stm32f1xx_hal_adc_ex.o Drivers\STM32F1xx_HAL_Driver\Src\stm32f1xx_hal_cortex.o Drivers\STM32F1xx_HAL_Driver\Src\stm32f1xx_hal_dma.o Drivers\STM32F1xx_HAL_Driver\Src\stm32f1xx_hal_flash.o Drivers\STM32F1xx_HAL_Driver\Src\stm32f1xx_hal_flash_ex.o Drivers\STM32F1xx_HAL_Driver\Src\stm32f1xx_hal_gpio.o Drivers\STM32F1xx_HAL_Driver\Src\stm32f1xx_hal_gpio_ex.o Drivers\STM32F1xx_HAL_Driver\Src\stm32f1xx_hal_i2c.o Drivers\STM32F1xx_HAL_Driver\Src\stm32f1xx_hal_pwr.o Drivers\STM32F1xx_HAL_Driver\Src\stm32f1xx_hal_rcc.o Drivers\STM32F1xx_HAL_Driver\Src\stm32f1xx_hal_rcc_ex.o Drivers\STM32F1xx_HAL_Driver\Src\stm32f1xx_hal_spi.o Drivers\STM32F1xx_HAL_Driver\Src\stm32f1xx_hal_spi_ex.o Drivers\STM32F1xx_HAL_Driver\Src\stm32f1xx_hal_tim.o Drivers\STM32F1xx_HAL_Driver\Src\stm32f1xx_hal_tim_ex.o Drivers\STM32F1xx_HAL_Driver\Src\stm32f1xx_hal_uart.o Src\KOR_FONT.o Src\LCD_lib.o Src\LTM022A69B.o Src\main.o Src\stm32f1xx_hal_msp.o Src\stm32f1xx_it.o Src\system_stm32f1xx.o Src\userDelay.o startup\startup_stm32f103xb.o -mthumb -mcpu=cortex-m3 -T../STM32F103C8_FLASH.ld -specs=nosys.specs -static -Wl,-Map=STM32F103_BLUE_LCD.map -Wl,--gc-sections -Wl,--defsym=malloc_getpagesize_P=0x80 -Wl,--start-group -lc -lm -Wl,--end-group 
C:\Program Files (x86)\Atollic\TrueSTUDIO for STM32 9.0.1\ide\jre\bin\java -jar C:\Program Files (x86)\Atollic\TrueSTUDIO for STM32 9.0.1\Tools\arm-atollic-reports.jar sizeinfo list STM32F103_BLUE_LCD.elf 
Generate build reports...
Print size information
   text	   data	    bss	    dec	    hex	filename
  36388	   1792	   2308	  40488	   9e28	STM32F103_BLUE_LCD.elf
Print size information done
Generate listing file
Output sent to: STM32F103_BLUE_LCD.list
Generate listing file done
Generate build reports done
arm-atollic-eabi-objcopy.exe -O ihex STM32F103_BLUE_LCD.elf STM32F103_BLUE_LCD.hex 

01:37:28 Build Finished (took 1s.559ms)

