00:02:47 **** Incremental Build of configuration Debug for project stm746g ****
Info: Internal Builder is used for build
arm-atollic-eabi-gcc -c -mthumb -mcpu=cortex-m7 -mfloat-abi=hard -mfpu=fpv5-sp-d16 -std=gnu11 -D__weak=__attribute__((weak)) -D__packed=__attribute__((__packed__)) -DUSE_HAL_DRIVER -DSTM32F746xx -I../Inc -I../Drivers/STM32F7xx_HAL_Driver/Inc -I../Drivers/STM32F7xx_HAL_Driver/Inc/Legacy -I../Middlewares/Third_Party/FatFs/src/drivers -I../Middlewares/ST/STM32_USB_Host_Library/Core/Inc -I../Middlewares/ST/STM32_USB_Host_Library/Class/CDC/Inc -I../Drivers/CMSIS/Device/ST/STM32F7xx/Include -I../Middlewares/Third_Party/FatFs/src -I../Drivers/CMSIS/Include -Os -ffunction-sections -fdata-sections -g -Wall -o Src\main.o ..\Src\main.c 
arm-atollic-eabi-gcc Drivers\CMSIS\Device\ST\STM32F7xx\Source\Templates\gcc\startup_stm32f746xx.o Drivers\STM32F7xx_HAL_Driver\Src\stm32f7xx_hal.o Drivers\STM32F7xx_HAL_Driver\Src\stm32f7xx_hal_adc.o Drivers\STM32F7xx_HAL_Driver\Src\stm32f7xx_hal_adc_ex.o Drivers\STM32F7xx_HAL_Driver\Src\stm32f7xx_hal_cortex.o Drivers\STM32F7xx_HAL_Driver\Src\stm32f7xx_hal_dcmi.o Drivers\STM32F7xx_HAL_Driver\Src\stm32f7xx_hal_dcmi_ex.o Drivers\STM32F7xx_HAL_Driver\Src\stm32f7xx_hal_dma.o Drivers\STM32F7xx_HAL_Driver\Src\stm32f7xx_hal_dma_ex.o Drivers\STM32F7xx_HAL_Driver\Src\stm32f7xx_hal_dsi.o Drivers\STM32F7xx_HAL_Driver\Src\stm32f7xx_hal_eth.o Drivers\STM32F7xx_HAL_Driver\Src\stm32f7xx_hal_flash.o Drivers\STM32F7xx_HAL_Driver\Src\stm32f7xx_hal_flash_ex.o Drivers\STM32F7xx_HAL_Driver\Src\stm32f7xx_hal_gpio.o Drivers\STM32F7xx_HAL_Driver\Src\stm32f7xx_hal_hcd.o Drivers\STM32F7xx_HAL_Driver\Src\stm32f7xx_hal_i2c.o Drivers\STM32F7xx_HAL_Driver\Src\stm32f7xx_hal_i2c_ex.o Drivers\STM32F7xx_HAL_Driver\Src\stm32f7xx_hal_ltdc.o Drivers\STM32F7xx_HAL_Driver\Src\stm32f7xx_hal_ltdc_ex.o Drivers\STM32F7xx_HAL_Driver\Src\stm32f7xx_hal_pwr.o Drivers\STM32F7xx_HAL_Driver\Src\stm32f7xx_hal_pwr_ex.o Drivers\STM32F7xx_HAL_Driver\Src\stm32f7xx_hal_qspi.o Drivers\STM32F7xx_HAL_Driver\Src\stm32f7xx_hal_rcc.o Drivers\STM32F7xx_HAL_Driver\Src\stm32f7xx_hal_rcc_ex.o Drivers\STM32F7xx_HAL_Driver\Src\stm32f7xx_hal_rtc.o Drivers\STM32F7xx_HAL_Driver\Src\stm32f7xx_hal_rtc_ex.o Drivers\STM32F7xx_HAL_Driver\Src\stm32f7xx_hal_sai.o Drivers\STM32F7xx_HAL_Driver\Src\stm32f7xx_hal_sai_ex.o Drivers\STM32F7xx_HAL_Driver\Src\stm32f7xx_hal_sd.o Drivers\STM32F7xx_HAL_Driver\Src\stm32f7xx_hal_sdram.o Drivers\STM32F7xx_HAL_Driver\Src\stm32f7xx_hal_spdifrx.o Drivers\STM32F7xx_HAL_Driver\Src\stm32f7xx_hal_spi.o Drivers\STM32F7xx_HAL_Driver\Src\stm32f7xx_hal_tim.o Drivers\STM32F7xx_HAL_Driver\Src\stm32f7xx_hal_tim_ex.o Drivers\STM32F7xx_HAL_Driver\Src\stm32f7xx_hal_uart.o Drivers\STM32F7xx_HAL_Driver\Src\stm32f7xx_ll_fmc.o Drivers\STM32F7xx_HAL_Driver\Src\stm32f7xx_ll_sdmmc.o Drivers\STM32F7xx_HAL_Driver\Src\stm32f7xx_ll_usb.o Middlewares\ST\STM32_USB_Host_Library\Class\CDC\Src\usbh_cdc.o Middlewares\ST\STM32_USB_Host_Library\Core\Src\usbh_core.o Middlewares\ST\STM32_USB_Host_Library\Core\Src\usbh_ctlreq.o Middlewares\ST\STM32_USB_Host_Library\Core\Src\usbh_ioreq.o Middlewares\ST\STM32_USB_Host_Library\Core\Src\usbh_pipes.o Middlewares\Third_Party\FatFs\src\diskio.o Middlewares\Third_Party\FatFs\src\drivers\sd_diskio.o Middlewares\Third_Party\FatFs\src\ff.o Middlewares\Third_Party\FatFs\src\ff_gen_drv.o Middlewares\Third_Party\FatFs\src\option\syscall.o Src\bsp_driver_sd.o Src\fatfs.o Src\fatfs_platform.o Src\main.o Src\stm32f7xx_hal_msp.o Src\stm32f7xx_it.o Src\system_stm32f7xx.o Src\usb_host.o Src\usbh_conf.o Src\usbh_platform.o -o stm746g.elf -mthumb -mcpu=cortex-m7 -mfloat-abi=hard -mfpu=fpv5-sp-d16 -T../STM32F746NG_FLASH.ld -Wl,--start-group -lc -lm -Wl,--end-group -specs=nosys.specs -static -Wl,-cref,-u,Reset_Handler -Wl,-Map=stm746g.map -Wl,--gc-sections -Wl,--defsym=malloc_getpagesize_P=0x80 
C:\Program Files (x86)\Atollic\TrueSTUDIO for ARM 7.0.0\ide\jre\bin\java -jar C:\Program Files (x86)\Atollic\TrueSTUDIO for ARM 7.0.0\Tools\arm-atollic-reports.jar sizeinfo list C:\Users\sohae\Desktop\stm32f746g\stm746g\Debug\stm746g.elf 
Generate build reports...
Print size information
   text	   data	    bss	    dec	    hex	filename
  32880	   1332	   5856	  40068	   9c84	C:\Users\sohae\Desktop\stm32f746g\stm746g\Debug\stm746g.elf
Print size information done
Generate listing file
Output sent to: C:\Users\sohae\Desktop\stm32f746g\stm746g\Debug\stm746g.list
Generate listing file done
Generate build reports done

00:02:52 Build Finished (took 5s.317ms)

